[Wed Jun 10 15:09:17 2026] Booting Linux on physical CPU 0x0000000000 [0x412fd050]
[Wed Jun 10 15:09:17 2026] Linux version 6.12.0-opencca-wip (mzh@LAPTOP-LGCRKVO2) (aarch64-linux-gnu-gcc (Ubuntu 11.4.0-1ubuntu1~22.04) 11.4.0, GNU ld (GNU Binutils for Ubuntu) 2.38) #1 SMP PREEMPT Wed Jun 10 11:09:56 CST 2026
[Wed Jun 10 15:09:17 2026] KASLR disabled due to lack of seed
[Wed Jun 10 15:09:17 2026] Machine model: Radxa ROCK 5B
[Wed Jun 10 15:09:17 2026] efi: UEFI not found.
[Wed Jun 10 15:09:17 2026] OF: reserved mem: OVERLAP DETECTED!
                           gap3@1,0 (0x0000000100000000--0x0000000400000000) overlaps with gap1@3,fc000000 (0x00000003fc000000--0x00000003fc500000)
[Wed Jun 10 15:09:17 2026] Reserved memory: created DMA memory pool at 0x00000000e1c80000, size 160 MiB
[Wed Jun 10 15:09:17 2026] OF: reserved mem: initialized node hdmi-receiver-cma, compatible id shared-dma-pool
[Wed Jun 10 15:09:17 2026] OF: reserved mem: 0x00000000e1c80000..0x00000000ebc7ffff (163840 KiB) nomap non-reusable hdmi-receiver-cma
[Wed Jun 10 15:09:17 2026] OF: reserved mem: 0x0000000100000000..0x00000003ffffffff (12582912 KiB) nomap non-reusable gap3@1,0
[Wed Jun 10 15:09:17 2026] OF: reserved mem: 0x00000003fc000000..0x00000003fc4fffff (5120 KiB) nomap non-reusable gap1@3,fc000000
[Wed Jun 10 15:09:17 2026] OF: reserved mem: 0x00000003fff00000..0x00000003ffffffff (1024 KiB) nomap non-reusable gap2@3,fff00000
[Wed Jun 10 15:09:17 2026] NUMA: Faking a node at [mem 0x0000000010200000-0x00000000efffffff]
[Wed Jun 10 15:09:17 2026] NODE_DATA(0) allocated [mem 0xef8c7e80-0xef8ca4bf]
[Wed Jun 10 15:09:17 2026] Zone ranges:
[Wed Jun 10 15:09:17 2026]   DMA      [mem 0x0000000010200000-0x00000000efffffff]
[Wed Jun 10 15:09:17 2026]   DMA32    empty
[Wed Jun 10 15:09:17 2026]   Normal   empty
[Wed Jun 10 15:09:17 2026] Movable zone start for each node
[Wed Jun 10 15:09:17 2026] Early memory node ranges
[Wed Jun 10 15:09:17 2026]   node   0: [mem 0x0000000010200000-0x00000000e1c7ffff]
[Wed Jun 10 15:09:17 2026]   node   0: [mem 0x00000000e1c80000-0x00000000ebc7ffff]
[Wed Jun 10 15:09:17 2026]   node   0: [mem 0x00000000ebc80000-0x00000000efffffff]
[Wed Jun 10 15:09:17 2026] Initmem setup node 0 [mem 0x0000000010200000-0x00000000efffffff]
[Wed Jun 10 15:09:17 2026] On node 0, zone DMA: 512 pages in unavailable ranges
[Wed Jun 10 15:09:17 2026] cma: Reserved 32 MiB at 0x00000000ed600000 on node -1
[Wed Jun 10 15:09:17 2026] psci: probing for conduit method from DT.
[Wed Jun 10 15:09:17 2026] psci: PSCIv1.1 detected in firmware.
[Wed Jun 10 15:09:17 2026] psci: Using standard PSCI v0.2 function IDs
[Wed Jun 10 15:09:17 2026] psci: MIGRATE_INFO_TYPE not supported.
[Wed Jun 10 15:09:17 2026] psci: SMC Calling Convention v1.5
[Wed Jun 10 15:09:17 2026] percpu: Embedded 34 pages/cpu s99480 r8192 d31592 u139264
[Wed Jun 10 15:09:17 2026] pcpu-alloc: s99480 r8192 d31592 u139264 alloc=34*4096
[Wed Jun 10 15:09:17 2026] pcpu-alloc: [0] 0 [0] 1 [0] 2 [0] 3 [0] 4 [0] 5 [0] 6 [0] 7
[Wed Jun 10 15:09:17 2026] Detected VIPT I-cache on CPU0
[Wed Jun 10 15:09:17 2026] CPU features: detected: GIC system register CPU interface
[Wed Jun 10 15:09:17 2026] CPU features: detected: Virtualization Host Extensions
[Wed Jun 10 15:09:17 2026] CPU features: detected: ARM errata 1165522, 1319367, or 1530923
[Wed Jun 10 15:09:17 2026] alternatives: applying boot alternatives
[Wed Jun 10 15:09:17 2026] Kernel command line: root=UUID=94541ef3-02b7-4786-a0ed-70360c0d3cb1 rootwait isolcpus=1,2,3 maxcpus=2 nohlt cpuidle.off=1 rcupdate.rcu_cpu_st maxcpus=2
[Wed Jun 10 15:09:17 2026] Dentry cache hash table entries: 524288 (order: 10, 4194304 bytes, linear)
[Wed Jun 10 15:09:17 2026] Inode-cache hash table entries: 262144 (order: 9, 2097152 bytes, linear)
[Wed Jun 10 15:09:17 2026] Fallback order for Node 0: 0
[Wed Jun 10 15:09:17 2026] Built 1 zonelists, mobility grouping on.  Total pages: 916992
[Wed Jun 10 15:09:17 2026] Policy zone: DMA
[Wed Jun 10 15:09:17 2026] mem auto-init: stack:off, heap alloc:off, heap free:off
[Wed Jun 10 15:09:17 2026] software IO TLB: SWIOTLB bounce buffer size adjusted to 3MB
[Wed Jun 10 15:09:17 2026] software IO TLB: area num 8.
[Wed Jun 10 15:09:17 2026] software IO TLB: SWIOTLB bounce buffer size roundup to 4MB
[Wed Jun 10 15:09:17 2026] software IO TLB: mapped [mem 0x00000000ecc00000-0x00000000ed000000] (4MB)
[Wed Jun 10 15:09:17 2026] SLUB: HWalign=64, Order=0-3, MinObjects=0, CPUs=8, Nodes=1
[Wed Jun 10 15:09:17 2026] trace event string verifier disabled
[Wed Jun 10 15:09:17 2026] rcu: Preemptible hierarchical RCU implementation.
[Wed Jun 10 15:09:17 2026] rcu: 	RCU event tracing is enabled.
[Wed Jun 10 15:09:17 2026] rcu: 	RCU restricting CPUs from NR_CPUS=512 to nr_cpu_ids=8.
[Wed Jun 10 15:09:17 2026] 	Trampoline variant of Tasks RCU enabled.
[Wed Jun 10 15:09:17 2026] 	Tracing variant of Tasks RCU enabled.
[Wed Jun 10 15:09:17 2026] rcu: RCU calculated value of scheduler-enlistment delay is 25 jiffies.
[Wed Jun 10 15:09:17 2026] rcu: Adjusting geometry for rcu_fanout_leaf=16, nr_cpu_ids=8
[Wed Jun 10 15:09:17 2026] RCU Tasks: Setting shift to 3 and lim to 1 rcu_task_cb_adjust=1 rcu_task_cpu_ids=8.
[Wed Jun 10 15:09:17 2026] RCU Tasks Trace: Setting shift to 3 and lim to 1 rcu_task_cb_adjust=1 rcu_task_cpu_ids=8.
[Wed Jun 10 15:09:17 2026] NR_IRQS: 64, nr_irqs: 64, preallocated irqs: 0
[Wed Jun 10 15:09:17 2026] GICv3: GIC: Using split EOI/Deactivate mode
[Wed Jun 10 15:09:17 2026] GICv3: 480 SPIs implemented
[Wed Jun 10 15:09:17 2026] GICv3: 0 Extended SPIs implemented
[Wed Jun 10 15:09:17 2026] GICv3: MBI range [424:479]
[Wed Jun 10 15:09:17 2026] GICv3: Using MBI frame 0x00000000fe610000
[Wed Jun 10 15:09:17 2026] Root IRQ handler: gic_handle_irq
[Wed Jun 10 15:09:17 2026] GICv3: GICv3 features: 16 PPIs
[Wed Jun 10 15:09:17 2026] GICv3: GICD_CTRL.DS=0, SCR_EL3.FIQ=0
[Wed Jun 10 15:09:17 2026] GICv3: CPU0: found redistributor 0 region 0:0x00000000fe680000
[Wed Jun 10 15:09:17 2026] ITS [mem 0xfe640000-0xfe65ffff]
[Wed Jun 10 15:09:17 2026] GIC: enabling workaround for ITS: Rockchip erratum RK3588001
[Wed Jun 10 15:09:17 2026] ITS@0x00000000fe640000: allocated 8192 Devices @10550000 (indirect, esz 8, psz 64K, shr 0)
[Wed Jun 10 15:09:17 2026] ITS@0x00000000fe640000: allocated 32768 Interrupt Collections @10560000 (flat, esz 2, psz 64K, shr 0)
[Wed Jun 10 15:09:17 2026] ITS: using cache flushing for cmd queue
[Wed Jun 10 15:09:17 2026] ITS [mem 0xfe660000-0xfe67ffff]
[Wed Jun 10 15:09:17 2026] GIC: enabling workaround for ITS: Rockchip erratum RK3588001
[Wed Jun 10 15:09:17 2026] ITS@0x00000000fe660000: allocated 8192 Devices @10580000 (indirect, esz 8, psz 64K, shr 0)
[Wed Jun 10 15:09:17 2026] ITS@0x00000000fe660000: allocated 32768 Interrupt Collections @10590000 (flat, esz 2, psz 64K, shr 0)
[Wed Jun 10 15:09:17 2026] ITS: using cache flushing for cmd queue
[Wed Jun 10 15:09:17 2026] GICv3: using LPI property table @0x00000000105a0000
[Wed Jun 10 15:09:17 2026] GIC: using cache flushing for LPI property table
[Wed Jun 10 15:09:17 2026] GICv3: CPU0: using allocated LPI pending table @0x00000000105b0000
[Wed Jun 10 15:09:17 2026] GICv3: GIC: PPI partition interrupt-partition-0[0] { /cpus/cpu@0[0] /cpus/cpu@100[1] /cpus/cpu@200[2] /cpus/cpu@300[3] }
[Wed Jun 10 15:09:17 2026] GICv3: GIC: PPI partition interrupt-partition-1[1] { /cpus/cpu@400[4] /cpus/cpu@500[5] /cpus/cpu@600[6] /cpus/cpu@700[7] }
[Wed Jun 10 15:09:17 2026] rcu: srcu_init: Setting srcu_struct sizes based on contention.
[Wed Jun 10 15:09:17 2026] arch_timer: cp15 timer(s) running at 24.00MHz (phys).
[Wed Jun 10 15:09:17 2026] clocksource: arch_sys_counter: mask: 0xffffffffffffff max_cycles: 0x588fe9dc0, max_idle_ns: 440795202592 ns
[Wed Jun 10 15:09:17 2026] sched_clock: 56 bits at 24MHz, resolution 41ns, wraps every 4398046511097ns
[Wed Jun 10 15:09:17 2026] Console: colour dummy device 80x25
[Wed Jun 10 15:09:17 2026] printk: legacy console [tty0] enabled
[Wed Jun 10 15:09:17 2026] Calibrating delay loop (skipped), value calculated using timer frequency.. 48.00 BogoMIPS (lpj=96000)
[Wed Jun 10 15:09:17 2026] pid_max: default: 32768 minimum: 301
[Wed Jun 10 15:09:17 2026] LSM: initializing lsm=capability
[Wed Jun 10 15:09:17 2026] Mount-cache hash table entries: 8192 (order: 4, 65536 bytes, linear)
[Wed Jun 10 15:09:17 2026] Mountpoint-cache hash table entries: 8192 (order: 4, 65536 bytes, linear)
[Wed Jun 10 15:09:17 2026] rcu: Hierarchical SRCU implementation.
[Wed Jun 10 15:09:17 2026] rcu: 	Max phase no-delay instances is 1000.
[Wed Jun 10 15:09:17 2026] Timer migration: 1 hierarchy levels; 8 children per group; 1 crossnode level
[Wed Jun 10 15:09:17 2026] fsl-mc MSI: msi-controller@fe640000 domain created
[Wed Jun 10 15:09:17 2026] fsl-mc MSI: msi-controller@fe660000 domain created
[Wed Jun 10 15:09:17 2026] EFI services will not be available.
[Wed Jun 10 15:09:17 2026] smp: Bringing up secondary CPUs ...
[Wed Jun 10 15:09:17 2026] Detected VIPT I-cache on CPU1
[Wed Jun 10 15:09:17 2026] GICv3: CPU1: found redistributor 100 region 0:0x00000000fe6a0000
[Wed Jun 10 15:09:17 2026] GICv3: CPU1: using allocated LPI pending table @0x00000000105c0000
[Wed Jun 10 15:09:17 2026] CPU1: Booted secondary processor 0x0000000100 [0x412fd050]
[Wed Jun 10 15:09:17 2026] smp: Brought up 1 node, 2 CPUs
[Wed Jun 10 15:09:17 2026] SMP: Total of 2 processors activated.
[Wed Jun 10 15:09:17 2026] CPU: All CPU(s) started at EL2
[Wed Jun 10 15:09:17 2026] CPU features: detected: 32-bit EL0 Support
[Wed Jun 10 15:09:17 2026] CPU features: detected: 32-bit EL1 Support
[Wed Jun 10 15:09:17 2026] CPU features: detected: Data cache clean to the PoU not required for I/D coherence
[Wed Jun 10 15:09:17 2026] CPU features: detected: Common not Private translations
[Wed Jun 10 15:09:17 2026] CPU features: detected: CRC32 instructions
[Wed Jun 10 15:09:17 2026] CPU features: detected: RCpc load-acquire (LDAPR)
[Wed Jun 10 15:09:17 2026] CPU features: detected: LSE atomic instructions
[Wed Jun 10 15:09:17 2026] CPU features: detected: Privileged Access Never
[Wed Jun 10 15:09:17 2026] CPU features: detected: RAS Extension Support
[Wed Jun 10 15:09:17 2026] CPU features: detected: Speculative Store Bypassing Safe (SSBS)
[Wed Jun 10 15:09:17 2026] alternatives: applying system-wide alternatives
[Wed Jun 10 15:09:17 2026] Memory: 3320404K/3667968K available (18944K kernel code, 6260K rwdata, 13116K rodata, 12096K init, 783K bss, 307960K reserved, 32768K cma-reserved)
[Wed Jun 10 15:09:17 2026] devtmpfs: initialized
[Wed Jun 10 15:09:17 2026] clocksource: jiffies: mask: 0xffffffff max_cycles: 0xffffffff, max_idle_ns: 7645041785100000 ns
[Wed Jun 10 15:09:17 2026] futex hash table entries: 2048 (order: 5, 131072 bytes, linear)
[Wed Jun 10 15:09:17 2026] 19920 pages in range for non-PLT usage
[Wed Jun 10 15:09:17 2026] 511440 pages in range for PLT usage
[Wed Jun 10 15:09:17 2026] pinctrl core: initialized pinctrl subsystem
[Wed Jun 10 15:09:17 2026] DMI not present or invalid.
[Wed Jun 10 15:09:17 2026] NET: Registered PF_NETLINK/PF_ROUTE protocol family
[Wed Jun 10 15:09:17 2026] DMA: preallocated 512 KiB GFP_KERNEL pool for atomic allocations
[Wed Jun 10 15:09:17 2026] DMA: preallocated 512 KiB GFP_KERNEL|GFP_DMA pool for atomic allocations
[Wed Jun 10 15:09:17 2026] DMA: preallocated 512 KiB GFP_KERNEL|GFP_DMA32 pool for atomic allocations
[Wed Jun 10 15:09:17 2026] audit: initializing netlink subsys (disabled)
[Wed Jun 10 15:09:17 2026] audit: type=2000 audit(0.088:1): state=initialized audit_enabled=0 res=1
[Wed Jun 10 15:09:17 2026] thermal_sys: Registered thermal governor 'step_wise'
[Wed Jun 10 15:09:17 2026] thermal_sys: Registered thermal governor 'power_allocator'
[Wed Jun 10 15:09:17 2026] hw-breakpoint: found 6 breakpoint and 4 watchpoint registers.
[Wed Jun 10 15:09:17 2026] ASID allocator initialised with 65536 entries
[Wed Jun 10 15:09:17 2026] Serial: AMBA PL011 UART driver
[Wed Jun 10 15:09:17 2026] platform fdd90000.vop: Fixed dependency cycle(s) with /hdmi@fde80000
[Wed Jun 10 15:09:17 2026] platform fde80000.hdmi: Fixed dependency cycle(s) with /vop@fdd90000
[Wed Jun 10 15:09:17 2026] platform a41000000.pcie: Fixed dependency cycle(s) with /pcie@fe190000/legacy-interrupt-controller
[Wed Jun 10 15:09:17 2026] gpio gpiochip0: Static allocation of GPIO base is deprecated, use dynamic allocation.
[Wed Jun 10 15:09:17 2026] rockchip-gpio fd8a0000.gpio: probed /pinctrl/gpio@fd8a0000
[Wed Jun 10 15:09:17 2026] gpio gpiochip1: Static allocation of GPIO base is deprecated, use dynamic allocation.
[Wed Jun 10 15:09:17 2026] rockchip-gpio fec20000.gpio: probed /pinctrl/gpio@fec20000
[Wed Jun 10 15:09:17 2026] gpio gpiochip2: Static allocation of GPIO base is deprecated, use dynamic allocation.
[Wed Jun 10 15:09:17 2026] rockchip-gpio fec30000.gpio: probed /pinctrl/gpio@fec30000
[Wed Jun 10 15:09:17 2026] gpio gpiochip3: Static allocation of GPIO base is deprecated, use dynamic allocation.
[Wed Jun 10 15:09:17 2026] rockchip-gpio fec40000.gpio: probed /pinctrl/gpio@fec40000
[Wed Jun 10 15:09:17 2026] gpio gpiochip4: Static allocation of GPIO base is deprecated, use dynamic allocation.
[Wed Jun 10 15:09:17 2026] rockchip-gpio fec50000.gpio: probed /pinctrl/gpio@fec50000
[Wed Jun 10 15:09:17 2026] platform a40000000.pcie: Fixed dependency cycle(s) with /pcie@fe150000/legacy-interrupt-controller
[Wed Jun 10 15:09:17 2026] platform a40800000.pcie: Fixed dependency cycle(s) with /pcie@fe170000/legacy-interrupt-controller
[Wed Jun 10 15:09:17 2026] platform fde80000.hdmi: Fixed dependency cycle(s) with /hdmi0-con
[Wed Jun 10 15:09:17 2026] platform hdmi0-con: Fixed dependency cycle(s) with /hdmi@fde80000
[Wed Jun 10 15:09:17 2026] HugeTLB: registered 1.00 GiB page size, pre-allocated 0 pages
[Wed Jun 10 15:09:17 2026] HugeTLB: 0 KiB vmemmap can be freed for a 1.00 GiB page
[Wed Jun 10 15:09:17 2026] HugeTLB: registered 32.0 MiB page size, pre-allocated 0 pages
[Wed Jun 10 15:09:17 2026] HugeTLB: 0 KiB vmemmap can be freed for a 32.0 MiB page
[Wed Jun 10 15:09:17 2026] HugeTLB: registered 2.00 MiB page size, pre-allocated 0 pages
[Wed Jun 10 15:09:17 2026] HugeTLB: 0 KiB vmemmap can be freed for a 2.00 MiB page
[Wed Jun 10 15:09:17 2026] HugeTLB: registered 64.0 KiB page size, pre-allocated 0 pages
[Wed Jun 10 15:09:17 2026] HugeTLB: 0 KiB vmemmap can be freed for a 64.0 KiB page
[Wed Jun 10 15:09:17 2026] ACPI: Interpreter disabled.
[Wed Jun 10 15:09:17 2026] iommu: Default domain type: Translated
[Wed Jun 10 15:09:17 2026] iommu: DMA domain TLB invalidation policy: strict mode
[Wed Jun 10 15:09:17 2026] SCSI subsystem initialized
[Wed Jun 10 15:09:17 2026] libata version 3.00 loaded.
[Wed Jun 10 15:09:17 2026] usbcore: registered new interface driver usbfs
[Wed Jun 10 15:09:17 2026] usbcore: registered new interface driver hub
[Wed Jun 10 15:09:17 2026] usbcore: registered new device driver usb
[Wed Jun 10 15:09:17 2026] pps_core: LinuxPPS API ver. 1 registered
[Wed Jun 10 15:09:17 2026] pps_core: Software ver. 5.3.6 - Copyright 2005-2007 Rodolfo Giometti <giometti@linux.it>
[Wed Jun 10 15:09:17 2026] PTP clock support registered
[Wed Jun 10 15:09:17 2026] EDAC MC: Ver: 3.0.0
[Wed Jun 10 15:09:17 2026] scmi_core: SCMI protocol bus registered
[Wed Jun 10 15:09:17 2026] FPGA manager framework
[Wed Jun 10 15:09:17 2026] Advanced Linux Sound Architecture Driver Initialized.
[Wed Jun 10 15:09:17 2026] vgaarb: loaded
[Wed Jun 10 15:09:17 2026] clocksource: Switched to clocksource arch_sys_counter
[Wed Jun 10 15:09:18 2026] VFS: Disk quotas dquot_6.6.0
[Wed Jun 10 15:09:18 2026] VFS: Dquot-cache hash table entries: 512 (order 0, 4096 bytes)
[Wed Jun 10 15:09:18 2026] pnp: PnP ACPI: disabled
[Wed Jun 10 15:09:18 2026] NET: Registered PF_INET protocol family
[Wed Jun 10 15:09:18 2026] IP idents hash table entries: 65536 (order: 7, 524288 bytes, linear)
[Wed Jun 10 15:09:18 2026] tcp_listen_portaddr_hash hash table entries: 2048 (order: 3, 32768 bytes, linear)
[Wed Jun 10 15:09:18 2026] Table-perturb hash table entries: 65536 (order: 6, 262144 bytes, linear)
[Wed Jun 10 15:09:18 2026] TCP established hash table entries: 32768 (order: 6, 262144 bytes, linear)
[Wed Jun 10 15:09:18 2026] TCP bind hash table entries: 32768 (order: 8, 1048576 bytes, linear)
[Wed Jun 10 15:09:18 2026] TCP: Hash tables configured (established 32768 bind 32768)
[Wed Jun 10 15:09:18 2026] UDP hash table entries: 2048 (order: 4, 65536 bytes, linear)
[Wed Jun 10 15:09:18 2026] UDP-Lite hash table entries: 2048 (order: 4, 65536 bytes, linear)
[Wed Jun 10 15:09:18 2026] NET: Registered PF_UNIX/PF_LOCAL protocol family
[Wed Jun 10 15:09:18 2026] RPC: Registered named UNIX socket transport module.
[Wed Jun 10 15:09:18 2026] RPC: Registered udp transport module.
[Wed Jun 10 15:09:18 2026] RPC: Registered tcp transport module.
[Wed Jun 10 15:09:18 2026] RPC: Registered tcp-with-tls transport module.
[Wed Jun 10 15:09:18 2026] RPC: Registered tcp NFSv4.1 backchannel transport module.
[Wed Jun 10 15:09:18 2026] PCI: CLS 0 bytes, default 64
[Wed Jun 10 15:09:18 2026] Unpacking initramfs...
[Wed Jun 10 15:09:18 2026] kvm [1]: nv: 554 coarse grained trap handlers
[Wed Jun 10 15:09:18 2026] kvm [1]: RMI ABI version 1.0
[Wed Jun 10 15:09:18 2026] kvm [1]: IPA Size Limit: 40 bits
[Wed Jun 10 15:09:18 2026] kvm [1]: GICv3: no GICV resource entry
[Wed Jun 10 15:09:18 2026] kvm [1]: disabling GICv2 emulation
[Wed Jun 10 15:09:18 2026] kvm [1]: GIC system register CPU interface enabled
[Wed Jun 10 15:09:18 2026] kvm [1]: vgic interrupt IRQ18
[Wed Jun 10 15:09:18 2026] kvm [1]: VHE mode initialized successfully
[Wed Jun 10 15:09:18 2026] Initialise system trusted keyrings
[Wed Jun 10 15:09:18 2026] workingset: timestamp_bits=42 max_order=20 bucket_order=0
[Wed Jun 10 15:09:18 2026] squashfs: version 4.0 (2009/01/31) Phillip Lougher
[Wed Jun 10 15:09:18 2026] NFS: Registering the id_resolver key type
[Wed Jun 10 15:09:18 2026] Key type id_resolver registered
[Wed Jun 10 15:09:18 2026] Key type id_legacy registered
[Wed Jun 10 15:09:18 2026] nfs4filelayout_init: NFSv4 File Layout Driver Registering...
[Wed Jun 10 15:09:18 2026] nfs4flexfilelayout_init: NFSv4 Flexfile Layout Driver Registering...
[Wed Jun 10 15:09:18 2026] fuse: init (API version 7.41)
[Wed Jun 10 15:09:18 2026] 9p: Installing v9fs 9p2000 file system support
[Wed Jun 10 15:09:18 2026] Key type asymmetric registered
[Wed Jun 10 15:09:18 2026] Asymmetric key parser 'x509' registered
[Wed Jun 10 15:09:18 2026] Block layer SCSI generic (bsg) driver version 0.4 loaded (major 245)
[Wed Jun 10 15:09:18 2026] io scheduler mq-deadline registered
[Wed Jun 10 15:09:18 2026] io scheduler kyber registered
[Wed Jun 10 15:09:18 2026] io scheduler bfq registered
[Wed Jun 10 15:09:19 2026] Freeing initrd memory: 15536K
[Wed Jun 10 15:09:19 2026] ledtrig-cpu: registered to indicate activity on CPUs
[Wed Jun 10 15:09:19 2026] dma-pl330 fea10000.dma-controller: Loaded driver for PL330 DMAC-241330
[Wed Jun 10 15:09:19 2026] dma-pl330 fea10000.dma-controller: 	DBUFF-128x8bytes Num_Chans-8 Num_Peri-32 Num_Events-16
[Wed Jun 10 15:09:19 2026] dma-pl330 fea30000.dma-controller: Loaded driver for PL330 DMAC-241330
[Wed Jun 10 15:09:19 2026] dma-pl330 fea30000.dma-controller: 	DBUFF-128x8bytes Num_Chans-8 Num_Peri-32 Num_Events-16
[Wed Jun 10 15:09:19 2026] dma-pl330 fed10000.dma-controller: Loaded driver for PL330 DMAC-241330
[Wed Jun 10 15:09:19 2026] dma-pl330 fed10000.dma-controller: 	DBUFF-128x8bytes Num_Chans-8 Num_Peri-32 Num_Events-16
[Wed Jun 10 15:09:19 2026] Serial: 8250/16550 driver, 4 ports, IRQ sharing enabled
[Wed Jun 10 15:09:19 2026] feb50000.serial: ttyS2 at MMIO 0xfeb50000 (irq = 41, base_baud = 1500000) is a 16550A
[Wed Jun 10 15:09:19 2026] printk: legacy console [ttyS2] enabled
[Wed Jun 10 15:09:19 2026] feb90000.serial: ttyS0 at MMIO 0xfeb90000 (irq = 42, base_baud = 1500000) is a 16550A
[Wed Jun 10 15:09:19 2026] msm_serial: driver initialized
[Wed Jun 10 15:09:19 2026] SuperH (H)SCI(F) driver initialized
[Wed Jun 10 15:09:19 2026] STM32 USART driver initialized
[Wed Jun 10 15:09:19 2026] loop: module loaded
[Wed Jun 10 15:09:19 2026] megasas: 07.727.03.00-rc1
[Wed Jun 10 15:09:19 2026] rockchip-spi feb20000.spi: Runtime PM usage count underflow!
[Wed Jun 10 15:09:19 2026] spi spi2.0: Fixed dependency cycle(s) with /spi@feb20000/pmic@0/regulators/dcdc-reg7
[Wed Jun 10 15:09:19 2026] spi spi2.0: Fixed dependency cycle(s) with /spi@feb20000/pmic@0/dvs3-null-pins
[Wed Jun 10 15:09:19 2026] spi spi2.0: Fixed dependency cycle(s) with /spi@feb20000/pmic@0/dvs2-null-pins
[Wed Jun 10 15:09:19 2026] spi spi2.0: Fixed dependency cycle(s) with /spi@feb20000/pmic@0/dvs1-null-pins
[Wed Jun 10 15:09:19 2026] rk808-regulator rk808-regulator.1.auto: there is no dvs0 gpio
[Wed Jun 10 15:09:19 2026] rk808-regulator rk808-regulator.1.auto: there is no dvs1 gpio
[Wed Jun 10 15:09:20 2026] rockchip-pm-domain fd8d8000.power-management:power-controller: Failed to create device link (0x180) with spi2.0
[Wed Jun 10 15:09:20 2026] tun: Universal TUN/TAP device driver, 1.6
[Wed Jun 10 15:09:20 2026] thunder_xcv, ver 1.0
[Wed Jun 10 15:09:20 2026] thunder_bgx, ver 1.0
[Wed Jun 10 15:09:20 2026] nicpf, ver 1.0
[Wed Jun 10 15:09:20 2026] hns3: Hisilicon Ethernet Network Driver for Hip08 Family - version
[Wed Jun 10 15:09:20 2026] hns3: Copyright (c) 2017 Huawei Corporation.
[Wed Jun 10 15:09:20 2026] hclge is initializing
[Wed Jun 10 15:09:20 2026] e1000: Intel(R) PRO/1000 Network Driver
[Wed Jun 10 15:09:20 2026] e1000: Copyright (c) 1999-2006 Intel Corporation.
[Wed Jun 10 15:09:20 2026] e1000e: Intel(R) PRO/1000 Network Driver
[Wed Jun 10 15:09:20 2026] e1000e: Copyright(c) 1999 - 2015 Intel Corporation.
[Wed Jun 10 15:09:20 2026] igb: Intel(R) Gigabit Ethernet Network Driver
[Wed Jun 10 15:09:20 2026] igb: Copyright (c) 2007-2014 Intel Corporation.
[Wed Jun 10 15:09:20 2026] igbvf: Intel(R) Gigabit Virtual Function Network Driver
[Wed Jun 10 15:09:20 2026] igbvf: Copyright (c) 2009 - 2012 Intel Corporation.
[Wed Jun 10 15:09:20 2026] sky2: driver version 1.30
[Wed Jun 10 15:09:20 2026] VFIO - User Level meta-driver version: 0.3
[Wed Jun 10 15:09:20 2026] ohci-platform fc840000.usb: Generic Platform OHCI controller
[Wed Jun 10 15:09:20 2026] ohci-platform fc840000.usb: new USB bus registered, assigned bus number 1
[Wed Jun 10 15:09:20 2026] ohci-platform fc840000.usb: irq 68, io mem 0xfc840000
[Wed Jun 10 15:09:20 2026] usbcore: registered new interface driver usb-storage
[Wed Jun 10 15:09:20 2026] ehci-platform fc800000.usb: EHCI Host Controller
[Wed Jun 10 15:09:20 2026] ehci-platform fc800000.usb: new USB bus registered, assigned bus number 2
[Wed Jun 10 15:09:20 2026] ehci-platform fc800000.usb: irq 67, io mem 0xfc800000
[Wed Jun 10 15:09:20 2026] ehci-platform fc800000.usb: USB 2.0 started, EHCI 1.00
[Wed Jun 10 15:09:20 2026] hub 2-0:1.0: USB hub found
[Wed Jun 10 15:09:20 2026] hub 2-0:1.0: 1 port detected
[Wed Jun 10 15:09:20 2026] i2c_dev: i2c /dev entries driver
[Wed Jun 10 15:09:20 2026] fan53555-regulator 0-0043: FAN53555 Option[10] Rev[1] Detected!
[Wed Jun 10 15:09:20 2026] fan53555-regulator 0-0042: FAN53555 Option[10] Rev[1] Detected!
[Wed Jun 10 15:09:20 2026] platform fe470000.i2s: Fixed dependency cycle(s) with /i2c@fec90000/audio-codec@11
[Wed Jun 10 15:09:20 2026] i2c 7-0011: Fixed dependency cycle(s) with /i2s@fe470000
[Wed Jun 10 15:09:20 2026] failed to register cpuidle driver
[Wed Jun 10 15:09:20 2026] sdhci: Secure Digital Host Controller Interface driver
[Wed Jun 10 15:09:20 2026] sdhci: Copyright(c) Pierre Ossman
[Wed Jun 10 15:09:20 2026] hub 1-0:1.0: USB hub found
[Wed Jun 10 15:09:20 2026] hub 1-0:1.0: 1 port detected
[Wed Jun 10 15:09:20 2026] Synopsys Designware Multimedia Card Interface Driver
[Wed Jun 10 15:09:20 2026] sdhci-pltfm: SDHCI platform and OF driver helper
[Wed Jun 10 15:09:20 2026] arm-scmi arm-scmi.3.auto: Using scmi_smc_transport
[Wed Jun 10 15:09:20 2026] arm-scmi arm-scmi.3.auto: SCMI max-rx-timeout: 30ms
[Wed Jun 10 15:09:20 2026] scmi_protocol scmi_dev.1: Enabled polling mode TX channel - prot_id:16
[Wed Jun 10 15:09:20 2026] arm-scmi arm-scmi.3.auto: SCMI Notifications - Core Enabled.
[Wed Jun 10 15:09:20 2026] arm-scmi arm-scmi.3.auto: SCMI Protocol v2.0 'rockchip:' Firmware version 0x0
[Wed Jun 10 15:09:20 2026] mmc0: SDHCI controller on fe2e0000.mmc [fe2e0000.mmc] using ADMA
[Wed Jun 10 15:09:20 2026] mmc0: Failed to initialize a non-removable card
[Wed Jun 10 15:09:20 2026] SMCCC: SOC_ID: ARCH_SOC_ID not implemented, skipping ....
[Wed Jun 10 15:09:20 2026] usbcore: registered new interface driver usbhid
[Wed Jun 10 15:09:20 2026] usbhid: USB HID core driver
[Wed Jun 10 15:09:20 2026] hw perfevents: enabled with armv8_cortex_a55 PMU driver, 7 (0,8000003f) counters available
[Wed Jun 10 15:09:20 2026] armv8-pmu pmu-a76: hw perfevents: failed to probe PMU!
[Wed Jun 10 15:09:20 2026] optee: probing for conduit method.
[Wed Jun 10 15:09:20 2026] optee: api uid mismatch
[Wed Jun 10 15:09:20 2026] optee firmware:optee: probe with driver optee failed with error -22
[Wed Jun 10 15:09:20 2026] NET: Registered PF_PACKET protocol family
[Wed Jun 10 15:09:20 2026] 9pnet: Installing 9P2000 support
[Wed Jun 10 15:09:20 2026] Key type dns_resolver registered
[Wed Jun 10 15:09:20 2026] NET: Registered PF_VSOCK protocol family
[Wed Jun 10 15:09:20 2026] registered taskstats version 1
[Wed Jun 10 15:09:20 2026] Loading compiled-in X.509 certificates
[Wed Jun 10 15:09:20 2026] Demotion targets for Node 0: null
[Wed Jun 10 15:09:20 2026] rockchip-dw-pcie a40000000.pcie: host bridge /pcie@fe150000 ranges:
[Wed Jun 10 15:09:20 2026] rockchip-dw-pcie a40000000.pcie:       IO 0x00f0100000..0x00f01fffff -> 0x00f0100000
[Wed Jun 10 15:09:20 2026] rockchip-dw-pcie a40000000.pcie:      MEM 0x00f0200000..0x00f0ffffff -> 0x00f0200000
[Wed Jun 10 15:09:20 2026] rockchip-dw-pcie a40000000.pcie:      MEM 0x0900000000..0x093fffffff -> 0x0040000000
[Wed Jun 10 15:09:20 2026] usb 2-1: new high-speed USB device number 2 using ehci-platform
[Wed Jun 10 15:09:20 2026] rockchip-dw-pcie a40000000.pcie: iATU: unroll T, 8 ob, 8 ib, align 64K, limit 8G
[Wed Jun 10 15:09:20 2026] hub 2-1:1.0: USB hub found
[Wed Jun 10 15:09:20 2026] hub 2-1:1.0: 4 ports detected
[Wed Jun 10 15:09:21 2026] rockchip-dw-pcie a40000000.pcie: Phy link never came up
[Wed Jun 10 15:09:21 2026] rockchip-dw-pcie a40000000.pcie: PCI host bridge to bus 0000:00
[Wed Jun 10 15:09:21 2026] pci_bus 0000:00: root bus resource [bus 00-0f]
[Wed Jun 10 15:09:21 2026] pci_bus 0000:00: root bus resource [io  0x0000-0xfffff] (bus address [0xf0100000-0xf01fffff])
[Wed Jun 10 15:09:21 2026] pci_bus 0000:00: root bus resource [mem 0xf0200000-0xf0ffffff]
[Wed Jun 10 15:09:21 2026] pci_bus 0000:00: root bus resource [mem 0x900000000-0x93fffffff] (bus address [0x40000000-0x7fffffff])
[Wed Jun 10 15:09:21 2026] pci 0000:00:00.0: [1d87:3588] type 01 class 0x060400 PCIe Root Port
[Wed Jun 10 15:09:21 2026] pci 0000:00:00.0: BAR 0 [mem 0x00000000-0x3fffffff]
[Wed Jun 10 15:09:21 2026] pci 0000:00:00.0: BAR 1 [mem 0x00000000-0x3fffffff]
[Wed Jun 10 15:09:21 2026] pci 0000:00:00.0: ROM [mem 0x00000000-0x0000ffff pref]
[Wed Jun 10 15:09:21 2026] pci 0000:00:00.0: PCI bridge to [bus 01-ff]
[Wed Jun 10 15:09:21 2026] pci 0000:00:00.0:   bridge window [io  0x0000-0x0fff]
[Wed Jun 10 15:09:21 2026] pci 0000:00:00.0:   bridge window [mem 0x00000000-0x000fffff]
[Wed Jun 10 15:09:21 2026] pci 0000:00:00.0:   bridge window [mem 0x00000000-0x000fffff 64bit pref]
[Wed Jun 10 15:09:21 2026] pci 0000:00:00.0: supports D1 D2
[Wed Jun 10 15:09:21 2026] pci 0000:00:00.0: PME# supported from D0 D1 D3hot
[Wed Jun 10 15:09:21 2026] pci_bus 0000:01: busn_res: can not insert [bus 01-ff] under [bus 00-0f] (conflicts with (null) [bus 00-0f])
[Wed Jun 10 15:09:21 2026] pci 0000:00:00.0: BAR 0 [mem 0x900000000-0x93fffffff]: assigned
[Wed Jun 10 15:09:21 2026] pci 0000:00:00.0: BAR 1 [mem size 0x40000000]: can't assign; no space
[Wed Jun 10 15:09:21 2026] pci 0000:00:00.0: BAR 1 [mem size 0x40000000]: failed to assign
[Wed Jun 10 15:09:21 2026] pci 0000:00:00.0: ROM [mem 0xf0200000-0xf020ffff pref]: assigned
[Wed Jun 10 15:09:21 2026] pci 0000:00:00.0: PCI bridge to [bus 01-ff]
[Wed Jun 10 15:09:21 2026] pci_bus 0000:00: Some PCI device resources are unassigned, try booting with pci=realloc
[Wed Jun 10 15:09:21 2026] pci_bus 0000:00: resource 4 [io  0x0000-0xfffff]
[Wed Jun 10 15:09:21 2026] pci_bus 0000:00: resource 5 [mem 0xf0200000-0xf0ffffff]
[Wed Jun 10 15:09:21 2026] pci_bus 0000:00: resource 6 [mem 0x900000000-0x93fffffff]
[Wed Jun 10 15:09:21 2026] pcieport 0000:00:00.0: PME: Signaling with IRQ 87
[Wed Jun 10 15:09:21 2026] pcieport 0000:00:00.0: AER: enabled with IRQ 88
[Wed Jun 10 15:09:21 2026] ohci-platform fc8c0000.usb: Generic Platform OHCI controller
[Wed Jun 10 15:09:21 2026] ehci-platform fc880000.usb: EHCI Host Controller
[Wed Jun 10 15:09:21 2026] ohci-platform fc8c0000.usb: new USB bus registered, assigned bus number 3
[Wed Jun 10 15:09:21 2026] ohci-platform fc8c0000.usb: irq 90, io mem 0xfc8c0000
[Wed Jun 10 15:09:21 2026] ehci-platform fc880000.usb: new USB bus registered, assigned bus number 4
[Wed Jun 10 15:09:21 2026] ehci-platform fc880000.usb: irq 89, io mem 0xfc880000
[Wed Jun 10 15:09:21 2026] cpufreq: cpufreq_online: CPU0: Running at unlisted initial frequency: 816000 KHz, changing to: 1008000 KHz
[Wed Jun 10 15:09:21 2026] cpu cpu0: EM: created perf domain
[Wed Jun 10 15:09:21 2026] dwmmc_rockchip fe2c0000.mmc: IDMAC supports 32-bit address mode.
[Wed Jun 10 15:09:21 2026] dwmmc_rockchip fe2d0000.mmc: IDMAC supports 32-bit address mode.
[Wed Jun 10 15:09:21 2026] dwmmc_rockchip fe2d0000.mmc: Using internal DMA controller.
[Wed Jun 10 15:09:21 2026] dwmmc_rockchip fe2d0000.mmc: Version ID is 270a
[Wed Jun 10 15:09:21 2026] dwmmc_rockchip fe2d0000.mmc: DW MMC controller at irq 92,32 bit host data width,256 deep fifo
[Wed Jun 10 15:09:21 2026] ehci-platform fc880000.usb: USB 2.0 started, EHCI 1.00
[Wed Jun 10 15:09:21 2026] dwmmc_rockchip fe2c0000.mmc: Using internal DMA controller.
[Wed Jun 10 15:09:21 2026] dwmmc_rockchip fe2c0000.mmc: Version ID is 270a
[Wed Jun 10 15:09:21 2026] dwmmc_rockchip fe2c0000.mmc: DW MMC controller at irq 91,32 bit host data width,256 deep fifo
[Wed Jun 10 15:09:21 2026] hub 4-0:1.0: USB hub found
[Wed Jun 10 15:09:21 2026] hub 4-0:1.0: 1 port detected
[Wed Jun 10 15:09:21 2026] clk: Disabling unused clocks
[Wed Jun 10 15:09:21 2026] mmc_host mmc2: card is non-removable.
[Wed Jun 10 15:09:21 2026] PM: genpd: Disabling unused power domains
[Wed Jun 10 15:09:21 2026] ALSA device list:
[Wed Jun 10 15:09:21 2026]   No soundcards found.
[Wed Jun 10 15:09:21 2026] mmc_host mmc1: card is polling.
[Wed Jun 10 15:09:21 2026] dw-apb-uart feb50000.serial: forbid DMA for kernel console
[Wed Jun 10 15:09:21 2026] mmc_host mmc2: Bus speed (slot 0) = 400000Hz (slot req 400000Hz, actual 400000HZ div = 0)
[Wed Jun 10 15:09:21 2026] mmc_host mmc1: Bus speed (slot 0) = 400000Hz (slot req 400000Hz, actual 400000HZ div = 0)
[Wed Jun 10 15:09:21 2026] hub 3-0:1.0: USB hub found
[Wed Jun 10 15:09:21 2026] hub 3-0:1.0: 1 port detected
[Wed Jun 10 15:09:21 2026] Freeing unused kernel memory: 12096K
[Wed Jun 10 15:09:21 2026] Checked W+X mappings: passed, no W+X pages found
[Wed Jun 10 15:09:21 2026] Run /init as init process
[Wed Jun 10 15:09:21 2026]   with arguments:
[Wed Jun 10 15:09:21 2026]     /init
[Wed Jun 10 15:09:21 2026]   with environment:
[Wed Jun 10 15:09:21 2026]     HOME=/
[Wed Jun 10 15:09:21 2026]     TERM=linux
[Wed Jun 10 15:09:21 2026] mmc_host mmc1: Bus speed (slot 0) = 24750000Hz (slot req 25000000Hz, actual 24750000HZ div = 0)
[Wed Jun 10 15:09:21 2026] mmc1: new high speed SDHC card at address aaaa
[Wed Jun 10 15:09:21 2026] mmcblk1: mmc1:aaaa SD32G 29.7 GiB
[Wed Jun 10 15:09:21 2026]  mmcblk1: p1 p2 p3
[Wed Jun 10 15:09:22 2026] dwmmc_rockchip fe2d0000.mmc: Busy; trying anyway
[Wed Jun 10 15:09:23 2026] rockchip-vop2 fdd90000.vop: Adding to iommu group 0
[Wed Jun 10 15:09:24 2026] mmc_host mmc2: Timeout sending command (cmd 0x202000 arg 0x0 status 0x80202000)
[Wed Jun 10 15:09:24 2026] mmc_host mmc2: Bus speed (slot 0) = 300000Hz (slot req 300000Hz, actual 300000HZ div = 0)
[Wed Jun 10 15:09:24 2026] rockchip-dw-pcie a41000000.pcie: host bridge /pcie@fe190000 ranges:
[Wed Jun 10 15:09:24 2026] rockchip-dw-pcie a41000000.pcie:       IO 0x00f4100000..0x00f41fffff -> 0x00f4100000
[Wed Jun 10 15:09:24 2026] rockchip-dw-pcie a41000000.pcie:      MEM 0x00f4200000..0x00f4ffffff -> 0x00f4200000
[Wed Jun 10 15:09:24 2026] rockchip-dw-pcie a41000000.pcie:      MEM 0x0a00000000..0x0a3fffffff -> 0x0040000000
[Wed Jun 10 15:09:24 2026] rockchip-dw-pcie a41000000.pcie: iATU: unroll T, 8 ob, 8 ib, align 64K, limit 8G
[Wed Jun 10 15:09:24 2026] rockchip-dw-pcie a41000000.pcie: PCIe Gen.2 x1 link up
[Wed Jun 10 15:09:24 2026] rockchip-dw-pcie a41000000.pcie: PCI host bridge to bus 0004:40
[Wed Jun 10 15:09:24 2026] pci_bus 0004:40: root bus resource [bus 40-4f]
[Wed Jun 10 15:09:24 2026] pci_bus 0004:40: root bus resource [io  0x100000-0x1fffff] (bus address [0xf4100000-0xf41fffff])
[Wed Jun 10 15:09:24 2026] pci_bus 0004:40: root bus resource [mem 0xf4200000-0xf4ffffff]
[Wed Jun 10 15:09:24 2026] pci_bus 0004:40: root bus resource [mem 0xa00000000-0xa3fffffff] (bus address [0x40000000-0x7fffffff])
[Wed Jun 10 15:09:24 2026] rtc-hym8563 6-0051: registered as rtc0
[Wed Jun 10 15:09:24 2026] pci 0004:40:00.0: [1d87:3588] type 01 class 0x060400 PCIe Root Port
[Wed Jun 10 15:09:24 2026] pci 0004:40:00.0: ROM [mem 0x00000000-0x0000ffff pref]
[Wed Jun 10 15:09:24 2026] pci 0004:40:00.0: PCI bridge to [bus 01-ff]
[Wed Jun 10 15:09:24 2026] pci 0004:40:00.0:   bridge window [io  0x0000-0x0fff]
[Wed Jun 10 15:09:24 2026] pci 0004:40:00.0:   bridge window [mem 0x00000000-0x000fffff]
[Wed Jun 10 15:09:24 2026] pci 0004:40:00.0:   bridge window [mem 0x00000000-0x000fffff 64bit pref]
[Wed Jun 10 15:09:24 2026] pci 0004:40:00.0: supports D1 D2
[Wed Jun 10 15:09:24 2026] pci 0004:40:00.0: PME# supported from D0 D1 D3hot
[Wed Jun 10 15:09:24 2026] pci 0004:40:00.0: Primary bus is hard wired to 0
[Wed Jun 10 15:09:24 2026] rtc-hym8563 6-0051: setting system clock to 2026-06-10T15:09:24 UTC (1781104164)
[Wed Jun 10 15:09:24 2026] pci 0004:40:00.0: bridge configuration invalid ([bus 01-ff]), reconfiguring
[Wed Jun 10 15:09:24 2026] pci 0004:41:00.0: [10ec:8125] type 00 class 0x020000 PCIe Endpoint
[Wed Jun 10 15:09:24 2026] pci 0004:41:00.0: BAR 0 [io  0x0000-0x00ff]
[Wed Jun 10 15:09:24 2026] pci 0004:41:00.0: BAR 2 [mem 0x00000000-0x0000ffff 64bit]
[Wed Jun 10 15:09:24 2026] pci 0004:41:00.0: BAR 4 [mem 0x00000000-0x00003fff 64bit]
[Wed Jun 10 15:09:24 2026] pci 0004:41:00.0: supports D1 D2
[Wed Jun 10 15:09:24 2026] pci 0004:41:00.0: PME# supported from D0 D1 D2 D3hot D3cold
[Wed Jun 10 15:09:24 2026] pci_bus 0004:41: busn_res: [bus 41-4f] end is updated to 41
[Wed Jun 10 15:09:24 2026] pci 0004:40:00.0: bridge window [mem 0xf4200000-0xf42fffff]: assigned
[Wed Jun 10 15:09:24 2026] pci 0004:40:00.0: ROM [mem 0xf4300000-0xf430ffff pref]: assigned
[Wed Jun 10 15:09:24 2026] pci 0004:40:00.0: bridge window [io  0x100000-0x100fff]: assigned
[Wed Jun 10 15:09:24 2026] pci 0004:41:00.0: BAR 2 [mem 0xf4200000-0xf420ffff 64bit]: assigned
[Wed Jun 10 15:09:24 2026] pci 0004:41:00.0: BAR 4 [mem 0xf4210000-0xf4213fff 64bit]: assigned
[Wed Jun 10 15:09:24 2026] pci 0004:41:00.0: BAR 0 [io  0x100000-0x1000ff]: assigned
[Wed Jun 10 15:09:24 2026] pci 0004:40:00.0: PCI bridge to [bus 41]
[Wed Jun 10 15:09:24 2026] pci 0004:40:00.0:   bridge window [io  0x100000-0x100fff]
[Wed Jun 10 15:09:24 2026] pci 0004:40:00.0:   bridge window [mem 0xf4200000-0xf42fffff]
[Wed Jun 10 15:09:24 2026] pci_bus 0004:40: resource 4 [io  0x100000-0x1fffff]
[Wed Jun 10 15:09:24 2026] pci_bus 0004:40: resource 5 [mem 0xf4200000-0xf4ffffff]
[Wed Jun 10 15:09:24 2026] pci_bus 0004:40: resource 6 [mem 0xa00000000-0xa3fffffff]
[Wed Jun 10 15:09:24 2026] pci_bus 0004:41: resource 0 [io  0x100000-0x100fff]
[Wed Jun 10 15:09:24 2026] pci_bus 0004:41: resource 1 [mem 0xf4200000-0xf42fffff]
[Wed Jun 10 15:09:24 2026] pcieport 0004:40:00.0: PME: Signaling with IRQ 105
[Wed Jun 10 15:09:24 2026] pcieport 0004:40:00.0: AER: enabled with IRQ 106
[Wed Jun 10 15:09:24 2026] rockchip-dw-pcie a40800000.pcie: host bridge /pcie@fe170000 ranges:
[Wed Jun 10 15:09:24 2026] rockchip-dw-pcie a40800000.pcie:       IO 0x00f2100000..0x00f21fffff -> 0x00f2100000
[Wed Jun 10 15:09:24 2026] rockchip-dw-pcie a40800000.pcie:      MEM 0x00f2200000..0x00f2ffffff -> 0x00f2200000
[Wed Jun 10 15:09:24 2026] rockchip-dw-pcie a40800000.pcie:      MEM 0x0980000000..0x09bfffffff -> 0x0040000000
[Wed Jun 10 15:09:24 2026] rockchip-dw-pcie a40800000.pcie: iATU: unroll T, 8 ob, 8 ib, align 64K, limit 8G
[Wed Jun 10 15:09:24 2026] rockchip-dw-pcie a40800000.pcie: PCIe Gen.1 x1 link up
[Wed Jun 10 15:09:24 2026] rockchip-dw-pcie a40800000.pcie: PCI host bridge to bus 0002:20
[Wed Jun 10 15:09:24 2026] pci_bus 0002:20: root bus resource [bus 20-2f]
[Wed Jun 10 15:09:24 2026] pci_bus 0002:20: root bus resource [io  0x200000-0x2fffff] (bus address [0xf2100000-0xf21fffff])
[Wed Jun 10 15:09:24 2026] pci_bus 0002:20: root bus resource [mem 0xf2200000-0xf2ffffff]
[Wed Jun 10 15:09:24 2026] pci_bus 0002:20: root bus resource [mem 0x980000000-0x9bfffffff] (bus address [0x40000000-0x7fffffff])
[Wed Jun 10 15:09:24 2026] pci 0002:20:00.0: [1d87:3588] type 01 class 0x060400 PCIe Root Port
[Wed Jun 10 15:09:24 2026] pci 0002:20:00.0: ROM [mem 0x00000000-0x0000ffff pref]
[Wed Jun 10 15:09:24 2026] pci 0002:20:00.0: PCI bridge to [bus 01-ff]
[Wed Jun 10 15:09:24 2026] pci 0002:20:00.0:   bridge window [io  0x0000-0x0fff]
[Wed Jun 10 15:09:24 2026] pci 0002:20:00.0:   bridge window [mem 0x00000000-0x000fffff]
[Wed Jun 10 15:09:24 2026] pci 0002:20:00.0:   bridge window [mem 0x00000000-0x000fffff 64bit pref]
[Wed Jun 10 15:09:24 2026] pci 0002:20:00.0: supports D1 D2
[Wed Jun 10 15:09:24 2026] pci 0002:20:00.0: PME# supported from D0 D1 D3hot
[Wed Jun 10 15:09:24 2026] pci 0002:20:00.0: Primary bus is hard wired to 0
[Wed Jun 10 15:09:24 2026] pci 0002:20:00.0: bridge configuration invalid ([bus 01-ff]), reconfiguring
[Wed Jun 10 15:09:24 2026] pci 0002:21:00.0: [10ec:b852] type 00 class 0x028000 PCIe Endpoint
[Wed Jun 10 15:09:24 2026] pci 0002:21:00.0: BAR 0 [io  0x0000-0x00ff]
[Wed Jun 10 15:09:24 2026] pci 0002:21:00.0: BAR 2 [mem 0x00000000-0x000fffff 64bit]
[Wed Jun 10 15:09:24 2026] pci 0002:21:00.0: PME# supported from D0 D3hot D3cold
[Wed Jun 10 15:09:24 2026] pci_bus 0002:21: busn_res: [bus 21-2f] end is updated to 21
[Wed Jun 10 15:09:24 2026] pci 0002:20:00.0: bridge window [mem 0xf2200000-0xf22fffff]: assigned
[Wed Jun 10 15:09:24 2026] pci 0002:20:00.0: ROM [mem 0xf2300000-0xf230ffff pref]: assigned
[Wed Jun 10 15:09:24 2026] pci 0002:20:00.0: bridge window [io  0x200000-0x200fff]: assigned
[Wed Jun 10 15:09:24 2026] pci 0002:21:00.0: BAR 2 [mem 0xf2200000-0xf22fffff 64bit]: assigned
[Wed Jun 10 15:09:24 2026] pci 0002:21:00.0: BAR 0 [io  0x200000-0x2000ff]: assigned
[Wed Jun 10 15:09:24 2026] pci 0002:20:00.0: PCI bridge to [bus 21]
[Wed Jun 10 15:09:24 2026] pci 0002:20:00.0:   bridge window [io  0x200000-0x200fff]
[Wed Jun 10 15:09:24 2026] pci 0002:20:00.0:   bridge window [mem 0xf2200000-0xf22fffff]
[Wed Jun 10 15:09:24 2026] pci_bus 0002:20: resource 4 [io  0x200000-0x2fffff]
[Wed Jun 10 15:09:24 2026] pci_bus 0002:20: resource 5 [mem 0xf2200000-0xf2ffffff]
[Wed Jun 10 15:09:24 2026] pci_bus 0002:20: resource 6 [mem 0x980000000-0x9bfffffff]
[Wed Jun 10 15:09:24 2026] pci_bus 0002:21: resource 0 [io  0x200000-0x200fff]
[Wed Jun 10 15:09:24 2026] pci_bus 0002:21: resource 1 [mem 0xf2200000-0xf22fffff]
[Wed Jun 10 15:09:24 2026] pcieport 0002:20:00.0: PME: Signaling with IRQ 117
[Wed Jun 10 15:09:24 2026] pcieport 0002:20:00.0: AER: enabled with IRQ 118
[Wed Jun 10 15:09:24 2026] rockchip-drm display-subsystem: bound fdd90000.vop (ops vop2_component_ops [rockchipdrm])
[Wed Jun 10 15:09:24 2026] dwhdmiqp-rockchip fde80000.hdmi: registered DesignWare HDMI QP I2C bus driver
[Wed Jun 10 15:09:24 2026] rockchip-drm display-subsystem: bound fde80000.hdmi (ops dw_hdmi_qp_rockchip_ops [rockchipdrm])
[Wed Jun 10 15:09:24 2026] [drm] Initialized rockchip 1.0.0 for display-subsystem on minor 0
[Wed Jun 10 15:09:24 2026] rockchip-drm display-subsystem: [drm] Cannot find any crtc or sizes
[Wed Jun 10 15:09:24 2026] rockchip-drm display-subsystem: [drm] Cannot find any crtc or sizes
[Wed Jun 10 15:09:24 2026] xhci-hcd xhci-hcd.5.auto: xHCI Host Controller
[Wed Jun 10 15:09:24 2026] xhci-hcd xhci-hcd.5.auto: new USB bus registered, assigned bus number 5
[Wed Jun 10 15:09:24 2026] xhci-hcd xhci-hcd.5.auto: hcc params 0x0220fe64 hci version 0x110 quirks 0x0000808002000010
[Wed Jun 10 15:09:24 2026] xhci-hcd xhci-hcd.5.auto: irq 121, io mem 0xfcd00000
[Wed Jun 10 15:09:24 2026] xhci-hcd xhci-hcd.5.auto: xHCI Host Controller
[Wed Jun 10 15:09:24 2026] xhci-hcd xhci-hcd.5.auto: new USB bus registered, assigned bus number 6
[Wed Jun 10 15:09:24 2026] xhci-hcd xhci-hcd.5.auto: Host supports USB 3.0 SuperSpeed
[Wed Jun 10 15:09:25 2026] hub 5-0:1.0: USB hub found
[Wed Jun 10 15:09:25 2026] hub 5-0:1.0: 1 port detected
[Wed Jun 10 15:09:25 2026] usb usb6: We don't know the algorithms for LPM for this host, disabling LPM.
[Wed Jun 10 15:09:25 2026] hub 6-0:1.0: USB hub found
[Wed Jun 10 15:09:25 2026] hub 6-0:1.0: 1 port detected
[Wed Jun 10 15:09:25 2026] xhci-hcd xhci-hcd.6.auto: xHCI Host Controller
[Wed Jun 10 15:09:25 2026] xhci-hcd xhci-hcd.6.auto: new USB bus registered, assigned bus number 7
[Wed Jun 10 15:09:25 2026] xhci-hcd xhci-hcd.6.auto: hcc params 0x0220fe64 hci version 0x110 quirks 0x0000808002000010
[Wed Jun 10 15:09:25 2026] xhci-hcd xhci-hcd.6.auto: irq 123, io mem 0xfc400000
[Wed Jun 10 15:09:25 2026] r8169 0004:41:00.0: enabling device (0000 -> 0003)
[Wed Jun 10 15:09:25 2026] xhci-hcd xhci-hcd.6.auto: xHCI Host Controller
[Wed Jun 10 15:09:25 2026] xhci-hcd xhci-hcd.6.auto: new USB bus registered, assigned bus number 8
[Wed Jun 10 15:09:25 2026] xhci-hcd xhci-hcd.6.auto: Host supports USB 3.0 SuperSpeed
[Wed Jun 10 15:09:25 2026] hub 7-0:1.0: USB hub found
[Wed Jun 10 15:09:25 2026] hub 7-0:1.0: 1 port detected
[Wed Jun 10 15:09:25 2026] usb usb8: We don't know the algorithms for LPM for this host, disabling LPM.
[Wed Jun 10 15:09:25 2026] hub 8-0:1.0: USB hub found
[Wed Jun 10 15:09:25 2026] hub 8-0:1.0: 1 port detected
[Wed Jun 10 15:09:25 2026] r8169 0004:41:00.0 eth0: RTL8125B, 00:e0:4c:0b:07:d5, XID 641, IRQ 124
[Wed Jun 10 15:09:25 2026] r8169 0004:41:00.0 eth0: jumbo features [frames: 9194 bytes, tx checksumming: ko]
[Wed Jun 10 15:09:25 2026] r8169 0004:41:00.0 enP4p65s0: renamed from eth0
[Wed Jun 10 15:09:25 2026] dwmmc_rockchip fe2d0000.mmc: Busy; trying anyway
[Wed Jun 10 15:09:25 2026] EXT4-fs (mmcblk1p3): mounted filesystem 94541ef3-02b7-4786-a0ed-70360c0d3cb1 ro with ordered data mode. Quota mode: none.
[Wed Jun 10 15:09:26 2026] mmc_host mmc2: Timeout sending command (cmd 0x202000 arg 0x0 status 0x80202000)
[Wed Jun 10 15:09:26 2026] mmc_host mmc2: Bus speed (slot 0) = 200000Hz (slot req 200000Hz, actual 200000HZ div = 0)
[Wed Jun 10 15:09:26 2026] dwmmc_rockchip fe2d0000.mmc: Busy; trying anyway
[Wed Jun 10 15:09:27 2026] mmc_host mmc2: Timeout sending command (cmd 0x202000 arg 0x0 status 0x80202000)
[Wed Jun 10 15:09:27 2026] mmc_host mmc2: Bus speed (slot 0) = 187500Hz (slot req 187500Hz, actual 187500HZ div = 0)
[Wed Jun 10 15:09:27 2026] NET: Registered PF_INET6 protocol family
[Wed Jun 10 15:09:27 2026] Segment Routing with IPv6
[Wed Jun 10 15:09:27 2026] In-situ OAM (IOAM) with IPv6
[Wed Jun 10 15:09:27 2026] dwmmc_rockchip fe2d0000.mmc: Busy; trying anyway
[Wed Jun 10 15:09:27 2026] systemd[1]: systemd 257.7-1 running in system mode (+PAM +AUDIT +SELINUX +APPARMOR +IMA +IPE +SMACK +SECCOMP +GCRYPT -GNUTLS +OPENSSL +ACL +BLKID +CURL +ELFUTILS +FIDO2 +IDN2 -IDN +IPTC +KMOD +LIBCRYPTSETUP +LIBCRYPTSETUP_PLUGINS +LIBFDISK +PCRE2 +PWQUALITY +P11KIT +QRENCODE +TPM2 +BZIP2 +LZ4 +XZ +ZLIB +ZSTD +BPF_FRAMEWORK +BTF -XKBCOMMON -UTMP +SYSVINIT +LIBARCHIVE)
[Wed Jun 10 15:09:27 2026] systemd[1]: Detected architecture arm64.
[Wed Jun 10 15:09:28 2026] systemd[1]: Hostname set to <opencca-rock5b-rk3588>.
[Wed Jun 10 15:09:28 2026] systemd[1]: bpf-restrict-fs: BPF LSM hook not enabled in the kernel, BPF LSM not supported.
[Wed Jun 10 15:09:28 2026] mmc_host mmc2: Timeout sending command (cmd 0x202000 arg 0x0 status 0x80202000)
[Wed Jun 10 15:09:28 2026] mmc2: Failed to initialize a non-removable card
[Wed Jun 10 15:09:29 2026] systemd[1]: Queued start job for default target graphical.target.
[Wed Jun 10 15:09:29 2026] systemd[1]: Created slice system-getty.slice - Slice /system/getty.
[Wed Jun 10 15:09:29 2026] systemd[1]: Created slice system-modprobe.slice - Slice /system/modprobe.
[Wed Jun 10 15:09:29 2026] systemd[1]: Created slice system-serial\x2dgetty.slice - Slice /system/serial-getty.
[Wed Jun 10 15:09:29 2026] systemd[1]: Created slice user.slice - User and Session Slice.
[Wed Jun 10 15:09:29 2026] systemd[1]: Started systemd-ask-password-console.path - Dispatch Password Requests to Console Directory Watch.
[Wed Jun 10 15:09:29 2026] systemd[1]: Started systemd-ask-password-wall.path - Forward Password Requests to Wall Directory Watch.
[Wed Jun 10 15:09:29 2026] systemd[1]: Set up automount proc-sys-fs-binfmt_misc.automount - Arbitrary Executable File Formats File System Automount Point.
[Wed Jun 10 15:09:29 2026] systemd[1]: Expecting device dev-ttyS2.device - /dev/ttyS2...
[Wed Jun 10 15:09:29 2026] systemd[1]: Reached target paths.target - Path Units.
[Wed Jun 10 15:09:29 2026] systemd[1]: Reached target remote-fs.target - Remote File Systems.
[Wed Jun 10 15:09:29 2026] systemd[1]: Reached target slices.target - Slice Units.
[Wed Jun 10 15:09:29 2026] systemd[1]: Reached target swap.target - Swaps.
[Wed Jun 10 15:09:29 2026] systemd[1]: Listening on systemd-creds.socket - Credential Encryption/Decryption.
[Wed Jun 10 15:09:29 2026] systemd[1]: Listening on systemd-initctl.socket - initctl Compatibility Named Pipe.
[Wed Jun 10 15:09:29 2026] systemd[1]: Listening on systemd-journald-dev-log.socket - Journal Socket (/dev/log).
[Wed Jun 10 15:09:29 2026] systemd[1]: Listening on systemd-journald.socket - Journal Sockets.
[Wed Jun 10 15:09:29 2026] systemd[1]: Listening on systemd-networkd.socket - Network Service Netlink Socket.
[Wed Jun 10 15:09:29 2026] systemd[1]: systemd-pcrextend.socket - TPM PCR Measurements was skipped because of an unmet condition check (ConditionSecurity=measured-uki).
[Wed Jun 10 15:09:29 2026] systemd[1]: systemd-pcrlock.socket - Make TPM PCR Policy was skipped because of an unmet condition check (ConditionSecurity=measured-uki).
[Wed Jun 10 15:09:29 2026] systemd[1]: Listening on systemd-udevd-control.socket - udev Control Socket.
[Wed Jun 10 15:09:29 2026] systemd[1]: Listening on systemd-udevd-kernel.socket - udev Kernel Socket.
[Wed Jun 10 15:09:29 2026] systemd[1]: Mounting dev-hugepages.mount - Huge Pages File System...
[Wed Jun 10 15:09:29 2026] systemd[1]: Mounting dev-mqueue.mount - POSIX Message Queue File System...
[Wed Jun 10 15:09:29 2026] systemd[1]: Mounting run-lock.mount - Legacy Locks Directory /run/lock...
[Wed Jun 10 15:09:29 2026] systemd[1]: Mounting sys-kernel-debug.mount - Kernel Debug File System...
[Wed Jun 10 15:09:29 2026] systemd[1]: Mounting sys-kernel-tracing.mount - Kernel Trace File System...
[Wed Jun 10 15:09:29 2026] systemd[1]: Mounting tmp.mount - Temporary Directory /tmp...
[Wed Jun 10 15:09:29 2026] systemd[1]: Starting kmod-static-nodes.service - Create List of Static Device Nodes...
[Wed Jun 10 15:09:29 2026] systemd[1]: Starting modprobe@configfs.service - Load Kernel Module configfs...
[Wed Jun 10 15:09:29 2026] systemd[1]: Starting modprobe@dm_mod.service - Load Kernel Module dm_mod...
[Wed Jun 10 15:09:29 2026] systemd[1]: Starting modprobe@drm.service - Load Kernel Module drm...
[Wed Jun 10 15:09:29 2026] systemd[1]: Starting modprobe@efi_pstore.service - Load Kernel Module efi_pstore...
[Wed Jun 10 15:09:29 2026] systemd[1]: Starting modprobe@fuse.service - Load Kernel Module fuse...
[Wed Jun 10 15:09:29 2026] systemd[1]: Starting modprobe@loop.service - Load Kernel Module loop...
[Wed Jun 10 15:09:29 2026] systemd[1]: systemd-fsck-root.service - File System Check on Root Device was skipped because of an unmet condition check (ConditionPathExists=!/run/initramfs/fsck-root).
[Wed Jun 10 15:09:29 2026] systemd[1]: systemd-hibernate-clear.service - Clear Stale Hibernate Storage Info was skipped because of an unmet condition check (ConditionPathExists=/sys/firmware/efi/efivars/HibernateLocation-8cf2644b-4b0b-428f-9387-6d876050dc67).
[Wed Jun 10 15:09:29 2026] systemd[1]: Starting systemd-journald.service - Journal Service...
[Wed Jun 10 15:09:29 2026] systemd[1]: Starting systemd-modules-load.service - Load Kernel Modules...
[Wed Jun 10 15:09:29 2026] systemd[1]: Starting systemd-network-generator.service - Generate network units from Kernel command line...
[Wed Jun 10 15:09:29 2026] systemd[1]: systemd-pcrmachine.service - TPM PCR Machine ID Measurement was skipped because of an unmet condition check (ConditionSecurity=measured-uki).
[Wed Jun 10 15:09:29 2026] systemd[1]: Starting systemd-remount-fs.service - Remount Root and Kernel File Systems...
[Wed Jun 10 15:09:29 2026] systemd[1]: systemd-tpm2-setup-early.service - Early TPM SRK Setup was skipped because of an unmet condition check (ConditionSecurity=measured-uki).
[Wed Jun 10 15:09:29 2026] systemd[1]: Starting systemd-udev-load-credentials.service - Load udev Rules from Credentials...
[Wed Jun 10 15:09:29 2026] systemd[1]: Starting systemd-udev-trigger.service - Coldplug All udev Devices...
[Wed Jun 10 15:09:29 2026] systemd[1]: Mounted dev-hugepages.mount - Huge Pages File System.
[Wed Jun 10 15:09:29 2026] systemd[1]: Mounted dev-mqueue.mount - POSIX Message Queue File System.
[Wed Jun 10 15:09:29 2026] systemd[1]: Mounted run-lock.mount - Legacy Locks Directory /run/lock.
[Wed Jun 10 15:09:29 2026] systemd[1]: Mounted sys-kernel-debug.mount - Kernel Debug File System.
[Wed Jun 10 15:09:29 2026] systemd[1]: Mounted sys-kernel-tracing.mount - Kernel Trace File System.
[Wed Jun 10 15:09:29 2026] systemd[1]: Mounted tmp.mount - Temporary Directory /tmp.
[Wed Jun 10 15:09:29 2026] systemd[1]: Finished kmod-static-nodes.service - Create List of Static Device Nodes.
[Wed Jun 10 15:09:30 2026] systemd[1]: modprobe@drm.service: Deactivated successfully.
[Wed Jun 10 15:09:30 2026] systemd[1]: Finished modprobe@drm.service - Load Kernel Module drm.
[Wed Jun 10 15:09:30 2026] systemd[1]: modprobe@efi_pstore.service: Deactivated successfully.
[Wed Jun 10 15:09:30 2026] systemd[1]: Finished modprobe@efi_pstore.service - Load Kernel Module efi_pstore.
[Wed Jun 10 15:09:30 2026] systemd[1]: modprobe@configfs.service: Deactivated successfully.
[Wed Jun 10 15:09:30 2026] systemd[1]: Finished modprobe@configfs.service - Load Kernel Module configfs.
[Wed Jun 10 15:09:30 2026] systemd[1]: modprobe@fuse.service: Deactivated successfully.
[Wed Jun 10 15:09:30 2026] systemd[1]: Finished modprobe@fuse.service - Load Kernel Module fuse.
[Wed Jun 10 15:09:30 2026] systemd[1]: modprobe@loop.service: Deactivated successfully.
[Wed Jun 10 15:09:30 2026] systemd[1]: Finished modprobe@loop.service - Load Kernel Module loop.
[Wed Jun 10 15:09:30 2026] systemd[1]: Finished systemd-modules-load.service - Load Kernel Modules.
[Wed Jun 10 15:09:30 2026] systemd[1]: Finished systemd-network-generator.service - Generate network units from Kernel command line.
[Wed Jun 10 15:09:30 2026] systemd[1]: Reached target network-pre.target - Preparation for Network.
[Wed Jun 10 15:09:30 2026] systemd[1]: Mounting sys-fs-fuse-connections.mount - FUSE Control File System...
[Wed Jun 10 15:09:30 2026] systemd[1]: Mounting sys-kernel-config.mount - Kernel Configuration File System...
[Wed Jun 10 15:09:30 2026] systemd[1]: Starting systemd-sysctl.service - Apply Kernel Variables...
[Wed Jun 10 15:09:30 2026] systemd[1]: Starting systemd-tmpfiles-setup-dev-early.service - Create Static Device Nodes in /dev gracefully...
[Wed Jun 10 15:09:30 2026] systemd[1]: Mounted sys-fs-fuse-connections.mount - FUSE Control File System.
[Wed Jun 10 15:09:30 2026] systemd[1]: Mounted sys-kernel-config.mount - Kernel Configuration File System.
[Wed Jun 10 15:09:30 2026] device-mapper: ioctl: 4.48.0-ioctl (2023-03-01) initialised: dm-devel@lists.linux.dev
[Wed Jun 10 15:09:30 2026] systemd[1]: modprobe@dm_mod.service: Deactivated successfully.
[Wed Jun 10 15:09:30 2026] systemd-journald[184]: Collecting audit messages is disabled.
[Wed Jun 10 15:09:30 2026] EXT4-fs (mmcblk1p3): re-mounted 94541ef3-02b7-4786-a0ed-70360c0d3cb1 r/w. Quota mode: none.
[Wed Jun 10 15:09:30 2026] systemd[1]: Finished modprobe@dm_mod.service - Load Kernel Module dm_mod.
[Wed Jun 10 15:09:30 2026] systemd[1]: Finished systemd-remount-fs.service - Remount Root and Kernel File Systems.
[Wed Jun 10 15:09:30 2026] systemd[1]: Finished systemd-udev-load-credentials.service - Load udev Rules from Credentials.
[Wed Jun 10 15:09:30 2026] systemd[1]: systemd-hwdb-update.service - Rebuild Hardware Database was skipped because of an unmet condition check (ConditionNeedsUpdate=/etc).
[Wed Jun 10 15:09:30 2026] systemd[1]: systemd-pstore.service - Platform Persistent Storage Archival was skipped because of an unmet condition check (ConditionDirectoryNotEmpty=/sys/fs/pstore).
[Wed Jun 10 15:09:30 2026] systemd[1]: Starting systemd-random-seed.service - Load/Save OS Random Seed...
[Wed Jun 10 15:09:30 2026] systemd[1]: Starting systemd-repart.service - Repartition Root Disk...
[Wed Jun 10 15:09:30 2026] systemd[1]: systemd-tpm2-setup.service - TPM SRK Setup was skipped because of an unmet condition check (ConditionSecurity=measured-uki).
[Wed Jun 10 15:09:30 2026] systemd[1]: Finished systemd-sysctl.service - Apply Kernel Variables.
[Wed Jun 10 15:09:30 2026] systemd[1]: Finished systemd-tmpfiles-setup-dev-early.service - Create Static Device Nodes in /dev gracefully.
[Wed Jun 10 15:09:30 2026] systemd[1]: systemd-sysusers.service - Create System Users was skipped because no trigger condition checks were met.
[Wed Jun 10 15:09:30 2026] systemd[1]: Starting systemd-resolved.service - Network Name Resolution...
[Wed Jun 10 15:09:30 2026] systemd[1]: Starting systemd-timesyncd.service - Network Time Synchronization...
[Wed Jun 10 15:09:30 2026] systemd[1]: Starting systemd-tmpfiles-setup-dev.service - Create Static Device Nodes in /dev...
[Wed Jun 10 15:09:30 2026] systemd[1]: Finished systemd-repart.service - Repartition Root Disk.
[Wed Jun 10 15:09:30 2026] systemd[1]: Starting systemd-growfs-root.service - Grow Root File System...
[Wed Jun 10 15:09:30 2026] systemd[1]: Started systemd-journald.service - Journal Service.
[Wed Jun 10 15:09:30 2026] EXT4-fs (mmcblk1p3): resizing filesystem from 7787643 to 7787643 blocks
[Wed Jun 10 15:09:31 2026] systemd-journald[184]: Received client request to flush runtime journal.
[Wed Jun 10 15:09:31 2026] systemd-journald[184]: File /var/log/journal/4edc908ee7b34dd2a63a4c2002912665/system.journal corrupted or uncleanly shut down, renaming and replacing.
[Wed Jun 10 15:09:33 2026] cfg80211: Loading compiled-in X.509 certificates for regulatory database
[Wed Jun 10 15:09:33 2026] Loaded X.509 cert 'sforshee: 00b28ddf47aef9cea7'
[Wed Jun 10 15:09:33 2026] Loaded X.509 cert 'wens: 61c038651aabdcf94bd0ac7ff06c7248db18c600'
[Wed Jun 10 15:09:33 2026] platform regulatory.0: Direct firmware load for regulatory.db failed with error -2
[Wed Jun 10 15:09:33 2026] cfg80211: failed to load regulatory.db
[Wed Jun 10 15:09:34 2026] RTL8226B_RTL8221B 2.5Gbps PHY r8169-4-4100:00: attached PHY driver (mii_bus:phy_addr=r8169-4-4100:00, irq=MAC)
[Wed Jun 10 15:09:34 2026] r8169 0004:41:00.0 enP4p65s0: Link is Down
[Wed Jun 10 15:09:36 2026] r8169 0004:41:00.0 enP4p65s0: Link is Up - 100Mbps/Full - flow control rx/tx
[Wed Jun 10 15:09:37 2026] mc: Linux media interface: v0.10
[Wed Jun 10 15:09:38 2026] videodev: Linux video capture interface: v2.00
[Wed Jun 10 15:09:39 2026] random: crng init done
[Wed Jun 10 15:09:39 2026] rockchip-thermal fec00000.tsadc: Missing rockchip,grf property
[Wed Jun 10 15:09:39 2026] input: rk805 pwrkey as /devices/platform/feb20000.spi/spi_master/spi2/spi2.0/rk805-pwrkey.2.auto/input/input0
[Wed Jun 10 15:09:39 2026] panthor fb000000.gpu: [drm] clock rate = 198000000
[Wed Jun 10 15:09:39 2026] panthor fb000000.gpu: EM: created perf domain
[Wed Jun 10 15:09:39 2026] panthor fb000000.gpu: [drm] mali-g610 id 0xa867 major 0x0 minor 0x0 status 0x5
[Wed Jun 10 15:09:39 2026] panthor fb000000.gpu: [drm] Features: L2:0x7120306 Tiler:0x809 Mem:0x301 MMU:0x2830 AS:0xff
[Wed Jun 10 15:09:39 2026] panthor fb000000.gpu: [drm] shader_present=0x50005 l2_present=0x1 tiler_present=0x1
[Wed Jun 10 15:09:39 2026] input: rk3588-es8316 Headphones as /devices/platform/analog-sound/sound/card0/input1
[Wed Jun 10 15:09:39 2026] panthor fb000000.gpu: [drm] Firmware protected mode entry not be supported, ignoring
[Wed Jun 10 15:09:39 2026] panthor fb000000.gpu: [drm] CSF FW v1.1.0, Features 0x0 Instrumentation features 0x71
[Wed Jun 10 15:09:39 2026] [drm] Initialized panthor 1.0.0 for fb000000.gpu on minor 1
[Wed Jun 10 15:09:40 2026] snps_hdmirx fdee0000.hdmi_receiver: assigned reserved memory node hdmi-receiver-cma
[Wed Jun 10 15:09:40 2026] hantro-vpu fdb50000.video-codec: Adding to iommu group 1
[Wed Jun 10 15:09:40 2026] hantro-vpu fdb50000.video-codec: registered rockchip,rk3568-vpu-dec as /dev/video1
[Wed Jun 10 15:09:40 2026] hantro-vpu fdba0000.video-codec: Adding to iommu group 2
[Wed Jun 10 15:09:40 2026] hantro-vpu fdba0000.video-codec: registered rockchip,rk3588-vepu121-enc as /dev/video2
[Wed Jun 10 15:09:40 2026] hantro-vpu fdba4000.video-codec: Adding to iommu group 3
[Wed Jun 10 15:09:40 2026] hantro-vpu fdba4000.video-codec: missing multi-core support, ignoring this instance
[Wed Jun 10 15:09:40 2026] hantro-vpu fdba8000.video-codec: Adding to iommu group 4
[Wed Jun 10 15:09:40 2026] hantro-vpu fdba8000.video-codec: missing multi-core support, ignoring this instance
[Wed Jun 10 15:09:40 2026] hantro-vpu fdbac000.video-codec: Adding to iommu group 5
[Wed Jun 10 15:09:40 2026] hantro-vpu fdbac000.video-codec: missing multi-core support, ignoring this instance
[Wed Jun 10 15:09:40 2026] hantro-vpu fdc70000.video-codec: registered rockchip,rk3588-av1-vpu-dec as /dev/video3
[Wed Jun 10 15:09:40 2026] rkvdec2 fdc40000.video-decoder: missing multi-core support, ignoring this instance
[Wed Jun 10 15:09:40 2026] rtw89_8852be 0002:21:00.0: loaded firmware rtw89/rtw8852b_fw-1.bin
[Wed Jun 10 15:09:40 2026] ACPI: <n/a>: failed to evaluate _DSM e8c3a8d2-694b-004f-82bd-fe8607803aa7 rev:0 func:5 (0x1001)
[Wed Jun 10 15:09:40 2026] rtw89_8852be 0002:21:00.0: enabling device (0000 -> 0003)
[Wed Jun 10 15:09:40 2026] rtw89_8852be 0002:21:00.0: Firmware version 0.29.29.8 (39dbf50f), cmd version 0, type 5
[Wed Jun 10 15:09:40 2026] rtw89_8852be 0002:21:00.0: Firmware version 0.29.29.8 (39dbf50f), cmd version 0, type 3
[Wed Jun 10 15:09:41 2026] rtw89_8852be 0002:21:00.0: chip rfe_type is 5
[Wed Jun 10 15:09:41 2026] ACPI: <n/a>: failed to evaluate _DSM e8c3a8d2-694b-004f-82bd-fe8607803aa7 rev:0 func:6 (0x1001)
[Wed Jun 10 15:09:41 2026] rtw89_8852be 0002:21:00.0: rfkill hardware state changed to enable
[Wed Jun 10 15:09:47 2026] systemd-journald[184]: File /var/log/journal/4edc908ee7b34dd2a63a4c2002912665/user-1000.journal corrupted or uncleanly shut down, renaming and replacing.
