Jun 10 15:00:41 opencca-rock5b-rk3588 kernel: Booting Linux on physical CPU 0x0000000000 [0x412fd050]
Jun 10 15:00:41 opencca-rock5b-rk3588 kernel: Linux version 6.12.0-opencca-wip (mzh@LAPTOP-LGCRKVO2) (aarch64-linux-gnu-gcc (Ubuntu 11.4.0-1ubuntu1~22.04) 11.4.0, GNU ld (GNU Binutils for Ubuntu) 2.38) #1 SMP PREEMPT Wed Jun 10 11:09:56 CST 2026
Jun 10 15:00:41 opencca-rock5b-rk3588 kernel: KASLR disabled due to lack of seed
Jun 10 15:00:41 opencca-rock5b-rk3588 kernel: Machine model: Radxa ROCK 5B
Jun 10 15:00:41 opencca-rock5b-rk3588 kernel: efi: UEFI not found.
Jun 10 15:00:41 opencca-rock5b-rk3588 kernel: OF: reserved mem: OVERLAP DETECTED!
                                              gap3@1,0 (0x0000000100000000--0x0000000400000000) overlaps with gap1@3,fc000000 (0x00000003fc000000--0x00000003fc500000)
Jun 10 15:00:41 opencca-rock5b-rk3588 kernel: Reserved memory: created DMA memory pool at 0x00000000e1c80000, size 160 MiB
Jun 10 15:00:41 opencca-rock5b-rk3588 kernel: OF: reserved mem: initialized node hdmi-receiver-cma, compatible id shared-dma-pool
Jun 10 15:00:41 opencca-rock5b-rk3588 kernel: OF: reserved mem: 0x00000000e1c80000..0x00000000ebc7ffff (163840 KiB) nomap non-reusable hdmi-receiver-cma
Jun 10 15:00:41 opencca-rock5b-rk3588 kernel: OF: reserved mem: 0x0000000100000000..0x00000003ffffffff (12582912 KiB) nomap non-reusable gap3@1,0
Jun 10 15:00:41 opencca-rock5b-rk3588 kernel: OF: reserved mem: 0x00000003fc000000..0x00000003fc4fffff (5120 KiB) nomap non-reusable gap1@3,fc000000
Jun 10 15:00:41 opencca-rock5b-rk3588 kernel: OF: reserved mem: 0x00000003fff00000..0x00000003ffffffff (1024 KiB) nomap non-reusable gap2@3,fff00000
Jun 10 15:00:41 opencca-rock5b-rk3588 kernel: NUMA: Faking a node at [mem 0x0000000010200000-0x00000000efffffff]
Jun 10 15:00:41 opencca-rock5b-rk3588 kernel: NODE_DATA(0) allocated [mem 0xef8c7e80-0xef8ca4bf]
Jun 10 15:00:41 opencca-rock5b-rk3588 kernel: Zone ranges:
Jun 10 15:00:41 opencca-rock5b-rk3588 kernel:   DMA      [mem 0x0000000010200000-0x00000000efffffff]
Jun 10 15:00:41 opencca-rock5b-rk3588 kernel:   DMA32    empty
Jun 10 15:00:41 opencca-rock5b-rk3588 kernel:   Normal   empty
Jun 10 15:00:41 opencca-rock5b-rk3588 kernel: Movable zone start for each node
Jun 10 15:00:41 opencca-rock5b-rk3588 kernel: Early memory node ranges
Jun 10 15:00:41 opencca-rock5b-rk3588 kernel:   node   0: [mem 0x0000000010200000-0x00000000e1c7ffff]
Jun 10 15:00:41 opencca-rock5b-rk3588 kernel:   node   0: [mem 0x00000000e1c80000-0x00000000ebc7ffff]
Jun 10 15:00:41 opencca-rock5b-rk3588 kernel:   node   0: [mem 0x00000000ebc80000-0x00000000efffffff]
Jun 10 15:00:41 opencca-rock5b-rk3588 kernel: Initmem setup node 0 [mem 0x0000000010200000-0x00000000efffffff]
Jun 10 15:00:41 opencca-rock5b-rk3588 kernel: On node 0, zone DMA: 512 pages in unavailable ranges
Jun 10 15:00:41 opencca-rock5b-rk3588 kernel: cma: Reserved 32 MiB at 0x00000000ed600000 on node -1
Jun 10 15:00:41 opencca-rock5b-rk3588 kernel: psci: probing for conduit method from DT.
Jun 10 15:00:41 opencca-rock5b-rk3588 kernel: psci: PSCIv1.1 detected in firmware.
Jun 10 15:00:41 opencca-rock5b-rk3588 kernel: psci: Using standard PSCI v0.2 function IDs
Jun 10 15:00:41 opencca-rock5b-rk3588 kernel: psci: MIGRATE_INFO_TYPE not supported.
Jun 10 15:00:41 opencca-rock5b-rk3588 kernel: psci: SMC Calling Convention v1.5
Jun 10 15:00:41 opencca-rock5b-rk3588 kernel: percpu: Embedded 34 pages/cpu s99480 r8192 d31592 u139264
Jun 10 15:00:41 opencca-rock5b-rk3588 kernel: pcpu-alloc: s99480 r8192 d31592 u139264 alloc=34*4096
Jun 10 15:00:41 opencca-rock5b-rk3588 kernel: pcpu-alloc: [0] 0 [0] 1 [0] 2 [0] 3 [0] 4 [0] 5 [0] 6 [0] 7
Jun 10 15:00:41 opencca-rock5b-rk3588 kernel: Detected VIPT I-cache on CPU0
Jun 10 15:00:41 opencca-rock5b-rk3588 kernel: CPU features: detected: GIC system register CPU interface
Jun 10 15:00:41 opencca-rock5b-rk3588 kernel: CPU features: detected: Virtualization Host Extensions
Jun 10 15:00:41 opencca-rock5b-rk3588 kernel: CPU features: detected: ARM errata 1165522, 1319367, or 1530923
Jun 10 15:00:41 opencca-rock5b-rk3588 kernel: alternatives: applying boot alternatives
Jun 10 15:00:41 opencca-rock5b-rk3588 kernel: Kernel command line: root=UUID=94541ef3-02b7-4786-a0ed-70360c0d3cb1 rootwait isolcpus=1,2,3 maxcpus=2 nohlt cpuidle.off=1 rcupdate.rcu_cpu_st maxcpus=2
Jun 10 15:00:41 opencca-rock5b-rk3588 kernel: Dentry cache hash table entries: 524288 (order: 10, 4194304 bytes, linear)
Jun 10 15:00:41 opencca-rock5b-rk3588 kernel: Inode-cache hash table entries: 262144 (order: 9, 2097152 bytes, linear)
Jun 10 15:00:41 opencca-rock5b-rk3588 kernel: Fallback order for Node 0: 0
Jun 10 15:00:41 opencca-rock5b-rk3588 kernel: Built 1 zonelists, mobility grouping on.  Total pages: 916992
Jun 10 15:00:41 opencca-rock5b-rk3588 kernel: Policy zone: DMA
Jun 10 15:00:41 opencca-rock5b-rk3588 kernel: mem auto-init: stack:off, heap alloc:off, heap free:off
Jun 10 15:00:41 opencca-rock5b-rk3588 kernel: software IO TLB: SWIOTLB bounce buffer size adjusted to 3MB
Jun 10 15:00:41 opencca-rock5b-rk3588 kernel: software IO TLB: area num 8.
Jun 10 15:00:41 opencca-rock5b-rk3588 kernel: software IO TLB: SWIOTLB bounce buffer size roundup to 4MB
Jun 10 15:00:41 opencca-rock5b-rk3588 kernel: software IO TLB: mapped [mem 0x00000000ecc00000-0x00000000ed000000] (4MB)
Jun 10 15:00:41 opencca-rock5b-rk3588 kernel: SLUB: HWalign=64, Order=0-3, MinObjects=0, CPUs=8, Nodes=1
Jun 10 15:00:41 opencca-rock5b-rk3588 kernel: trace event string verifier disabled
Jun 10 15:00:41 opencca-rock5b-rk3588 kernel: rcu: Preemptible hierarchical RCU implementation.
Jun 10 15:00:41 opencca-rock5b-rk3588 kernel: rcu:         RCU event tracing is enabled.
Jun 10 15:00:41 opencca-rock5b-rk3588 kernel: rcu:         RCU restricting CPUs from NR_CPUS=512 to nr_cpu_ids=8.
Jun 10 15:00:41 opencca-rock5b-rk3588 kernel:         Trampoline variant of Tasks RCU enabled.
Jun 10 15:00:41 opencca-rock5b-rk3588 kernel:         Tracing variant of Tasks RCU enabled.
Jun 10 15:00:41 opencca-rock5b-rk3588 kernel: rcu: RCU calculated value of scheduler-enlistment delay is 25 jiffies.
Jun 10 15:00:41 opencca-rock5b-rk3588 kernel: rcu: Adjusting geometry for rcu_fanout_leaf=16, nr_cpu_ids=8
Jun 10 15:00:41 opencca-rock5b-rk3588 kernel: RCU Tasks: Setting shift to 3 and lim to 1 rcu_task_cb_adjust=1 rcu_task_cpu_ids=8.
Jun 10 15:00:41 opencca-rock5b-rk3588 kernel: RCU Tasks Trace: Setting shift to 3 and lim to 1 rcu_task_cb_adjust=1 rcu_task_cpu_ids=8.
Jun 10 15:00:41 opencca-rock5b-rk3588 kernel: NR_IRQS: 64, nr_irqs: 64, preallocated irqs: 0
Jun 10 15:00:41 opencca-rock5b-rk3588 kernel: GICv3: GIC: Using split EOI/Deactivate mode
Jun 10 15:00:41 opencca-rock5b-rk3588 kernel: GICv3: 480 SPIs implemented
Jun 10 15:00:41 opencca-rock5b-rk3588 kernel: GICv3: 0 Extended SPIs implemented
Jun 10 15:00:41 opencca-rock5b-rk3588 kernel: GICv3: MBI range [424:479]
Jun 10 15:00:41 opencca-rock5b-rk3588 kernel: GICv3: Using MBI frame 0x00000000fe610000
Jun 10 15:00:41 opencca-rock5b-rk3588 kernel: Root IRQ handler: gic_handle_irq
Jun 10 15:00:41 opencca-rock5b-rk3588 kernel: GICv3: GICv3 features: 16 PPIs
Jun 10 15:00:41 opencca-rock5b-rk3588 kernel: GICv3: GICD_CTRL.DS=0, SCR_EL3.FIQ=0
Jun 10 15:00:41 opencca-rock5b-rk3588 kernel: GICv3: CPU0: found redistributor 0 region 0:0x00000000fe680000
Jun 10 15:00:41 opencca-rock5b-rk3588 kernel: ITS [mem 0xfe640000-0xfe65ffff]
Jun 10 15:00:41 opencca-rock5b-rk3588 kernel: GIC: enabling workaround for ITS: Rockchip erratum RK3588001
Jun 10 15:00:41 opencca-rock5b-rk3588 kernel: ITS@0x00000000fe640000: allocated 8192 Devices @10550000 (indirect, esz 8, psz 64K, shr 0)
Jun 10 15:00:41 opencca-rock5b-rk3588 kernel: ITS@0x00000000fe640000: allocated 32768 Interrupt Collections @10560000 (flat, esz 2, psz 64K, shr 0)
Jun 10 15:00:41 opencca-rock5b-rk3588 kernel: ITS: using cache flushing for cmd queue
Jun 10 15:00:41 opencca-rock5b-rk3588 kernel: ITS [mem 0xfe660000-0xfe67ffff]
Jun 10 15:00:41 opencca-rock5b-rk3588 kernel: GIC: enabling workaround for ITS: Rockchip erratum RK3588001
Jun 10 15:00:41 opencca-rock5b-rk3588 kernel: ITS@0x00000000fe660000: allocated 8192 Devices @10580000 (indirect, esz 8, psz 64K, shr 0)
Jun 10 15:00:41 opencca-rock5b-rk3588 kernel: ITS@0x00000000fe660000: allocated 32768 Interrupt Collections @10590000 (flat, esz 2, psz 64K, shr 0)
Jun 10 15:00:41 opencca-rock5b-rk3588 kernel: ITS: using cache flushing for cmd queue
Jun 10 15:00:41 opencca-rock5b-rk3588 kernel: GICv3: using LPI property table @0x00000000105a0000
Jun 10 15:00:41 opencca-rock5b-rk3588 kernel: GIC: using cache flushing for LPI property table
Jun 10 15:00:41 opencca-rock5b-rk3588 kernel: GICv3: CPU0: using allocated LPI pending table @0x00000000105b0000
Jun 10 15:00:41 opencca-rock5b-rk3588 kernel: GICv3: GIC: PPI partition interrupt-partition-0[0] { /cpus/cpu@0[0] /cpus/cpu@100[1] /cpus/cpu@200[2] /cpus/cpu@300[3] }
Jun 10 15:00:41 opencca-rock5b-rk3588 kernel: GICv3: GIC: PPI partition interrupt-partition-1[1] { /cpus/cpu@400[4] /cpus/cpu@500[5] /cpus/cpu@600[6] /cpus/cpu@700[7] }
Jun 10 15:00:41 opencca-rock5b-rk3588 kernel: rcu: srcu_init: Setting srcu_struct sizes based on contention.
Jun 10 15:00:41 opencca-rock5b-rk3588 kernel: arch_timer: cp15 timer(s) running at 24.00MHz (phys).
Jun 10 15:00:41 opencca-rock5b-rk3588 kernel: clocksource: arch_sys_counter: mask: 0xffffffffffffff max_cycles: 0x588fe9dc0, max_idle_ns: 440795202592 ns
Jun 10 15:00:41 opencca-rock5b-rk3588 kernel: sched_clock: 56 bits at 24MHz, resolution 41ns, wraps every 4398046511097ns
Jun 10 15:00:41 opencca-rock5b-rk3588 kernel: Console: colour dummy device 80x25
Jun 10 15:00:41 opencca-rock5b-rk3588 kernel: printk: legacy console [tty0] enabled
Jun 10 15:00:41 opencca-rock5b-rk3588 kernel: Calibrating delay loop (skipped), value calculated using timer frequency.. 48.00 BogoMIPS (lpj=96000)
Jun 10 15:00:41 opencca-rock5b-rk3588 kernel: pid_max: default: 32768 minimum: 301
Jun 10 15:00:41 opencca-rock5b-rk3588 kernel: LSM: initializing lsm=capability
Jun 10 15:00:41 opencca-rock5b-rk3588 kernel: Mount-cache hash table entries: 8192 (order: 4, 65536 bytes, linear)
Jun 10 15:00:41 opencca-rock5b-rk3588 kernel: Mountpoint-cache hash table entries: 8192 (order: 4, 65536 bytes, linear)
Jun 10 15:00:41 opencca-rock5b-rk3588 kernel: rcu: Hierarchical SRCU implementation.
Jun 10 15:00:41 opencca-rock5b-rk3588 kernel: rcu:         Max phase no-delay instances is 1000.
Jun 10 15:00:41 opencca-rock5b-rk3588 kernel: Timer migration: 1 hierarchy levels; 8 children per group; 1 crossnode level
Jun 10 15:00:41 opencca-rock5b-rk3588 kernel: fsl-mc MSI: msi-controller@fe640000 domain created
Jun 10 15:00:41 opencca-rock5b-rk3588 kernel: fsl-mc MSI: msi-controller@fe660000 domain created
Jun 10 15:00:41 opencca-rock5b-rk3588 kernel: EFI services will not be available.
Jun 10 15:00:41 opencca-rock5b-rk3588 kernel: smp: Bringing up secondary CPUs ...
Jun 10 15:00:41 opencca-rock5b-rk3588 kernel: Detected VIPT I-cache on CPU1
Jun 10 15:00:41 opencca-rock5b-rk3588 kernel: GICv3: CPU1: found redistributor 100 region 0:0x00000000fe6a0000
Jun 10 15:00:41 opencca-rock5b-rk3588 kernel: GICv3: CPU1: using allocated LPI pending table @0x00000000105c0000
Jun 10 15:00:41 opencca-rock5b-rk3588 kernel: CPU1: Booted secondary processor 0x0000000100 [0x412fd050]
Jun 10 15:00:41 opencca-rock5b-rk3588 kernel: smp: Brought up 1 node, 2 CPUs
Jun 10 15:00:41 opencca-rock5b-rk3588 kernel: SMP: Total of 2 processors activated.
Jun 10 15:00:41 opencca-rock5b-rk3588 kernel: CPU: All CPU(s) started at EL2
Jun 10 15:00:41 opencca-rock5b-rk3588 kernel: CPU features: detected: 32-bit EL0 Support
Jun 10 15:00:41 opencca-rock5b-rk3588 kernel: CPU features: detected: 32-bit EL1 Support
Jun 10 15:00:41 opencca-rock5b-rk3588 kernel: CPU features: detected: Data cache clean to the PoU not required for I/D coherence
Jun 10 15:00:41 opencca-rock5b-rk3588 kernel: CPU features: detected: Common not Private translations
Jun 10 15:00:41 opencca-rock5b-rk3588 kernel: CPU features: detected: CRC32 instructions
Jun 10 15:00:41 opencca-rock5b-rk3588 kernel: CPU features: detected: RCpc load-acquire (LDAPR)
Jun 10 15:00:41 opencca-rock5b-rk3588 kernel: CPU features: detected: LSE atomic instructions
Jun 10 15:00:41 opencca-rock5b-rk3588 kernel: CPU features: detected: Privileged Access Never
Jun 10 15:00:41 opencca-rock5b-rk3588 kernel: CPU features: detected: RAS Extension Support
Jun 10 15:00:41 opencca-rock5b-rk3588 kernel: CPU features: detected: Speculative Store Bypassing Safe (SSBS)
Jun 10 15:00:41 opencca-rock5b-rk3588 kernel: alternatives: applying system-wide alternatives
Jun 10 15:00:41 opencca-rock5b-rk3588 kernel: Memory: 3320404K/3667968K available (18944K kernel code, 6260K rwdata, 13116K rodata, 12096K init, 783K bss, 307960K reserved, 32768K cma-reserved)
Jun 10 15:00:41 opencca-rock5b-rk3588 kernel: devtmpfs: initialized
Jun 10 15:00:41 opencca-rock5b-rk3588 kernel: clocksource: jiffies: mask: 0xffffffff max_cycles: 0xffffffff, max_idle_ns: 7645041785100000 ns
Jun 10 15:00:41 opencca-rock5b-rk3588 kernel: futex hash table entries: 2048 (order: 5, 131072 bytes, linear)
Jun 10 15:00:41 opencca-rock5b-rk3588 kernel: 19920 pages in range for non-PLT usage
Jun 10 15:00:41 opencca-rock5b-rk3588 kernel: 511440 pages in range for PLT usage
Jun 10 15:00:41 opencca-rock5b-rk3588 kernel: pinctrl core: initialized pinctrl subsystem
Jun 10 15:00:41 opencca-rock5b-rk3588 kernel: DMI not present or invalid.
Jun 10 15:00:41 opencca-rock5b-rk3588 kernel: NET: Registered PF_NETLINK/PF_ROUTE protocol family
Jun 10 15:00:41 opencca-rock5b-rk3588 kernel: DMA: preallocated 512 KiB GFP_KERNEL pool for atomic allocations
Jun 10 15:00:41 opencca-rock5b-rk3588 kernel: DMA: preallocated 512 KiB GFP_KERNEL|GFP_DMA pool for atomic allocations
Jun 10 15:00:41 opencca-rock5b-rk3588 kernel: DMA: preallocated 512 KiB GFP_KERNEL|GFP_DMA32 pool for atomic allocations
Jun 10 15:00:41 opencca-rock5b-rk3588 kernel: audit: initializing netlink subsys (disabled)
Jun 10 15:00:41 opencca-rock5b-rk3588 kernel: audit: type=2000 audit(0.088:1): state=initialized audit_enabled=0 res=1
Jun 10 15:00:41 opencca-rock5b-rk3588 kernel: thermal_sys: Registered thermal governor 'step_wise'
Jun 10 15:00:41 opencca-rock5b-rk3588 kernel: thermal_sys: Registered thermal governor 'power_allocator'
Jun 10 15:00:41 opencca-rock5b-rk3588 kernel: hw-breakpoint: found 6 breakpoint and 4 watchpoint registers.
Jun 10 15:00:41 opencca-rock5b-rk3588 kernel: ASID allocator initialised with 65536 entries
Jun 10 15:00:41 opencca-rock5b-rk3588 kernel: Serial: AMBA PL011 UART driver
Jun 10 15:00:41 opencca-rock5b-rk3588 kernel: platform fdd90000.vop: Fixed dependency cycle(s) with /hdmi@fde80000
Jun 10 15:00:41 opencca-rock5b-rk3588 kernel: platform fde80000.hdmi: Fixed dependency cycle(s) with /vop@fdd90000
Jun 10 15:00:41 opencca-rock5b-rk3588 kernel: platform a41000000.pcie: Fixed dependency cycle(s) with /pcie@fe190000/legacy-interrupt-controller
Jun 10 15:00:41 opencca-rock5b-rk3588 kernel: gpio gpiochip0: Static allocation of GPIO base is deprecated, use dynamic allocation.
Jun 10 15:00:41 opencca-rock5b-rk3588 kernel: rockchip-gpio fd8a0000.gpio: probed /pinctrl/gpio@fd8a0000
Jun 10 15:00:41 opencca-rock5b-rk3588 kernel: gpio gpiochip1: Static allocation of GPIO base is deprecated, use dynamic allocation.
Jun 10 15:00:41 opencca-rock5b-rk3588 kernel: rockchip-gpio fec20000.gpio: probed /pinctrl/gpio@fec20000
Jun 10 15:00:41 opencca-rock5b-rk3588 kernel: gpio gpiochip2: Static allocation of GPIO base is deprecated, use dynamic allocation.
Jun 10 15:00:41 opencca-rock5b-rk3588 kernel: rockchip-gpio fec30000.gpio: probed /pinctrl/gpio@fec30000
Jun 10 15:00:41 opencca-rock5b-rk3588 kernel: gpio gpiochip3: Static allocation of GPIO base is deprecated, use dynamic allocation.
Jun 10 15:00:41 opencca-rock5b-rk3588 kernel: rockchip-gpio fec40000.gpio: probed /pinctrl/gpio@fec40000
Jun 10 15:00:41 opencca-rock5b-rk3588 kernel: gpio gpiochip4: Static allocation of GPIO base is deprecated, use dynamic allocation.
Jun 10 15:00:41 opencca-rock5b-rk3588 kernel: rockchip-gpio fec50000.gpio: probed /pinctrl/gpio@fec50000
Jun 10 15:00:41 opencca-rock5b-rk3588 kernel: platform a40000000.pcie: Fixed dependency cycle(s) with /pcie@fe150000/legacy-interrupt-controller
Jun 10 15:00:41 opencca-rock5b-rk3588 kernel: platform a40800000.pcie: Fixed dependency cycle(s) with /pcie@fe170000/legacy-interrupt-controller
Jun 10 15:00:41 opencca-rock5b-rk3588 kernel: platform fde80000.hdmi: Fixed dependency cycle(s) with /hdmi0-con
Jun 10 15:00:41 opencca-rock5b-rk3588 kernel: platform hdmi0-con: Fixed dependency cycle(s) with /hdmi@fde80000
Jun 10 15:00:41 opencca-rock5b-rk3588 kernel: HugeTLB: registered 1.00 GiB page size, pre-allocated 0 pages
Jun 10 15:00:41 opencca-rock5b-rk3588 kernel: HugeTLB: 0 KiB vmemmap can be freed for a 1.00 GiB page
Jun 10 15:00:41 opencca-rock5b-rk3588 kernel: HugeTLB: registered 32.0 MiB page size, pre-allocated 0 pages
Jun 10 15:00:41 opencca-rock5b-rk3588 kernel: HugeTLB: 0 KiB vmemmap can be freed for a 32.0 MiB page
Jun 10 15:00:41 opencca-rock5b-rk3588 kernel: HugeTLB: registered 2.00 MiB page size, pre-allocated 0 pages
Jun 10 15:00:41 opencca-rock5b-rk3588 kernel: HugeTLB: 0 KiB vmemmap can be freed for a 2.00 MiB page
Jun 10 15:00:41 opencca-rock5b-rk3588 kernel: HugeTLB: registered 64.0 KiB page size, pre-allocated 0 pages
Jun 10 15:00:41 opencca-rock5b-rk3588 kernel: HugeTLB: 0 KiB vmemmap can be freed for a 64.0 KiB page
Jun 10 15:00:41 opencca-rock5b-rk3588 kernel: ACPI: Interpreter disabled.
Jun 10 15:00:41 opencca-rock5b-rk3588 kernel: iommu: Default domain type: Translated
Jun 10 15:00:41 opencca-rock5b-rk3588 kernel: iommu: DMA domain TLB invalidation policy: strict mode
Jun 10 15:00:41 opencca-rock5b-rk3588 kernel: SCSI subsystem initialized
Jun 10 15:00:41 opencca-rock5b-rk3588 kernel: libata version 3.00 loaded.
Jun 10 15:00:41 opencca-rock5b-rk3588 kernel: usbcore: registered new interface driver usbfs
Jun 10 15:00:41 opencca-rock5b-rk3588 kernel: usbcore: registered new interface driver hub
Jun 10 15:00:41 opencca-rock5b-rk3588 kernel: usbcore: registered new device driver usb
Jun 10 15:00:41 opencca-rock5b-rk3588 kernel: pps_core: LinuxPPS API ver. 1 registered
Jun 10 15:00:41 opencca-rock5b-rk3588 kernel: pps_core: Software ver. 5.3.6 - Copyright 2005-2007 Rodolfo Giometti <giometti@linux.it>
Jun 10 15:00:41 opencca-rock5b-rk3588 kernel: PTP clock support registered
Jun 10 15:00:41 opencca-rock5b-rk3588 kernel: EDAC MC: Ver: 3.0.0
Jun 10 15:00:41 opencca-rock5b-rk3588 kernel: scmi_core: SCMI protocol bus registered
Jun 10 15:00:41 opencca-rock5b-rk3588 kernel: FPGA manager framework
Jun 10 15:00:41 opencca-rock5b-rk3588 kernel: Advanced Linux Sound Architecture Driver Initialized.
Jun 10 15:00:41 opencca-rock5b-rk3588 kernel: vgaarb: loaded
Jun 10 15:00:41 opencca-rock5b-rk3588 kernel: clocksource: Switched to clocksource arch_sys_counter
Jun 10 15:00:41 opencca-rock5b-rk3588 kernel: VFS: Disk quotas dquot_6.6.0
Jun 10 15:00:41 opencca-rock5b-rk3588 kernel: VFS: Dquot-cache hash table entries: 512 (order 0, 4096 bytes)
Jun 10 15:00:41 opencca-rock5b-rk3588 kernel: pnp: PnP ACPI: disabled
Jun 10 15:00:41 opencca-rock5b-rk3588 kernel: NET: Registered PF_INET protocol family
Jun 10 15:00:41 opencca-rock5b-rk3588 kernel: IP idents hash table entries: 65536 (order: 7, 524288 bytes, linear)
Jun 10 15:00:41 opencca-rock5b-rk3588 kernel: tcp_listen_portaddr_hash hash table entries: 2048 (order: 3, 32768 bytes, linear)
Jun 10 15:00:41 opencca-rock5b-rk3588 kernel: Table-perturb hash table entries: 65536 (order: 6, 262144 bytes, linear)
Jun 10 15:00:41 opencca-rock5b-rk3588 kernel: TCP established hash table entries: 32768 (order: 6, 262144 bytes, linear)
Jun 10 15:00:41 opencca-rock5b-rk3588 kernel: TCP bind hash table entries: 32768 (order: 8, 1048576 bytes, linear)
Jun 10 15:00:41 opencca-rock5b-rk3588 kernel: TCP: Hash tables configured (established 32768 bind 32768)
Jun 10 15:00:41 opencca-rock5b-rk3588 kernel: UDP hash table entries: 2048 (order: 4, 65536 bytes, linear)
Jun 10 15:00:41 opencca-rock5b-rk3588 kernel: UDP-Lite hash table entries: 2048 (order: 4, 65536 bytes, linear)
Jun 10 15:00:41 opencca-rock5b-rk3588 kernel: NET: Registered PF_UNIX/PF_LOCAL protocol family
Jun 10 15:00:41 opencca-rock5b-rk3588 kernel: RPC: Registered named UNIX socket transport module.
Jun 10 15:00:41 opencca-rock5b-rk3588 kernel: RPC: Registered udp transport module.
Jun 10 15:00:41 opencca-rock5b-rk3588 kernel: RPC: Registered tcp transport module.
Jun 10 15:00:41 opencca-rock5b-rk3588 kernel: RPC: Registered tcp-with-tls transport module.
Jun 10 15:00:41 opencca-rock5b-rk3588 kernel: RPC: Registered tcp NFSv4.1 backchannel transport module.
Jun 10 15:00:41 opencca-rock5b-rk3588 kernel: PCI: CLS 0 bytes, default 64
Jun 10 15:00:41 opencca-rock5b-rk3588 kernel: Unpacking initramfs...
Jun 10 15:00:41 opencca-rock5b-rk3588 kernel: kvm [1]: nv: 554 coarse grained trap handlers
Jun 10 15:00:41 opencca-rock5b-rk3588 kernel: kvm [1]: RMI ABI version 1.0
Jun 10 15:00:41 opencca-rock5b-rk3588 kernel: kvm [1]: IPA Size Limit: 40 bits
Jun 10 15:00:41 opencca-rock5b-rk3588 kernel: kvm [1]: GICv3: no GICV resource entry
Jun 10 15:00:41 opencca-rock5b-rk3588 kernel: kvm [1]: disabling GICv2 emulation
Jun 10 15:00:41 opencca-rock5b-rk3588 kernel: kvm [1]: GIC system register CPU interface enabled
Jun 10 15:00:41 opencca-rock5b-rk3588 kernel: kvm [1]: vgic interrupt IRQ18
Jun 10 15:00:41 opencca-rock5b-rk3588 kernel: kvm [1]: VHE mode initialized successfully
Jun 10 15:00:41 opencca-rock5b-rk3588 kernel: Initialise system trusted keyrings
Jun 10 15:00:41 opencca-rock5b-rk3588 kernel: workingset: timestamp_bits=42 max_order=20 bucket_order=0
Jun 10 15:00:41 opencca-rock5b-rk3588 kernel: squashfs: version 4.0 (2009/01/31) Phillip Lougher
Jun 10 15:00:41 opencca-rock5b-rk3588 kernel: NFS: Registering the id_resolver key type
Jun 10 15:00:41 opencca-rock5b-rk3588 kernel: Key type id_resolver registered
Jun 10 15:00:41 opencca-rock5b-rk3588 kernel: Key type id_legacy registered
Jun 10 15:00:41 opencca-rock5b-rk3588 kernel: nfs4filelayout_init: NFSv4 File Layout Driver Registering...
Jun 10 15:00:41 opencca-rock5b-rk3588 kernel: nfs4flexfilelayout_init: NFSv4 Flexfile Layout Driver Registering...
Jun 10 15:00:41 opencca-rock5b-rk3588 kernel: fuse: init (API version 7.41)
Jun 10 15:00:41 opencca-rock5b-rk3588 kernel: 9p: Installing v9fs 9p2000 file system support
Jun 10 15:00:41 opencca-rock5b-rk3588 kernel: Key type asymmetric registered
Jun 10 15:00:41 opencca-rock5b-rk3588 kernel: Asymmetric key parser 'x509' registered
Jun 10 15:00:41 opencca-rock5b-rk3588 kernel: Block layer SCSI generic (bsg) driver version 0.4 loaded (major 245)
Jun 10 15:00:41 opencca-rock5b-rk3588 kernel: io scheduler mq-deadline registered
Jun 10 15:00:41 opencca-rock5b-rk3588 kernel: io scheduler kyber registered
Jun 10 15:00:41 opencca-rock5b-rk3588 kernel: io scheduler bfq registered
Jun 10 15:00:41 opencca-rock5b-rk3588 kernel: Freeing initrd memory: 15536K
Jun 10 15:00:41 opencca-rock5b-rk3588 kernel: ledtrig-cpu: registered to indicate activity on CPUs
Jun 10 15:00:41 opencca-rock5b-rk3588 kernel: dma-pl330 fea10000.dma-controller: Loaded driver for PL330 DMAC-241330
Jun 10 15:00:41 opencca-rock5b-rk3588 kernel: dma-pl330 fea10000.dma-controller:         DBUFF-128x8bytes Num_Chans-8 Num_Peri-32 Num_Events-16
Jun 10 15:00:41 opencca-rock5b-rk3588 kernel: dma-pl330 fea30000.dma-controller: Loaded driver for PL330 DMAC-241330
Jun 10 15:00:41 opencca-rock5b-rk3588 kernel: dma-pl330 fea30000.dma-controller:         DBUFF-128x8bytes Num_Chans-8 Num_Peri-32 Num_Events-16
Jun 10 15:00:41 opencca-rock5b-rk3588 kernel: dma-pl330 fed10000.dma-controller: Loaded driver for PL330 DMAC-241330
Jun 10 15:00:41 opencca-rock5b-rk3588 kernel: dma-pl330 fed10000.dma-controller:         DBUFF-128x8bytes Num_Chans-8 Num_Peri-32 Num_Events-16
Jun 10 15:00:41 opencca-rock5b-rk3588 kernel: Serial: 8250/16550 driver, 4 ports, IRQ sharing enabled
Jun 10 15:00:41 opencca-rock5b-rk3588 kernel: feb50000.serial: ttyS2 at MMIO 0xfeb50000 (irq = 41, base_baud = 1500000) is a 16550A
Jun 10 15:00:41 opencca-rock5b-rk3588 kernel: printk: legacy console [ttyS2] enabled
Jun 10 15:00:41 opencca-rock5b-rk3588 kernel: feb90000.serial: ttyS0 at MMIO 0xfeb90000 (irq = 42, base_baud = 1500000) is a 16550A
Jun 10 15:00:41 opencca-rock5b-rk3588 kernel: msm_serial: driver initialized
Jun 10 15:00:41 opencca-rock5b-rk3588 kernel: SuperH (H)SCI(F) driver initialized
Jun 10 15:00:41 opencca-rock5b-rk3588 kernel: STM32 USART driver initialized
Jun 10 15:00:41 opencca-rock5b-rk3588 kernel: loop: module loaded
Jun 10 15:00:41 opencca-rock5b-rk3588 kernel: megasas: 07.727.03.00-rc1
Jun 10 15:00:41 opencca-rock5b-rk3588 kernel: rockchip-spi feb20000.spi: Runtime PM usage count underflow!
Jun 10 15:00:41 opencca-rock5b-rk3588 kernel: spi spi2.0: Fixed dependency cycle(s) with /spi@feb20000/pmic@0/regulators/dcdc-reg7
Jun 10 15:00:41 opencca-rock5b-rk3588 kernel: spi spi2.0: Fixed dependency cycle(s) with /spi@feb20000/pmic@0/dvs3-null-pins
Jun 10 15:00:41 opencca-rock5b-rk3588 kernel: spi spi2.0: Fixed dependency cycle(s) with /spi@feb20000/pmic@0/dvs2-null-pins
Jun 10 15:00:41 opencca-rock5b-rk3588 kernel: spi spi2.0: Fixed dependency cycle(s) with /spi@feb20000/pmic@0/dvs1-null-pins
Jun 10 15:00:41 opencca-rock5b-rk3588 kernel: rk808-regulator rk808-regulator.1.auto: there is no dvs0 gpio
Jun 10 15:00:41 opencca-rock5b-rk3588 kernel: rk808-regulator rk808-regulator.1.auto: there is no dvs1 gpio
Jun 10 15:00:41 opencca-rock5b-rk3588 kernel: rockchip-pm-domain fd8d8000.power-management:power-controller: Failed to create device link (0x180) with spi2.0
Jun 10 15:00:41 opencca-rock5b-rk3588 kernel: tun: Universal TUN/TAP device driver, 1.6
Jun 10 15:00:41 opencca-rock5b-rk3588 kernel: thunder_xcv, ver 1.0
Jun 10 15:00:41 opencca-rock5b-rk3588 kernel: thunder_bgx, ver 1.0
Jun 10 15:00:41 opencca-rock5b-rk3588 kernel: nicpf, ver 1.0
Jun 10 15:00:41 opencca-rock5b-rk3588 kernel: hns3: Hisilicon Ethernet Network Driver for Hip08 Family - version
Jun 10 15:00:41 opencca-rock5b-rk3588 kernel: hns3: Copyright (c) 2017 Huawei Corporation.
Jun 10 15:00:41 opencca-rock5b-rk3588 kernel: hclge is initializing
Jun 10 15:00:41 opencca-rock5b-rk3588 kernel: e1000: Intel(R) PRO/1000 Network Driver
Jun 10 15:00:41 opencca-rock5b-rk3588 kernel: e1000: Copyright (c) 1999-2006 Intel Corporation.
Jun 10 15:00:41 opencca-rock5b-rk3588 kernel: e1000e: Intel(R) PRO/1000 Network Driver
Jun 10 15:00:41 opencca-rock5b-rk3588 kernel: e1000e: Copyright(c) 1999 - 2015 Intel Corporation.
Jun 10 15:00:41 opencca-rock5b-rk3588 kernel: igb: Intel(R) Gigabit Ethernet Network Driver
Jun 10 15:00:41 opencca-rock5b-rk3588 kernel: igb: Copyright (c) 2007-2014 Intel Corporation.
Jun 10 15:00:41 opencca-rock5b-rk3588 kernel: igbvf: Intel(R) Gigabit Virtual Function Network Driver
Jun 10 15:00:41 opencca-rock5b-rk3588 kernel: igbvf: Copyright (c) 2009 - 2012 Intel Corporation.
Jun 10 15:00:41 opencca-rock5b-rk3588 kernel: sky2: driver version 1.30
Jun 10 15:00:41 opencca-rock5b-rk3588 kernel: VFIO - User Level meta-driver version: 0.3
Jun 10 15:00:41 opencca-rock5b-rk3588 kernel: ehci-platform fc800000.usb: EHCI Host Controller
Jun 10 15:00:41 opencca-rock5b-rk3588 kernel: ehci-platform fc800000.usb: new USB bus registered, assigned bus number 1
Jun 10 15:00:41 opencca-rock5b-rk3588 kernel: ohci-platform fc840000.usb: Generic Platform OHCI controller
Jun 10 15:00:41 opencca-rock5b-rk3588 kernel: ohci-platform fc840000.usb: new USB bus registered, assigned bus number 2
Jun 10 15:00:41 opencca-rock5b-rk3588 kernel: ohci-platform fc840000.usb: irq 68, io mem 0xfc840000
Jun 10 15:00:41 opencca-rock5b-rk3588 kernel: ehci-platform fc800000.usb: irq 67, io mem 0xfc800000
Jun 10 15:00:41 opencca-rock5b-rk3588 kernel: usbcore: registered new interface driver usb-storage
Jun 10 15:00:41 opencca-rock5b-rk3588 kernel: ehci-platform fc800000.usb: USB 2.0 started, EHCI 1.00
Jun 10 15:00:41 opencca-rock5b-rk3588 kernel: hub 1-0:1.0: USB hub found
Jun 10 15:00:41 opencca-rock5b-rk3588 kernel: hub 1-0:1.0: 1 port detected
Jun 10 15:00:41 opencca-rock5b-rk3588 kernel: i2c_dev: i2c /dev entries driver
Jun 10 15:00:41 opencca-rock5b-rk3588 kernel: fan53555-regulator 0-0042: FAN53555 Option[10] Rev[1] Detected!
Jun 10 15:00:41 opencca-rock5b-rk3588 kernel: fan53555-regulator 0-0043: FAN53555 Option[10] Rev[1] Detected!
Jun 10 15:00:41 opencca-rock5b-rk3588 kernel: platform fe470000.i2s: Fixed dependency cycle(s) with /i2c@fec90000/audio-codec@11
Jun 10 15:00:41 opencca-rock5b-rk3588 kernel: i2c 7-0011: Fixed dependency cycle(s) with /i2s@fe470000
Jun 10 15:00:41 opencca-rock5b-rk3588 kernel: hub 2-0:1.0: USB hub found
Jun 10 15:00:41 opencca-rock5b-rk3588 kernel: hub 2-0:1.0: 1 port detected
Jun 10 15:00:41 opencca-rock5b-rk3588 kernel: failed to register cpuidle driver
Jun 10 15:00:41 opencca-rock5b-rk3588 kernel: sdhci: Secure Digital Host Controller Interface driver
Jun 10 15:00:41 opencca-rock5b-rk3588 kernel: sdhci: Copyright(c) Pierre Ossman
Jun 10 15:00:41 opencca-rock5b-rk3588 kernel: Synopsys Designware Multimedia Card Interface Driver
Jun 10 15:00:41 opencca-rock5b-rk3588 kernel: sdhci-pltfm: SDHCI platform and OF driver helper
Jun 10 15:00:41 opencca-rock5b-rk3588 kernel: arm-scmi arm-scmi.3.auto: Using scmi_smc_transport
Jun 10 15:00:41 opencca-rock5b-rk3588 kernel: arm-scmi arm-scmi.3.auto: SCMI max-rx-timeout: 30ms
Jun 10 15:00:41 opencca-rock5b-rk3588 kernel: scmi_protocol scmi_dev.1: Enabled polling mode TX channel - prot_id:16
Jun 10 15:00:41 opencca-rock5b-rk3588 kernel: arm-scmi arm-scmi.3.auto: SCMI Notifications - Core Enabled.
Jun 10 15:00:41 opencca-rock5b-rk3588 kernel: arm-scmi arm-scmi.3.auto: SCMI Protocol v2.0 'rockchip:' Firmware version 0x0
Jun 10 15:00:41 opencca-rock5b-rk3588 kernel: mmc0: SDHCI controller on fe2e0000.mmc [fe2e0000.mmc] using ADMA
Jun 10 15:00:41 opencca-rock5b-rk3588 kernel: mmc0: Failed to initialize a non-removable card
Jun 10 15:00:41 opencca-rock5b-rk3588 kernel: SMCCC: SOC_ID: ARCH_SOC_ID not implemented, skipping ....
Jun 10 15:00:41 opencca-rock5b-rk3588 kernel: usbcore: registered new interface driver usbhid
Jun 10 15:00:41 opencca-rock5b-rk3588 kernel: usbhid: USB HID core driver
Jun 10 15:00:41 opencca-rock5b-rk3588 kernel: hw perfevents: enabled with armv8_cortex_a55 PMU driver, 7 (0,8000003f) counters available
Jun 10 15:00:41 opencca-rock5b-rk3588 kernel: armv8-pmu pmu-a76: hw perfevents: failed to probe PMU!
Jun 10 15:00:41 opencca-rock5b-rk3588 kernel: optee: probing for conduit method.
Jun 10 15:00:41 opencca-rock5b-rk3588 kernel: optee: api uid mismatch
Jun 10 15:00:41 opencca-rock5b-rk3588 kernel: optee firmware:optee: probe with driver optee failed with error -22
Jun 10 15:00:41 opencca-rock5b-rk3588 kernel: usb 1-1: new high-speed USB device number 2 using ehci-platform
Jun 10 15:00:41 opencca-rock5b-rk3588 kernel: NET: Registered PF_PACKET protocol family
Jun 10 15:00:41 opencca-rock5b-rk3588 kernel: 9pnet: Installing 9P2000 support
Jun 10 15:00:41 opencca-rock5b-rk3588 kernel: Key type dns_resolver registered
Jun 10 15:00:41 opencca-rock5b-rk3588 kernel: NET: Registered PF_VSOCK protocol family
Jun 10 15:00:41 opencca-rock5b-rk3588 kernel: registered taskstats version 1
Jun 10 15:00:41 opencca-rock5b-rk3588 kernel: Loading compiled-in X.509 certificates
Jun 10 15:00:41 opencca-rock5b-rk3588 kernel: Demotion targets for Node 0: null
Jun 10 15:00:41 opencca-rock5b-rk3588 kernel: rockchip-dw-pcie a40000000.pcie: host bridge /pcie@fe150000 ranges:
Jun 10 15:00:41 opencca-rock5b-rk3588 kernel: rockchip-dw-pcie a40000000.pcie:       IO 0x00f0100000..0x00f01fffff -> 0x00f0100000
Jun 10 15:00:41 opencca-rock5b-rk3588 kernel: rockchip-dw-pcie a40000000.pcie:      MEM 0x00f0200000..0x00f0ffffff -> 0x00f0200000
Jun 10 15:00:41 opencca-rock5b-rk3588 kernel: rockchip-dw-pcie a40000000.pcie:      MEM 0x0900000000..0x093fffffff -> 0x0040000000
Jun 10 15:00:41 opencca-rock5b-rk3588 kernel: rockchip-dw-pcie a40000000.pcie: iATU: unroll T, 8 ob, 8 ib, align 64K, limit 8G
Jun 10 15:00:41 opencca-rock5b-rk3588 kernel: hub 1-1:1.0: USB hub found
Jun 10 15:00:41 opencca-rock5b-rk3588 kernel: hub 1-1:1.0: 4 ports detected
Jun 10 15:00:41 opencca-rock5b-rk3588 kernel: rockchip-dw-pcie a40000000.pcie: Phy link never came up
Jun 10 15:00:41 opencca-rock5b-rk3588 kernel: rockchip-dw-pcie a40000000.pcie: PCI host bridge to bus 0000:00
Jun 10 15:00:41 opencca-rock5b-rk3588 kernel: pci_bus 0000:00: root bus resource [bus 00-0f]
Jun 10 15:00:41 opencca-rock5b-rk3588 kernel: pci_bus 0000:00: root bus resource [io  0x0000-0xfffff] (bus address [0xf0100000-0xf01fffff])
Jun 10 15:00:41 opencca-rock5b-rk3588 kernel: pci_bus 0000:00: root bus resource [mem 0xf0200000-0xf0ffffff]
Jun 10 15:00:41 opencca-rock5b-rk3588 kernel: pci_bus 0000:00: root bus resource [mem 0x900000000-0x93fffffff] (bus address [0x40000000-0x7fffffff])
Jun 10 15:00:41 opencca-rock5b-rk3588 kernel: pci 0000:00:00.0: [1d87:3588] type 01 class 0x060400 PCIe Root Port
Jun 10 15:00:41 opencca-rock5b-rk3588 kernel: pci 0000:00:00.0: BAR 0 [mem 0x00000000-0x3fffffff]
Jun 10 15:00:41 opencca-rock5b-rk3588 kernel: pci 0000:00:00.0: BAR 1 [mem 0x00000000-0x3fffffff]
Jun 10 15:00:41 opencca-rock5b-rk3588 kernel: pci 0000:00:00.0: ROM [mem 0x00000000-0x0000ffff pref]
Jun 10 15:00:41 opencca-rock5b-rk3588 kernel: pci 0000:00:00.0: PCI bridge to [bus 01-ff]
Jun 10 15:00:41 opencca-rock5b-rk3588 kernel: pci 0000:00:00.0:   bridge window [io  0x0000-0x0fff]
Jun 10 15:00:41 opencca-rock5b-rk3588 kernel: pci 0000:00:00.0:   bridge window [mem 0x00000000-0x000fffff]
Jun 10 15:00:41 opencca-rock5b-rk3588 kernel: pci 0000:00:00.0:   bridge window [mem 0x00000000-0x000fffff 64bit pref]
Jun 10 15:00:41 opencca-rock5b-rk3588 kernel: pci 0000:00:00.0: supports D1 D2
Jun 10 15:00:41 opencca-rock5b-rk3588 kernel: pci 0000:00:00.0: PME# supported from D0 D1 D3hot
Jun 10 15:00:41 opencca-rock5b-rk3588 kernel: pci_bus 0000:01: busn_res: can not insert [bus 01-ff] under [bus 00-0f] (conflicts with (null) [bus 00-0f])
Jun 10 15:00:41 opencca-rock5b-rk3588 kernel: pci 0000:00:00.0: BAR 0 [mem 0x900000000-0x93fffffff]: assigned
Jun 10 15:00:41 opencca-rock5b-rk3588 kernel: pci 0000:00:00.0: BAR 1 [mem size 0x40000000]: can't assign; no space
Jun 10 15:00:41 opencca-rock5b-rk3588 kernel: pci 0000:00:00.0: BAR 1 [mem size 0x40000000]: failed to assign
Jun 10 15:00:41 opencca-rock5b-rk3588 kernel: pci 0000:00:00.0: ROM [mem 0xf0200000-0xf020ffff pref]: assigned
Jun 10 15:00:41 opencca-rock5b-rk3588 kernel: pci 0000:00:00.0: PCI bridge to [bus 01-ff]
Jun 10 15:00:41 opencca-rock5b-rk3588 kernel: pci_bus 0000:00: Some PCI device resources are unassigned, try booting with pci=realloc
Jun 10 15:00:41 opencca-rock5b-rk3588 kernel: pci_bus 0000:00: resource 4 [io  0x0000-0xfffff]
Jun 10 15:00:41 opencca-rock5b-rk3588 kernel: pci_bus 0000:00: resource 5 [mem 0xf0200000-0xf0ffffff]
Jun 10 15:00:41 opencca-rock5b-rk3588 kernel: pci_bus 0000:00: resource 6 [mem 0x900000000-0x93fffffff]
Jun 10 15:00:41 opencca-rock5b-rk3588 kernel: pcieport 0000:00:00.0: PME: Signaling with IRQ 87
Jun 10 15:00:41 opencca-rock5b-rk3588 kernel: pcieport 0000:00:00.0: AER: enabled with IRQ 88
Jun 10 15:00:41 opencca-rock5b-rk3588 kernel: ehci-platform fc880000.usb: EHCI Host Controller
Jun 10 15:00:41 opencca-rock5b-rk3588 kernel: ehci-platform fc880000.usb: new USB bus registered, assigned bus number 3
Jun 10 15:00:41 opencca-rock5b-rk3588 kernel: ehci-platform fc880000.usb: irq 89, io mem 0xfc880000
Jun 10 15:00:41 opencca-rock5b-rk3588 kernel: ohci-platform fc8c0000.usb: Generic Platform OHCI controller
Jun 10 15:00:41 opencca-rock5b-rk3588 kernel: ohci-platform fc8c0000.usb: new USB bus registered, assigned bus number 4
Jun 10 15:00:41 opencca-rock5b-rk3588 kernel: ohci-platform fc8c0000.usb: irq 90, io mem 0xfc8c0000
Jun 10 15:00:41 opencca-rock5b-rk3588 kernel: cpufreq: cpufreq_online: CPU0: Running at unlisted initial frequency: 816000 KHz, changing to: 1008000 KHz
Jun 10 15:00:41 opencca-rock5b-rk3588 kernel: cpu cpu0: EM: created perf domain
Jun 10 15:00:41 opencca-rock5b-rk3588 kernel: dwmmc_rockchip fe2c0000.mmc: IDMAC supports 32-bit address mode.
Jun 10 15:00:41 opencca-rock5b-rk3588 kernel: dwmmc_rockchip fe2c0000.mmc: Using internal DMA controller.
Jun 10 15:00:41 opencca-rock5b-rk3588 kernel: ehci-platform fc880000.usb: USB 2.0 started, EHCI 1.00
Jun 10 15:00:41 opencca-rock5b-rk3588 kernel: hub 3-0:1.0: USB hub found
Jun 10 15:00:41 opencca-rock5b-rk3588 kernel: hub 3-0:1.0: 1 port detected
Jun 10 15:00:41 opencca-rock5b-rk3588 kernel: dwmmc_rockchip fe2d0000.mmc: IDMAC supports 32-bit address mode.
Jun 10 15:00:41 opencca-rock5b-rk3588 kernel: dwmmc_rockchip fe2d0000.mmc: Using internal DMA controller.
Jun 10 15:00:41 opencca-rock5b-rk3588 kernel: dwmmc_rockchip fe2d0000.mmc: Version ID is 270a
Jun 10 15:00:41 opencca-rock5b-rk3588 kernel: dwmmc_rockchip fe2d0000.mmc: DW MMC controller at irq 92,32 bit host data width,256 deep fifo
Jun 10 15:00:41 opencca-rock5b-rk3588 kernel: dwmmc_rockchip fe2c0000.mmc: Version ID is 270a
Jun 10 15:00:41 opencca-rock5b-rk3588 kernel: dwmmc_rockchip fe2c0000.mmc: DW MMC controller at irq 91,32 bit host data width,256 deep fifo
Jun 10 15:00:41 opencca-rock5b-rk3588 kernel: mmc_host mmc1: card is polling.
Jun 10 15:00:41 opencca-rock5b-rk3588 kernel: mmc_host mmc2: card is non-removable.
Jun 10 15:00:41 opencca-rock5b-rk3588 kernel: clk: Disabling unused clocks
Jun 10 15:00:41 opencca-rock5b-rk3588 kernel: PM: genpd: Disabling unused power domains
Jun 10 15:00:41 opencca-rock5b-rk3588 kernel: ALSA device list:
Jun 10 15:00:41 opencca-rock5b-rk3588 kernel:   No soundcards found.
Jun 10 15:00:41 opencca-rock5b-rk3588 kernel: dw-apb-uart feb50000.serial: forbid DMA for kernel console
Jun 10 15:00:41 opencca-rock5b-rk3588 kernel: mmc_host mmc1: Bus speed (slot 0) = 400000Hz (slot req 400000Hz, actual 400000HZ div = 0)
Jun 10 15:00:41 opencca-rock5b-rk3588 kernel: mmc_host mmc2: Bus speed (slot 0) = 400000Hz (slot req 400000Hz, actual 400000HZ div = 0)
Jun 10 15:00:41 opencca-rock5b-rk3588 kernel: hub 4-0:1.0: USB hub found
Jun 10 15:00:41 opencca-rock5b-rk3588 kernel: hub 4-0:1.0: 1 port detected
Jun 10 15:00:41 opencca-rock5b-rk3588 kernel: Freeing unused kernel memory: 12096K
Jun 10 15:00:41 opencca-rock5b-rk3588 kernel: mmc_host mmc1: Bus speed (slot 0) = 24750000Hz (slot req 25000000Hz, actual 24750000HZ div = 0)
Jun 10 15:00:41 opencca-rock5b-rk3588 kernel: mmc1: new high speed SDHC card at address aaaa
Jun 10 15:00:41 opencca-rock5b-rk3588 kernel: mmcblk1: mmc1:aaaa SD32G 29.7 GiB
Jun 10 15:00:41 opencca-rock5b-rk3588 kernel: Checked W+X mappings: passed, no W+X pages found
Jun 10 15:00:41 opencca-rock5b-rk3588 kernel:  mmcblk1: p1 p2 p3
Jun 10 15:00:41 opencca-rock5b-rk3588 kernel: Run /init as init process
Jun 10 15:00:41 opencca-rock5b-rk3588 kernel:   with arguments:
Jun 10 15:00:41 opencca-rock5b-rk3588 kernel:     /init
Jun 10 15:00:41 opencca-rock5b-rk3588 kernel:   with environment:
Jun 10 15:00:41 opencca-rock5b-rk3588 kernel:     HOME=/
Jun 10 15:00:41 opencca-rock5b-rk3588 kernel:     TERM=linux
Jun 10 15:00:41 opencca-rock5b-rk3588 kernel: dwmmc_rockchip fe2d0000.mmc: Busy; trying anyway
Jun 10 15:00:41 opencca-rock5b-rk3588 kernel: rockchip-vop2 fdd90000.vop: Adding to iommu group 0
Jun 10 15:00:41 opencca-rock5b-rk3588 kernel: mmc_host mmc2: Timeout sending command (cmd 0x202000 arg 0x0 status 0x80202000)
Jun 10 15:00:41 opencca-rock5b-rk3588 kernel: mmc_host mmc2: Bus speed (slot 0) = 300000Hz (slot req 300000Hz, actual 300000HZ div = 0)
Jun 10 15:00:41 opencca-rock5b-rk3588 kernel: rockchip-drm display-subsystem: bound fdd90000.vop (ops vop2_component_ops [rockchipdrm])
Jun 10 15:00:41 opencca-rock5b-rk3588 kernel: rtc-hym8563 6-0051: registered as rtc0
Jun 10 15:00:41 opencca-rock5b-rk3588 kernel: dwhdmiqp-rockchip fde80000.hdmi: registered DesignWare HDMI QP I2C bus driver
Jun 10 15:00:41 opencca-rock5b-rk3588 kernel: rockchip-drm display-subsystem: bound fde80000.hdmi (ops dw_hdmi_qp_rockchip_ops [rockchipdrm])
Jun 10 15:00:41 opencca-rock5b-rk3588 kernel: rtc-hym8563 6-0051: setting system clock to 2026-06-10T15:00:35 UTC (1781103635)
Jun 10 15:00:41 opencca-rock5b-rk3588 kernel: [drm] Initialized rockchip 1.0.0 for display-subsystem on minor 0
Jun 10 15:00:41 opencca-rock5b-rk3588 kernel: rockchip-drm display-subsystem: [drm] Cannot find any crtc or sizes
Jun 10 15:00:41 opencca-rock5b-rk3588 kernel: xhci-hcd xhci-hcd.5.auto: xHCI Host Controller
Jun 10 15:00:41 opencca-rock5b-rk3588 kernel: rockchip-drm display-subsystem: [drm] Cannot find any crtc or sizes
Jun 10 15:00:41 opencca-rock5b-rk3588 kernel: xhci-hcd xhci-hcd.5.auto: new USB bus registered, assigned bus number 5
Jun 10 15:00:41 opencca-rock5b-rk3588 kernel: xhci-hcd xhci-hcd.5.auto: hcc params 0x0220fe64 hci version 0x110 quirks 0x0000808002000010
Jun 10 15:00:41 opencca-rock5b-rk3588 kernel: xhci-hcd xhci-hcd.5.auto: irq 97, io mem 0xfcd00000
Jun 10 15:00:41 opencca-rock5b-rk3588 kernel: xhci-hcd xhci-hcd.5.auto: xHCI Host Controller
Jun 10 15:00:41 opencca-rock5b-rk3588 kernel: xhci-hcd xhci-hcd.5.auto: new USB bus registered, assigned bus number 6
Jun 10 15:00:41 opencca-rock5b-rk3588 kernel: xhci-hcd xhci-hcd.5.auto: Host supports USB 3.0 SuperSpeed
Jun 10 15:00:41 opencca-rock5b-rk3588 kernel: hub 5-0:1.0: USB hub found
Jun 10 15:00:41 opencca-rock5b-rk3588 kernel: hub 5-0:1.0: 1 port detected
Jun 10 15:00:41 opencca-rock5b-rk3588 kernel: usb usb6: We don't know the algorithms for LPM for this host, disabling LPM.
Jun 10 15:00:41 opencca-rock5b-rk3588 kernel: hub 6-0:1.0: USB hub found
Jun 10 15:00:41 opencca-rock5b-rk3588 kernel: hub 6-0:1.0: 1 port detected
Jun 10 15:00:41 opencca-rock5b-rk3588 kernel: xhci-hcd xhci-hcd.6.auto: xHCI Host Controller
Jun 10 15:00:41 opencca-rock5b-rk3588 kernel: xhci-hcd xhci-hcd.6.auto: new USB bus registered, assigned bus number 7
Jun 10 15:00:41 opencca-rock5b-rk3588 kernel: xhci-hcd xhci-hcd.6.auto: hcc params 0x0220fe64 hci version 0x110 quirks 0x0000808002000010
Jun 10 15:00:41 opencca-rock5b-rk3588 kernel: xhci-hcd xhci-hcd.6.auto: irq 98, io mem 0xfc400000
Jun 10 15:00:41 opencca-rock5b-rk3588 kernel: xhci-hcd xhci-hcd.6.auto: xHCI Host Controller
Jun 10 15:00:41 opencca-rock5b-rk3588 kernel: xhci-hcd xhci-hcd.6.auto: new USB bus registered, assigned bus number 8
Jun 10 15:00:41 opencca-rock5b-rk3588 kernel: xhci-hcd xhci-hcd.6.auto: Host supports USB 3.0 SuperSpeed
Jun 10 15:00:41 opencca-rock5b-rk3588 kernel: hub 7-0:1.0: USB hub found
Jun 10 15:00:41 opencca-rock5b-rk3588 kernel: hub 7-0:1.0: 1 port detected
Jun 10 15:00:41 opencca-rock5b-rk3588 kernel: usb usb8: We don't know the algorithms for LPM for this host, disabling LPM.
Jun 10 15:00:41 opencca-rock5b-rk3588 kernel: hub 8-0:1.0: USB hub found
Jun 10 15:00:41 opencca-rock5b-rk3588 kernel: hub 8-0:1.0: 1 port detected
Jun 10 15:00:41 opencca-rock5b-rk3588 kernel: rockchip-dw-pcie a41000000.pcie: host bridge /pcie@fe190000 ranges:
Jun 10 15:00:41 opencca-rock5b-rk3588 kernel: rockchip-dw-pcie a41000000.pcie:       IO 0x00f4100000..0x00f41fffff -> 0x00f4100000
Jun 10 15:00:41 opencca-rock5b-rk3588 kernel: rockchip-dw-pcie a41000000.pcie:      MEM 0x00f4200000..0x00f4ffffff -> 0x00f4200000
Jun 10 15:00:41 opencca-rock5b-rk3588 kernel: rockchip-dw-pcie a41000000.pcie:      MEM 0x0a00000000..0x0a3fffffff -> 0x0040000000
Jun 10 15:00:41 opencca-rock5b-rk3588 kernel: rockchip-dw-pcie a41000000.pcie: iATU: unroll T, 8 ob, 8 ib, align 64K, limit 8G
Jun 10 15:00:41 opencca-rock5b-rk3588 kernel: rockchip-dw-pcie a41000000.pcie: PCIe Gen.2 x1 link up
Jun 10 15:00:41 opencca-rock5b-rk3588 kernel: rockchip-dw-pcie a41000000.pcie: PCI host bridge to bus 0004:40
Jun 10 15:00:41 opencca-rock5b-rk3588 kernel: pci_bus 0004:40: root bus resource [bus 40-4f]
Jun 10 15:00:41 opencca-rock5b-rk3588 kernel: pci_bus 0004:40: root bus resource [io  0x100000-0x1fffff] (bus address [0xf4100000-0xf41fffff])
Jun 10 15:00:41 opencca-rock5b-rk3588 kernel: pci_bus 0004:40: root bus resource [mem 0xf4200000-0xf4ffffff]
Jun 10 15:00:41 opencca-rock5b-rk3588 kernel: pci_bus 0004:40: root bus resource [mem 0xa00000000-0xa3fffffff] (bus address [0x40000000-0x7fffffff])
Jun 10 15:00:41 opencca-rock5b-rk3588 kernel: pci 0004:40:00.0: [1d87:3588] type 01 class 0x060400 PCIe Root Port
Jun 10 15:00:41 opencca-rock5b-rk3588 kernel: pci 0004:40:00.0: ROM [mem 0x00000000-0x0000ffff pref]
Jun 10 15:00:41 opencca-rock5b-rk3588 kernel: pci 0004:40:00.0: PCI bridge to [bus 01-ff]
Jun 10 15:00:41 opencca-rock5b-rk3588 kernel: pci 0004:40:00.0:   bridge window [io  0x0000-0x0fff]
Jun 10 15:00:41 opencca-rock5b-rk3588 kernel: pci 0004:40:00.0:   bridge window [mem 0x00000000-0x000fffff]
Jun 10 15:00:41 opencca-rock5b-rk3588 kernel: pci 0004:40:00.0:   bridge window [mem 0x00000000-0x000fffff 64bit pref]
Jun 10 15:00:41 opencca-rock5b-rk3588 kernel: pci 0004:40:00.0: supports D1 D2
Jun 10 15:00:41 opencca-rock5b-rk3588 kernel: pci 0004:40:00.0: PME# supported from D0 D1 D3hot
Jun 10 15:00:41 opencca-rock5b-rk3588 kernel: pci 0004:40:00.0: Primary bus is hard wired to 0
Jun 10 15:00:41 opencca-rock5b-rk3588 kernel: pci 0004:40:00.0: bridge configuration invalid ([bus 01-ff]), reconfiguring
Jun 10 15:00:41 opencca-rock5b-rk3588 kernel: pci 0004:41:00.0: [10ec:8125] type 00 class 0x020000 PCIe Endpoint
Jun 10 15:00:41 opencca-rock5b-rk3588 kernel: pci 0004:41:00.0: BAR 0 [io  0x0000-0x00ff]
Jun 10 15:00:41 opencca-rock5b-rk3588 kernel: pci 0004:41:00.0: BAR 2 [mem 0x00000000-0x0000ffff 64bit]
Jun 10 15:00:41 opencca-rock5b-rk3588 kernel: pci 0004:41:00.0: BAR 4 [mem 0x00000000-0x00003fff 64bit]
Jun 10 15:00:41 opencca-rock5b-rk3588 kernel: pci 0004:41:00.0: supports D1 D2
Jun 10 15:00:41 opencca-rock5b-rk3588 kernel: pci 0004:41:00.0: PME# supported from D0 D1 D2 D3hot D3cold
Jun 10 15:00:41 opencca-rock5b-rk3588 kernel: pci_bus 0004:41: busn_res: [bus 41-4f] end is updated to 41
Jun 10 15:00:41 opencca-rock5b-rk3588 kernel: pci 0004:40:00.0: bridge window [mem 0xf4200000-0xf42fffff]: assigned
Jun 10 15:00:41 opencca-rock5b-rk3588 kernel: pci 0004:40:00.0: ROM [mem 0xf4300000-0xf430ffff pref]: assigned
Jun 10 15:00:41 opencca-rock5b-rk3588 kernel: pci 0004:40:00.0: bridge window [io  0x100000-0x100fff]: assigned
Jun 10 15:00:41 opencca-rock5b-rk3588 kernel: pci 0004:41:00.0: BAR 2 [mem 0xf4200000-0xf420ffff 64bit]: assigned
Jun 10 15:00:41 opencca-rock5b-rk3588 kernel: pci 0004:41:00.0: BAR 4 [mem 0xf4210000-0xf4213fff 64bit]: assigned
Jun 10 15:00:41 opencca-rock5b-rk3588 kernel: pci 0004:41:00.0: BAR 0 [io  0x100000-0x1000ff]: assigned
Jun 10 15:00:41 opencca-rock5b-rk3588 kernel: pci 0004:40:00.0: PCI bridge to [bus 41]
Jun 10 15:00:41 opencca-rock5b-rk3588 kernel: pci 0004:40:00.0:   bridge window [io  0x100000-0x100fff]
Jun 10 15:00:41 opencca-rock5b-rk3588 kernel: pci 0004:40:00.0:   bridge window [mem 0xf4200000-0xf42fffff]
Jun 10 15:00:41 opencca-rock5b-rk3588 kernel: pci_bus 0004:40: resource 4 [io  0x100000-0x1fffff]
Jun 10 15:00:41 opencca-rock5b-rk3588 kernel: pci_bus 0004:40: resource 5 [mem 0xf4200000-0xf4ffffff]
Jun 10 15:00:41 opencca-rock5b-rk3588 kernel: pci_bus 0004:40: resource 6 [mem 0xa00000000-0xa3fffffff]
Jun 10 15:00:41 opencca-rock5b-rk3588 kernel: pci_bus 0004:41: resource 0 [io  0x100000-0x100fff]
Jun 10 15:00:41 opencca-rock5b-rk3588 kernel: pci_bus 0004:41: resource 1 [mem 0xf4200000-0xf42fffff]
Jun 10 15:00:41 opencca-rock5b-rk3588 kernel: pcieport 0004:40:00.0: PME: Signaling with IRQ 109
Jun 10 15:00:41 opencca-rock5b-rk3588 kernel: pcieport 0004:40:00.0: AER: enabled with IRQ 110
Jun 10 15:00:41 opencca-rock5b-rk3588 kernel: rockchip-dw-pcie a40800000.pcie: host bridge /pcie@fe170000 ranges:
Jun 10 15:00:41 opencca-rock5b-rk3588 kernel: rockchip-dw-pcie a40800000.pcie:       IO 0x00f2100000..0x00f21fffff -> 0x00f2100000
Jun 10 15:00:41 opencca-rock5b-rk3588 kernel: rockchip-dw-pcie a40800000.pcie:      MEM 0x00f2200000..0x00f2ffffff -> 0x00f2200000
Jun 10 15:00:41 opencca-rock5b-rk3588 kernel: rockchip-dw-pcie a40800000.pcie:      MEM 0x0980000000..0x09bfffffff -> 0x0040000000
Jun 10 15:00:41 opencca-rock5b-rk3588 kernel: rockchip-dw-pcie a40800000.pcie: iATU: unroll T, 8 ob, 8 ib, align 64K, limit 8G
Jun 10 15:00:41 opencca-rock5b-rk3588 kernel: rockchip-dw-pcie a40800000.pcie: PCIe Gen.1 x1 link up
Jun 10 15:00:41 opencca-rock5b-rk3588 kernel: rockchip-dw-pcie a40800000.pcie: PCI host bridge to bus 0002:20
Jun 10 15:00:41 opencca-rock5b-rk3588 kernel: pci_bus 0002:20: root bus resource [bus 20-2f]
Jun 10 15:00:41 opencca-rock5b-rk3588 kernel: pci_bus 0002:20: root bus resource [io  0x200000-0x2fffff] (bus address [0xf2100000-0xf21fffff])
Jun 10 15:00:41 opencca-rock5b-rk3588 kernel: pci_bus 0002:20: root bus resource [mem 0xf2200000-0xf2ffffff]
Jun 10 15:00:41 opencca-rock5b-rk3588 kernel: pci_bus 0002:20: root bus resource [mem 0x980000000-0x9bfffffff] (bus address [0x40000000-0x7fffffff])
Jun 10 15:00:41 opencca-rock5b-rk3588 kernel: r8169 0004:41:00.0: enabling device (0000 -> 0003)
Jun 10 15:00:41 opencca-rock5b-rk3588 kernel: pci 0002:20:00.0: [1d87:3588] type 01 class 0x060400 PCIe Root Port
Jun 10 15:00:41 opencca-rock5b-rk3588 kernel: pci 0002:20:00.0: ROM [mem 0x00000000-0x0000ffff pref]
Jun 10 15:00:41 opencca-rock5b-rk3588 kernel: pci 0002:20:00.0: PCI bridge to [bus 01-ff]
Jun 10 15:00:41 opencca-rock5b-rk3588 kernel: pci 0002:20:00.0:   bridge window [io  0x0000-0x0fff]
Jun 10 15:00:41 opencca-rock5b-rk3588 kernel: pci 0002:20:00.0:   bridge window [mem 0x00000000-0x000fffff]
Jun 10 15:00:41 opencca-rock5b-rk3588 kernel: pci 0002:20:00.0:   bridge window [mem 0x00000000-0x000fffff 64bit pref]
Jun 10 15:00:41 opencca-rock5b-rk3588 kernel: pci 0002:20:00.0: supports D1 D2
Jun 10 15:00:41 opencca-rock5b-rk3588 kernel: pci 0002:20:00.0: PME# supported from D0 D1 D3hot
Jun 10 15:00:41 opencca-rock5b-rk3588 kernel: pci 0002:20:00.0: Primary bus is hard wired to 0
Jun 10 15:00:41 opencca-rock5b-rk3588 kernel: pci 0002:20:00.0: bridge configuration invalid ([bus 01-ff]), reconfiguring
Jun 10 15:00:41 opencca-rock5b-rk3588 kernel: pci 0002:21:00.0: [10ec:b852] type 00 class 0x028000 PCIe Endpoint
Jun 10 15:00:41 opencca-rock5b-rk3588 kernel: pci 0002:21:00.0: BAR 0 [io  0x0000-0x00ff]
Jun 10 15:00:41 opencca-rock5b-rk3588 kernel: pci 0002:21:00.0: BAR 2 [mem 0x00000000-0x000fffff 64bit]
Jun 10 15:00:41 opencca-rock5b-rk3588 kernel: pci 0002:21:00.0: PME# supported from D0 D3hot D3cold
Jun 10 15:00:41 opencca-rock5b-rk3588 kernel: pci_bus 0002:21: busn_res: [bus 21-2f] end is updated to 21
Jun 10 15:00:41 opencca-rock5b-rk3588 kernel: pci 0002:20:00.0: bridge window [mem 0xf2200000-0xf22fffff]: assigned
Jun 10 15:00:41 opencca-rock5b-rk3588 kernel: pci 0002:20:00.0: ROM [mem 0xf2300000-0xf230ffff pref]: assigned
Jun 10 15:00:41 opencca-rock5b-rk3588 kernel: pci 0002:20:00.0: bridge window [io  0x200000-0x200fff]: assigned
Jun 10 15:00:41 opencca-rock5b-rk3588 kernel: pci 0002:21:00.0: BAR 2 [mem 0xf2200000-0xf22fffff 64bit]: assigned
Jun 10 15:00:41 opencca-rock5b-rk3588 kernel: pci 0002:21:00.0: BAR 0 [io  0x200000-0x2000ff]: assigned
Jun 10 15:00:41 opencca-rock5b-rk3588 kernel: pci 0002:20:00.0: PCI bridge to [bus 21]
Jun 10 15:00:41 opencca-rock5b-rk3588 kernel: pci 0002:20:00.0:   bridge window [io  0x200000-0x200fff]
Jun 10 15:00:41 opencca-rock5b-rk3588 kernel: pci 0002:20:00.0:   bridge window [mem 0xf2200000-0xf22fffff]
Jun 10 15:00:41 opencca-rock5b-rk3588 kernel: pci_bus 0002:20: resource 4 [io  0x200000-0x2fffff]
Jun 10 15:00:41 opencca-rock5b-rk3588 kernel: pci_bus 0002:20: resource 5 [mem 0xf2200000-0xf2ffffff]
Jun 10 15:00:41 opencca-rock5b-rk3588 kernel: pci_bus 0002:20: resource 6 [mem 0x980000000-0x9bfffffff]
Jun 10 15:00:41 opencca-rock5b-rk3588 kernel: pci_bus 0002:21: resource 0 [io  0x200000-0x200fff]
Jun 10 15:00:41 opencca-rock5b-rk3588 kernel: pci_bus 0002:21: resource 1 [mem 0xf2200000-0xf22fffff]
Jun 10 15:00:41 opencca-rock5b-rk3588 kernel: pcieport 0002:20:00.0: PME: Signaling with IRQ 121
Jun 10 15:00:41 opencca-rock5b-rk3588 kernel: pcieport 0002:20:00.0: AER: enabled with IRQ 122
Jun 10 15:00:41 opencca-rock5b-rk3588 kernel: r8169 0004:41:00.0 eth0: RTL8125B, 00:e0:4c:0b:07:d5, XID 641, IRQ 123
Jun 10 15:00:41 opencca-rock5b-rk3588 kernel: r8169 0004:41:00.0 eth0: jumbo features [frames: 9194 bytes, tx checksumming: ko]
Jun 10 15:00:41 opencca-rock5b-rk3588 kernel: r8169 0004:41:00.0 enP4p65s0: renamed from eth0
Jun 10 15:00:41 opencca-rock5b-rk3588 kernel: dwmmc_rockchip fe2d0000.mmc: Busy; trying anyway
Jun 10 15:00:41 opencca-rock5b-rk3588 kernel: EXT4-fs (mmcblk1p3): mounted filesystem 94541ef3-02b7-4786-a0ed-70360c0d3cb1 ro with ordered data mode. Quota mode: none.
Jun 10 15:00:41 opencca-rock5b-rk3588 kernel: mmc_host mmc2: Timeout sending command (cmd 0x202000 arg 0x0 status 0x80202000)
Jun 10 15:00:41 opencca-rock5b-rk3588 kernel: mmc_host mmc2: Bus speed (slot 0) = 200000Hz (slot req 200000Hz, actual 200000HZ div = 0)
Jun 10 15:00:41 opencca-rock5b-rk3588 kernel: dwmmc_rockchip fe2d0000.mmc: Busy; trying anyway
Jun 10 15:00:41 opencca-rock5b-rk3588 kernel: mmc_host mmc2: Timeout sending command (cmd 0x202000 arg 0x0 status 0x80202000)
Jun 10 15:00:41 opencca-rock5b-rk3588 kernel: mmc_host mmc2: Bus speed (slot 0) = 187500Hz (slot req 187500Hz, actual 187500HZ div = 0)
Jun 10 15:00:41 opencca-rock5b-rk3588 kernel: NET: Registered PF_INET6 protocol family
Jun 10 15:00:41 opencca-rock5b-rk3588 kernel: Segment Routing with IPv6
Jun 10 15:00:41 opencca-rock5b-rk3588 kernel: In-situ OAM (IOAM) with IPv6
Jun 10 15:00:41 opencca-rock5b-rk3588 systemd[1]: systemd 257.7-1 running in system mode (+PAM +AUDIT +SELINUX +APPARMOR +IMA +IPE +SMACK +SECCOMP +GCRYPT -GNUTLS +OPENSSL +ACL +BLKID +CURL +ELFUTILS +FIDO2 +IDN2 -IDN +IPTC +KMOD +LIBCRYPTSETUP +LIBCRYPTSETUP_PLUGINS +LIBFDISK +PCRE2 +PWQUALITY +P11KIT +QRENCODE +TPM2 +BZIP2 +LZ4 +XZ +ZLIB +ZSTD +BPF_FRAMEWORK +BTF -XKBCOMMON -UTMP +SYSVINIT +LIBARCHIVE)
Jun 10 15:00:41 opencca-rock5b-rk3588 systemd[1]: Detected architecture arm64.
Jun 10 15:00:41 opencca-rock5b-rk3588 systemd[1]: Hostname set to <opencca-rock5b-rk3588>.
Jun 10 15:00:41 opencca-rock5b-rk3588 kernel: dwmmc_rockchip fe2d0000.mmc: Busy; trying anyway
Jun 10 15:00:41 opencca-rock5b-rk3588 systemd[1]: bpf-restrict-fs: BPF LSM hook not enabled in the kernel, BPF LSM not supported.
Jun 10 15:00:41 opencca-rock5b-rk3588 systemd[1]: Queued start job for default target graphical.target.
Jun 10 15:00:41 opencca-rock5b-rk3588 kernel: mmc_host mmc2: Timeout sending command (cmd 0x202000 arg 0x0 status 0x80202000)
Jun 10 15:00:41 opencca-rock5b-rk3588 kernel: mmc2: Failed to initialize a non-removable card
Jun 10 15:00:41 opencca-rock5b-rk3588 systemd[1]: Created slice system-getty.slice - Slice /system/getty.
Jun 10 15:00:41 opencca-rock5b-rk3588 systemd[1]: Created slice system-modprobe.slice - Slice /system/modprobe.
Jun 10 15:00:41 opencca-rock5b-rk3588 systemd[1]: Created slice system-serial\x2dgetty.slice - Slice /system/serial-getty.
Jun 10 15:00:41 opencca-rock5b-rk3588 systemd[1]: Created slice user.slice - User and Session Slice.
Jun 10 15:00:41 opencca-rock5b-rk3588 systemd[1]: Started systemd-ask-password-console.path - Dispatch Password Requests to Console Directory Watch.
Jun 10 15:00:41 opencca-rock5b-rk3588 systemd[1]: Started systemd-ask-password-wall.path - Forward Password Requests to Wall Directory Watch.
Jun 10 15:00:41 opencca-rock5b-rk3588 systemd[1]: Set up automount proc-sys-fs-binfmt_misc.automount - Arbitrary Executable File Formats File System Automount Point.
Jun 10 15:00:41 opencca-rock5b-rk3588 systemd[1]: Expecting device dev-ttyS2.device - /dev/ttyS2...
Jun 10 15:00:41 opencca-rock5b-rk3588 systemd[1]: Reached target paths.target - Path Units.
Jun 10 15:00:41 opencca-rock5b-rk3588 systemd[1]: Reached target remote-fs.target - Remote File Systems.
Jun 10 15:00:41 opencca-rock5b-rk3588 systemd[1]: Reached target slices.target - Slice Units.
Jun 10 15:00:41 opencca-rock5b-rk3588 systemd[1]: Reached target swap.target - Swaps.
Jun 10 15:00:41 opencca-rock5b-rk3588 systemd[1]: Listening on systemd-creds.socket - Credential Encryption/Decryption.
Jun 10 15:00:41 opencca-rock5b-rk3588 systemd[1]: Listening on systemd-initctl.socket - initctl Compatibility Named Pipe.
Jun 10 15:00:41 opencca-rock5b-rk3588 systemd[1]: Listening on systemd-journald-dev-log.socket - Journal Socket (/dev/log).
Jun 10 15:00:41 opencca-rock5b-rk3588 systemd[1]: Listening on systemd-journald.socket - Journal Sockets.
Jun 10 15:00:41 opencca-rock5b-rk3588 systemd[1]: Listening on systemd-networkd.socket - Network Service Netlink Socket.
Jun 10 15:00:41 opencca-rock5b-rk3588 systemd[1]: systemd-pcrextend.socket - TPM PCR Measurements was skipped because of an unmet condition check (ConditionSecurity=measured-uki).
Jun 10 15:00:41 opencca-rock5b-rk3588 systemd[1]: systemd-pcrlock.socket - Make TPM PCR Policy was skipped because of an unmet condition check (ConditionSecurity=measured-uki).
Jun 10 15:00:41 opencca-rock5b-rk3588 systemd[1]: Listening on systemd-udevd-control.socket - udev Control Socket.
Jun 10 15:00:41 opencca-rock5b-rk3588 systemd[1]: Listening on systemd-udevd-kernel.socket - udev Kernel Socket.
Jun 10 15:00:41 opencca-rock5b-rk3588 systemd[1]: Mounting dev-hugepages.mount - Huge Pages File System...
Jun 10 15:00:41 opencca-rock5b-rk3588 systemd[1]: Mounting dev-mqueue.mount - POSIX Message Queue File System...
Jun 10 15:00:41 opencca-rock5b-rk3588 systemd[1]: Mounting run-lock.mount - Legacy Locks Directory /run/lock...
Jun 10 15:00:41 opencca-rock5b-rk3588 systemd[1]: Mounting sys-kernel-debug.mount - Kernel Debug File System...
Jun 10 15:00:41 opencca-rock5b-rk3588 systemd[1]: Mounting sys-kernel-tracing.mount - Kernel Trace File System...
Jun 10 15:00:41 opencca-rock5b-rk3588 systemd[1]: Mounting tmp.mount - Temporary Directory /tmp...
Jun 10 15:00:41 opencca-rock5b-rk3588 systemd[1]: Starting kmod-static-nodes.service - Create List of Static Device Nodes...
Jun 10 15:00:41 opencca-rock5b-rk3588 systemd[1]: Starting modprobe@configfs.service - Load Kernel Module configfs...
Jun 10 15:00:41 opencca-rock5b-rk3588 systemd[1]: Starting modprobe@dm_mod.service - Load Kernel Module dm_mod...
Jun 10 15:00:41 opencca-rock5b-rk3588 systemd[1]: Starting modprobe@drm.service - Load Kernel Module drm...
Jun 10 15:00:41 opencca-rock5b-rk3588 systemd[1]: Starting modprobe@efi_pstore.service - Load Kernel Module efi_pstore...
Jun 10 15:00:41 opencca-rock5b-rk3588 systemd[1]: Starting modprobe@fuse.service - Load Kernel Module fuse...
Jun 10 15:00:41 opencca-rock5b-rk3588 systemd[1]: Starting modprobe@loop.service - Load Kernel Module loop...
Jun 10 15:00:41 opencca-rock5b-rk3588 systemd[1]: systemd-fsck-root.service - File System Check on Root Device was skipped because of an unmet condition check (ConditionPathExists=!/run/initramfs/fsck-root).
Jun 10 15:00:41 opencca-rock5b-rk3588 systemd[1]: systemd-hibernate-clear.service - Clear Stale Hibernate Storage Info was skipped because of an unmet condition check (ConditionPathExists=/sys/firmware/efi/efivars/HibernateLocation-8cf2644b-4b0b-428f-9387-6d876050dc67).
Jun 10 15:00:41 opencca-rock5b-rk3588 systemd[1]: Starting systemd-journald.service - Journal Service...
Jun 10 15:00:41 opencca-rock5b-rk3588 systemd[1]: Starting systemd-modules-load.service - Load Kernel Modules...
Jun 10 15:00:41 opencca-rock5b-rk3588 systemd[1]: Starting systemd-network-generator.service - Generate network units from Kernel command line...
Jun 10 15:00:41 opencca-rock5b-rk3588 systemd[1]: systemd-pcrmachine.service - TPM PCR Machine ID Measurement was skipped because of an unmet condition check (ConditionSecurity=measured-uki).
Jun 10 15:00:41 opencca-rock5b-rk3588 systemd[1]: Starting systemd-remount-fs.service - Remount Root and Kernel File Systems...
Jun 10 15:00:41 opencca-rock5b-rk3588 systemd[1]: systemd-tpm2-setup-early.service - Early TPM SRK Setup was skipped because of an unmet condition check (ConditionSecurity=measured-uki).
Jun 10 15:00:41 opencca-rock5b-rk3588 systemd[1]: Starting systemd-udev-load-credentials.service - Load udev Rules from Credentials...
Jun 10 15:00:41 opencca-rock5b-rk3588 systemd[1]: Starting systemd-udev-trigger.service - Coldplug All udev Devices...
Jun 10 15:00:41 opencca-rock5b-rk3588 systemd[1]: Mounted dev-hugepages.mount - Huge Pages File System.
Jun 10 15:00:41 opencca-rock5b-rk3588 systemd[1]: Mounted dev-mqueue.mount - POSIX Message Queue File System.
Jun 10 15:00:41 opencca-rock5b-rk3588 systemd[1]: Mounted run-lock.mount - Legacy Locks Directory /run/lock.
Jun 10 15:00:41 opencca-rock5b-rk3588 systemd[1]: Mounted sys-kernel-debug.mount - Kernel Debug File System.
Jun 10 15:00:41 opencca-rock5b-rk3588 systemd[1]: Mounted sys-kernel-tracing.mount - Kernel Trace File System.
Jun 10 15:00:41 opencca-rock5b-rk3588 systemd[1]: Mounted tmp.mount - Temporary Directory /tmp.
Jun 10 15:00:41 opencca-rock5b-rk3588 systemd[1]: Finished kmod-static-nodes.service - Create List of Static Device Nodes.
Jun 10 15:00:41 opencca-rock5b-rk3588 systemd[1]: Starting systemd-tmpfiles-setup-dev-early.service - Create Static Device Nodes in /dev gracefully...
Jun 10 15:00:41 opencca-rock5b-rk3588 systemd[1]: modprobe@configfs.service: Deactivated successfully.
Jun 10 15:00:41 opencca-rock5b-rk3588 systemd[1]: Finished modprobe@configfs.service - Load Kernel Module configfs.
Jun 10 15:00:41 opencca-rock5b-rk3588 systemd[1]: Mounting sys-kernel-config.mount - Kernel Configuration File System...
Jun 10 15:00:41 opencca-rock5b-rk3588 systemd[1]: modprobe@efi_pstore.service: Deactivated successfully.
Jun 10 15:00:41 opencca-rock5b-rk3588 systemd[1]: Finished modprobe@efi_pstore.service - Load Kernel Module efi_pstore.
Jun 10 15:00:41 opencca-rock5b-rk3588 systemd[1]: modprobe@drm.service: Deactivated successfully.
Jun 10 15:00:41 opencca-rock5b-rk3588 systemd[1]: Finished modprobe@drm.service - Load Kernel Module drm.
Jun 10 15:00:41 opencca-rock5b-rk3588 systemd[1]: Mounted sys-kernel-config.mount - Kernel Configuration File System.
Jun 10 15:00:41 opencca-rock5b-rk3588 systemd[1]: modprobe@loop.service: Deactivated successfully.
Jun 10 15:00:41 opencca-rock5b-rk3588 systemd[1]: Finished modprobe@loop.service - Load Kernel Module loop.
Jun 10 15:00:41 opencca-rock5b-rk3588 systemd[1]: modprobe@fuse.service: Deactivated successfully.
Jun 10 15:00:41 opencca-rock5b-rk3588 systemd[1]: Finished modprobe@fuse.service - Load Kernel Module fuse.
Jun 10 15:00:41 opencca-rock5b-rk3588 systemd[1]: Finished systemd-network-generator.service - Generate network units from Kernel command line.
Jun 10 15:00:41 opencca-rock5b-rk3588 systemd[1]: Reached target network-pre.target - Preparation for Network.
Jun 10 15:00:41 opencca-rock5b-rk3588 kernel: device-mapper: ioctl: 4.48.0-ioctl (2023-03-01) initialised: dm-devel@lists.linux.dev
Jun 10 15:00:41 opencca-rock5b-rk3588 systemd[1]: modprobe@dm_mod.service: Deactivated successfully.
Jun 10 15:00:41 opencca-rock5b-rk3588 systemd[1]: Finished modprobe@dm_mod.service - Load Kernel Module dm_mod.
Jun 10 15:00:41 opencca-rock5b-rk3588 kernel: EXT4-fs (mmcblk1p3): re-mounted 94541ef3-02b7-4786-a0ed-70360c0d3cb1 r/w. Quota mode: none.
Jun 10 15:00:41 opencca-rock5b-rk3588 systemd-journald[185]: Collecting audit messages is disabled.
Jun 10 15:00:41 opencca-rock5b-rk3588 systemd[1]: Starting systemd-repart.service - Repartition Root Disk...
Jun 10 15:00:41 opencca-rock5b-rk3588 systemd[1]: Finished systemd-modules-load.service - Load Kernel Modules.
Jun 10 15:00:41 opencca-rock5b-rk3588 systemd[1]: Finished systemd-remount-fs.service - Remount Root and Kernel File Systems.
Jun 10 15:00:41 opencca-rock5b-rk3588 systemd[1]: Finished systemd-udev-load-credentials.service - Load udev Rules from Credentials.
Jun 10 15:00:41 opencca-rock5b-rk3588 systemd[1]: systemd-hwdb-update.service - Rebuild Hardware Database was skipped because of an unmet condition check (ConditionNeedsUpdate=/etc).
Jun 10 15:00:41 opencca-rock5b-rk3588 systemd[1]: systemd-pstore.service - Platform Persistent Storage Archival was skipped because of an unmet condition check (ConditionDirectoryNotEmpty=/sys/fs/pstore).
Jun 10 15:00:41 opencca-rock5b-rk3588 systemd[1]: Starting systemd-random-seed.service - Load/Save OS Random Seed...
Jun 10 15:00:41 opencca-rock5b-rk3588 systemd[1]: Starting systemd-sysctl.service - Apply Kernel Variables...
Jun 10 15:00:41 opencca-rock5b-rk3588 systemd[1]: systemd-tpm2-setup.service - TPM SRK Setup was skipped because of an unmet condition check (ConditionSecurity=measured-uki).
Jun 10 15:00:41 opencca-rock5b-rk3588 systemd[1]: Finished systemd-tmpfiles-setup-dev-early.service - Create Static Device Nodes in /dev gracefully.
Jun 10 15:00:41 opencca-rock5b-rk3588 systemd[1]: systemd-sysusers.service - Create System Users was skipped because no trigger condition checks were met.
Jun 10 15:00:41 opencca-rock5b-rk3588 systemd[1]: Starting systemd-timesyncd.service - Network Time Synchronization...
Jun 10 15:00:41 opencca-rock5b-rk3588 systemd[1]: Starting systemd-tmpfiles-setup-dev.service - Create Static Device Nodes in /dev...
Jun 10 15:00:41 opencca-rock5b-rk3588 systemd[1]: Finished systemd-sysctl.service - Apply Kernel Variables.
Jun 10 15:00:41 opencca-rock5b-rk3588 systemd[1]: Starting systemd-resolved.service - Network Name Resolution...
Jun 10 15:00:41 opencca-rock5b-rk3588 systemd[1]: Finished systemd-repart.service - Repartition Root Disk.
Jun 10 15:00:41 opencca-rock5b-rk3588 systemd[1]: Starting systemd-growfs-root.service - Grow Root File System...
Jun 10 15:00:41 opencca-rock5b-rk3588 systemd[1]: Finished systemd-tmpfiles-setup-dev.service - Create Static Device Nodes in /dev.
Jun 10 15:00:41 opencca-rock5b-rk3588 systemd[1]: Reached target local-fs-pre.target - Preparation for Local File Systems.
Jun 10 15:00:41 opencca-rock5b-rk3588 systemd[1]: Starting systemd-udevd.service - Rule-based Manager for Device Events and Files...
Jun 10 15:00:41 opencca-rock5b-rk3588 systemd[1]: Mounting sys-fs-fuse-connections.mount - FUSE Control File System...
Jun 10 15:00:41 opencca-rock5b-rk3588 kernel: EXT4-fs (mmcblk1p3): resizing filesystem from 7787643 to 7787643 blocks
Jun 10 15:00:41 opencca-rock5b-rk3588 systemd[1]: Mounted sys-fs-fuse-connections.mount - FUSE Control File System.
Jun 10 15:00:41 opencca-rock5b-rk3588 systemd[1]: Finished systemd-growfs-root.service - Grow Root File System.
Jun 10 15:00:41 opencca-rock5b-rk3588 systemd[1]: Reached target local-fs.target - Local File Systems.
Jun 10 15:00:41 opencca-rock5b-rk3588 systemd[1]: Listening on systemd-sysext.socket - System Extension Image Management.
Jun 10 15:00:41 opencca-rock5b-rk3588 systemd[1]: Starting systemd-binfmt.service - Set Up Additional Binary Formats...
Jun 10 15:00:41 opencca-rock5b-rk3588 systemd-journald[185]: Journal started
Jun 10 15:00:41 opencca-rock5b-rk3588 systemd-journald[185]: Runtime Journal (/run/log/journal/4edc908ee7b34dd2a63a4c2002912665) is 4.1M, max 33M, 28.9M free.
Jun 10 15:00:41 opencca-rock5b-rk3588 systemd-modules-load[186]: Failed to find module 'pkcs8_key_parser'
Jun 10 15:00:41 opencca-rock5b-rk3588 systemd-random-seed[201]: Kernel entropy pool is not initialized yet, waiting until it is.
Jun 10 15:00:41 opencca-rock5b-rk3588 systemd-repart[200]: No changes.
Jun 10 15:00:42 opencca-rock5b-rk3588 systemd[1]: Started systemd-journald.service - Journal Service.
Jun 10 15:00:41 opencca-rock5b-rk3588 systemd-growfs[211]: Successfully resized "/" to 29.7G bytes.
Jun 10 15:00:42 opencca-rock5b-rk3588 systemd[1]: Starting systemd-journal-flush.service - Flush Journal to Persistent Storage...
Jun 10 15:00:42 opencca-rock5b-rk3588 systemd-repart[200]: TYPE          LABEL   UUID                                 PARTNO FILE              RAW SIZE      SIZE PADDING
Jun 10 15:00:42 opencca-rock5b-rk3588 systemd-repart[200]: esp           root    44bdac39-2230-408d-9267-95c7a2056809 2      50-rootfs.conf 31898185728     29.7G 0B
Jun 10 15:00:42 opencca-rock5b-rk3588 systemd-repart[200]: linux-generic loader1 0054e82c-66e5-44d2-b1db-a81e65420e65 0                         3637760      3.4M 4.4M
Jun 10 15:00:42 opencca-rock5b-rk3588 systemd-repart[200]: linux-generic loader2 8a6338a7-e59f-415a-92fe-ca16d8a017df 1                         4194304        4M 4M
Jun 10 15:00:42 opencca-rock5b-rk3588 systemd-repart[200]:                                                                                              Σ = 29.7G Σ = 8.4M
Jun 10 15:00:42 opencca-rock5b-rk3588 systemd-repart[200]:  ▒▒▒▒▒▒▒▒▒▒▒▒▒▒▒▒▒▒▒▒▒▒▒▒▒▒▒▒▒▒▒▒▒▒▒▒▒▒▒▒▒▒▒▒▒▒▒▒▒▒▒▒▒▒▒▒▒▒▒▒▒▒▒▒▒▒▒▒▒▒▒▒▒▒▒▒▒░
Jun 10 15:00:42 opencca-rock5b-rk3588 systemd-repart[200]:  ├─ loader2
Jun 10 15:00:42 opencca-rock5b-rk3588 systemd-repart[200]:  ├─ loader1
Jun 10 15:00:42 opencca-rock5b-rk3588 systemd-repart[200]:  └─ 50-rootfs.conf
Jun 10 15:00:42 opencca-rock5b-rk3588 systemd[1]: proc-sys-fs-binfmt_misc.automount: Got automount request for /proc/sys/fs/binfmt_misc, triggered by 216 (systemd-binfmt)
Jun 10 15:00:42 opencca-rock5b-rk3588 systemd[1]: Mounting proc-sys-fs-binfmt_misc.mount - Arbitrary Executable File Formats File System...
Jun 10 15:00:42 opencca-rock5b-rk3588 systemd[1]: Mounted proc-sys-fs-binfmt_misc.mount - Arbitrary Executable File Formats File System.
Jun 10 15:00:42 opencca-rock5b-rk3588 systemd[1]: Finished systemd-binfmt.service - Set Up Additional Binary Formats.
Jun 10 15:00:42 opencca-rock5b-rk3588 systemd-journald[185]: Time spent on flushing to /var/log/journal/4edc908ee7b34dd2a63a4c2002912665 is 885.035ms for 653 entries.
Jun 10 15:00:42 opencca-rock5b-rk3588 systemd-journald[185]: System Journal (/var/log/journal/4edc908ee7b34dd2a63a4c2002912665) is 591.1M, max 2.9G, 2.3G free.
Jun 10 15:00:44 opencca-rock5b-rk3588 systemd-journald[185]: Received client request to flush runtime journal.
Jun 10 15:00:42 opencca-rock5b-rk3588 systemd[1]: Started systemd-timesyncd.service - Network Time Synchronization.
Jun 10 15:00:42 opencca-rock5b-rk3588 systemd[1]: Reached target time-set.target - System Time Set.
Jun 10 15:00:42 opencca-rock5b-rk3588 systemd-udevd[213]: Using default interface naming scheme 'v257'.
Jun 10 15:00:42 opencca-rock5b-rk3588 systemd-resolved[210]: Positive Trust Anchors:
Jun 10 15:00:42 opencca-rock5b-rk3588 systemd-resolved[210]: . IN DS 20326 8 2 e06d44b80b8f1d39a95c0b0d7c65d08458e880409bbc683457104237c7f8ec8d
Jun 10 15:00:42 opencca-rock5b-rk3588 systemd-resolved[210]: . IN DS 38696 8 2 683d2d0acb8c9b712a1948b27f741219298d0a450d612c483af444a4c0fb2b16
Jun 10 15:00:42 opencca-rock5b-rk3588 systemd-resolved[210]: Negative trust anchors: home.arpa 10.in-addr.arpa 16.172.in-addr.arpa 17.172.in-addr.arpa 18.172.in-addr.arpa 19.172.in-addr.arpa 20.172.in-addr.arpa 21.172.in-addr.arpa 22.172.in-addr.arpa 23.172.in-addr.arpa 24.172.in-addr.arpa 25.172.in-addr.arpa 26.172.in-addr.arpa 27.172.in-addr.arpa 28.172.in-addr.arpa 29.172.in-addr.arpa 30.172.in-addr.arpa 31.172.in-addr.arpa 170.0.0.192.in-addr.arpa 171.0.0.192.in-addr.arpa 168.192.in-addr.arpa d.f.ip6.arpa ipv4only.arpa resolver.arpa corp home internal intranet lan local private test
Jun 10 15:00:43 opencca-rock5b-rk3588 systemd-udevd[213]: /usr/lib/udev/rules.d/90-alsa-restore.rules:18 GOTO="alsa_restore_std" has no matching label, ignoring.
Jun 10 15:00:43 opencca-rock5b-rk3588 systemd-udevd[213]: /usr/lib/udev/rules.d/90-alsa-restore.rules:18 The line has no effect any more, dropping.
Jun 10 15:00:43 opencca-rock5b-rk3588 systemd-udevd[213]: /usr/lib/udev/rules.d/90-alsa-restore.rules:22 GOTO="alsa_restore_std" has no matching label, ignoring.
Jun 10 15:00:43 opencca-rock5b-rk3588 systemd-udevd[213]: /usr/lib/udev/rules.d/90-alsa-restore.rules:22 The line has no effect any more, dropping.
Jun 10 15:00:43 opencca-rock5b-rk3588 systemd[1]: Started systemd-udevd.service - Rule-based Manager for Device Events and Files.
Jun 10 15:00:43 opencca-rock5b-rk3588 systemd[1]: Starting systemd-networkd.service - Network Configuration...
Jun 10 15:00:43 opencca-rock5b-rk3588 systemd-timesyncd[204]: Network configuration changed, trying to establish connection.
Jun 10 15:00:43 opencca-rock5b-rk3588 systemd-timesyncd[204]: Network configuration changed, trying to establish connection.
Jun 10 15:00:43 opencca-rock5b-rk3588 systemd[1]: Finished systemd-udev-trigger.service - Coldplug All udev Devices.
Jun 10 15:00:43 opencca-rock5b-rk3588 systemd[1]: Starting ifupdown-pre.service - Helper to synchronize boot up for ifupdown...
Jun 10 15:00:44 opencca-rock5b-rk3588 systemd-timesyncd[204]: Network configuration changed, trying to establish connection.
Jun 10 15:00:44 opencca-rock5b-rk3588 systemd-timesyncd[204]: Network configuration changed, trying to establish connection.
Jun 10 15:00:44 opencca-rock5b-rk3588 systemd[1]: Finished systemd-journal-flush.service - Flush Journal to Persistent Storage.
Jun 10 15:00:44 opencca-rock5b-rk3588 systemd[1]: Starting systemd-tmpfiles-setup.service - Create System Files and Directories...
Jun 10 15:00:44 opencca-rock5b-rk3588 systemd[1]: Found device dev-ttyS2.device - /dev/ttyS2.
Jun 10 15:00:44 opencca-rock5b-rk3588 systemd-tmpfiles[271]: /usr/lib/tmpfiles.d/legacy.conf:14: Duplicate line for path "/run/lock", ignoring.
Jun 10 15:00:44 opencca-rock5b-rk3588 kernel: cfg80211: Loading compiled-in X.509 certificates for regulatory database
Jun 10 15:00:44 opencca-rock5b-rk3588 kernel: Loaded X.509 cert 'sforshee: 00b28ddf47aef9cea7'
Jun 10 15:00:44 opencca-rock5b-rk3588 kernel: Loaded X.509 cert 'wens: 61c038651aabdcf94bd0ac7ff06c7248db18c600'
Jun 10 15:00:44 opencca-rock5b-rk3588 kernel: platform regulatory.0: Direct firmware load for regulatory.db failed with error -2
Jun 10 15:00:44 opencca-rock5b-rk3588 kernel: cfg80211: failed to load regulatory.db
Jun 10 15:00:44 opencca-rock5b-rk3588 systemd[1]: Finished ifupdown-pre.service - Helper to synchronize boot up for ifupdown.
Jun 10 15:00:44 opencca-rock5b-rk3588 systemd[1]: Starting networking.service - Raise network interfaces...
Jun 10 15:00:44 opencca-rock5b-rk3588 systemd-networkd[250]: lo: Link UP
Jun 10 15:00:44 opencca-rock5b-rk3588 systemd-networkd[250]: lo: Gained carrier
Jun 10 15:00:45 opencca-rock5b-rk3588 systemd[1]: Finished systemd-tmpfiles-setup.service - Create System Files and Directories.
Jun 10 15:00:45 opencca-rock5b-rk3588 systemd[1]: ldconfig.service - Rebuild Dynamic Linker Cache was skipped because no trigger condition checks were met.
Jun 10 15:00:45 opencca-rock5b-rk3588 systemd[1]: systemd-firstboot.service - First Boot Wizard was skipped because of an unmet condition check (ConditionFirstBoot=yes).
Jun 10 15:00:45 opencca-rock5b-rk3588 systemd[1]: systemd-journal-catalog-update.service - Rebuild Journal Catalog was skipped because of an unmet condition check (ConditionNeedsUpdate=/var).
Jun 10 15:00:45 opencca-rock5b-rk3588 systemd[1]: systemd-update-done.service - Update is Completed was skipped because no trigger condition checks were met.
Jun 10 15:00:45 opencca-rock5b-rk3588 systemd-networkd[250]: Unable to load sysctl monitor BPF program, ignoring: No such process.
Jun 10 15:00:45 opencca-rock5b-rk3588 systemd[1]: Started systemd-networkd.service - Network Configuration.
Jun 10 15:00:45 opencca-rock5b-rk3588 systemd[1]: Starting systemd-networkd-persistent-storage.service - Enable Persistent Storage in systemd-networkd...
Jun 10 15:00:45 opencca-rock5b-rk3588 systemd-networkd[250]: enP4p65s0: Configuring with /etc/systemd/network/wired.network.
Jun 10 15:00:45 opencca-rock5b-rk3588 kernel: RTL8226B_RTL8221B 2.5Gbps PHY r8169-4-4100:00: attached PHY driver (mii_bus:phy_addr=r8169-4-4100:00, irq=MAC)
Jun 10 15:00:45 opencca-rock5b-rk3588 kernel: r8169 0004:41:00.0 enP4p65s0: Link is Down
Jun 10 15:00:45 opencca-rock5b-rk3588 systemd-networkd[250]: enP4p65s0: Link UP
Jun 10 15:00:45 opencca-rock5b-rk3588 systemd[1]: Finished systemd-networkd-persistent-storage.service - Enable Persistent Storage in systemd-networkd.
Jun 10 15:00:45 opencca-rock5b-rk3588 systemd[1]: Finished networking.service - Raise network interfaces.
Jun 10 15:00:47 opencca-rock5b-rk3588 systemd[1]: Reached target usb-gadget.target - Hardware activated USB gadget.
Jun 10 15:00:47 opencca-rock5b-rk3588 kernel: r8169 0004:41:00.0 enP4p65s0: Link is Up - 100Mbps/Full - flow control rx/tx
Jun 10 15:00:47 opencca-rock5b-rk3588 systemd-networkd[250]: enP4p65s0: Gained carrier
Jun 10 15:00:47 opencca-rock5b-rk3588 systemd-networkd[250]: enP4p65s0: DHCPv4 address 192.168.31.18/24, gateway 192.168.31.1 acquired from 192.168.31.1
Jun 10 15:00:47 opencca-rock5b-rk3588 systemd-timesyncd[204]: Network configuration changed, trying to establish connection.
Jun 10 15:00:48 opencca-rock5b-rk3588 systemd-networkd[250]: enP4p65s0: Gained IPv6LL
Jun 10 15:00:48 opencca-rock5b-rk3588 systemd-timesyncd[204]: Network configuration changed, trying to establish connection.
Jun 10 15:00:48 opencca-rock5b-rk3588 kernel: random: crng init done
Jun 10 15:00:48 opencca-rock5b-rk3588 kernel: mc: Linux media interface: v0.10
Jun 10 15:00:48 opencca-rock5b-rk3588 kernel: panthor fb000000.gpu: [drm] clock rate = 198000000
Jun 10 15:00:49 opencca-rock5b-rk3588 kernel: panthor fb000000.gpu: EM: created perf domain
Jun 10 15:00:49 opencca-rock5b-rk3588 kernel: panthor fb000000.gpu: [drm] mali-g610 id 0xa867 major 0x0 minor 0x0 status 0x5
Jun 10 15:00:49 opencca-rock5b-rk3588 kernel: panthor fb000000.gpu: [drm] Features: L2:0x7120306 Tiler:0x809 Mem:0x301 MMU:0x2830 AS:0xff
Jun 10 15:00:49 opencca-rock5b-rk3588 kernel: panthor fb000000.gpu: [drm] shader_present=0x50005 l2_present=0x1 tiler_present=0x1
Jun 10 15:00:49 opencca-rock5b-rk3588 kernel: videodev: Linux video capture interface: v2.00
Jun 10 15:00:49 opencca-rock5b-rk3588 kernel: rockchip-thermal fec00000.tsadc: Missing rockchip,grf property
Jun 10 15:00:49 opencca-rock5b-rk3588 kernel: input: rk3588-es8316 Headphones as /devices/platform/analog-sound/sound/card0/input0
Jun 10 15:00:49 opencca-rock5b-rk3588 kernel: input: rk805 pwrkey as /devices/platform/feb20000.spi/spi_master/spi2/spi2.0/rk805-pwrkey.2.auto/input/input1
Jun 10 15:00:49 opencca-rock5b-rk3588 kernel: panthor fb000000.gpu: [drm] Firmware protected mode entry not be supported, ignoring
Jun 10 15:00:49 opencca-rock5b-rk3588 kernel: panthor fb000000.gpu: [drm] CSF FW v1.1.0, Features 0x0 Instrumentation features 0x71
Jun 10 15:00:49 opencca-rock5b-rk3588 kernel: [drm] Initialized panthor 1.0.0 for fb000000.gpu on minor 1
Jun 10 15:00:49 opencca-rock5b-rk3588 systemd[1]: Finished systemd-random-seed.service - Load/Save OS Random Seed.
Jun 10 15:00:49 opencca-rock5b-rk3588 systemd[1]: first-boot-complete.target - First Boot Complete was skipped because of an unmet condition check (ConditionFirstBoot=yes).
Jun 10 15:00:49 opencca-rock5b-rk3588 systemd[1]: systemd-machine-id-commit.service - Save Transient machine-id to Disk was skipped because of an unmet condition check (ConditionPathIsMountPoint=/etc/machine-id).
Jun 10 15:00:50 opencca-rock5b-rk3588 systemd-resolved[210]: Using system hostname 'opencca-rock5b-rk3588'.
Jun 10 15:00:50 opencca-rock5b-rk3588 kernel: snps_hdmirx fdee0000.hdmi_receiver: assigned reserved memory node hdmi-receiver-cma
Jun 10 15:00:50 opencca-rock5b-rk3588 systemd[1]: Started systemd-resolved.service - Network Name Resolution.
Jun 10 15:00:50 opencca-rock5b-rk3588 systemd[1]: Reached target network.target - Network.
Jun 10 15:00:50 opencca-rock5b-rk3588 systemd[1]: Reached target nss-lookup.target - Host and Network Name Lookups.
Jun 10 15:00:50 opencca-rock5b-rk3588 kernel: rkvdec2 fdc40000.video-decoder: missing multi-core support, ignoring this instance
Jun 10 15:00:50 opencca-rock5b-rk3588 systemd[1]: Reached target sysinit.target - System Initialization.
Jun 10 15:00:50 opencca-rock5b-rk3588 kernel: hantro-vpu fdb50000.video-codec: Adding to iommu group 1
Jun 10 15:00:50 opencca-rock5b-rk3588 kernel: hantro-vpu fdb50000.video-codec: registered rockchip,rk3568-vpu-dec as /dev/video2
Jun 10 15:00:50 opencca-rock5b-rk3588 systemd[1]: Started apt-daily.timer - Daily apt download activities.
Jun 10 15:00:50 opencca-rock5b-rk3588 kernel: hantro-vpu fdba0000.video-codec: Adding to iommu group 2
Jun 10 15:00:50 opencca-rock5b-rk3588 kernel: hantro-vpu fdba0000.video-codec: registered rockchip,rk3588-vepu121-enc as /dev/video3
Jun 10 15:00:50 opencca-rock5b-rk3588 systemd[1]: Started apt-daily-upgrade.timer - Daily apt upgrade and clean activities.
Jun 10 15:00:50 opencca-rock5b-rk3588 systemd[1]: Started dpkg-db-backup.timer - Daily dpkg database backup timer.
Jun 10 15:00:50 opencca-rock5b-rk3588 kernel: hantro-vpu fdba4000.video-codec: Adding to iommu group 3
Jun 10 15:00:50 opencca-rock5b-rk3588 kernel: hantro-vpu fdba4000.video-codec: missing multi-core support, ignoring this instance
Jun 10 15:00:50 opencca-rock5b-rk3588 kernel: hantro-vpu fdba8000.video-codec: Adding to iommu group 4
Jun 10 15:00:50 opencca-rock5b-rk3588 kernel: hantro-vpu fdba8000.video-codec: missing multi-core support, ignoring this instance
Jun 10 15:00:50 opencca-rock5b-rk3588 kernel: hantro-vpu fdbac000.video-codec: Adding to iommu group 5
Jun 10 15:00:50 opencca-rock5b-rk3588 kernel: hantro-vpu fdbac000.video-codec: missing multi-core support, ignoring this instance
Jun 10 15:00:50 opencca-rock5b-rk3588 systemd[1]: Started e2scrub_all.timer - Periodic ext4 Online Metadata Check for All Filesystems.
Jun 10 15:00:50 opencca-rock5b-rk3588 systemd[1]: Started fstrim.timer - Discard unused filesystem blocks once a week.
Jun 10 15:00:50 opencca-rock5b-rk3588 systemd[1]: Started logrotate.timer - Daily rotation of log files.
Jun 10 15:00:50 opencca-rock5b-rk3588 systemd[1]: Started systemd-tmpfiles-clean.timer - Daily Cleanup of Temporary Directories.
Jun 10 15:00:50 opencca-rock5b-rk3588 kernel: hantro-vpu fdc70000.video-codec: registered rockchip,rk3588-av1-vpu-dec as /dev/video4
Jun 10 15:00:50 opencca-rock5b-rk3588 systemd[1]: Reached target timers.target - Timer Units.
Jun 10 15:00:50 opencca-rock5b-rk3588 systemd[1]: Listening on dbus.socket - D-Bus System Message Bus Socket.
Jun 10 15:00:50 opencca-rock5b-rk3588 systemd[1]: Listening on sshd-unix-local.socket - OpenSSH Server Socket (systemd-ssh-generator, AF_UNIX Local).
Jun 10 15:00:50 opencca-rock5b-rk3588 systemd[1]: Listening on systemd-hostnamed.socket - Hostname Service Socket.
Jun 10 15:00:50 opencca-rock5b-rk3588 systemd[1]: Reached target sockets.target - Socket Units.
Jun 10 15:00:50 opencca-rock5b-rk3588 systemd[1]: Listening on systemd-rfkill.socket - Load/Save RF Kill Switch Status /dev/rfkill Watch.
Jun 10 15:00:50 opencca-rock5b-rk3588 systemd[1]: systemd-pcrphase-sysinit.service - TPM PCR Barrier (Initialization) was skipped because of an unmet condition check (ConditionSecurity=measured-uki).
Jun 10 15:00:50 opencca-rock5b-rk3588 systemd[1]: Reached target basic.target - Basic System.
Jun 10 15:00:50 opencca-rock5b-rk3588 systemd[1]: System is tainted: unmerged-bin
Jun 10 15:00:50 opencca-rock5b-rk3588 kernel: rtw89_8852be 0002:21:00.0: loaded firmware rtw89/rtw8852b_fw-1.bin
Jun 10 15:00:51 opencca-rock5b-rk3588 kernel: ACPI: <n/a>: failed to evaluate _DSM e8c3a8d2-694b-004f-82bd-fe8607803aa7 rev:0 func:5 (0x1001)
Jun 10 15:00:51 opencca-rock5b-rk3588 kernel: rtw89_8852be 0002:21:00.0: enabling device (0000 -> 0003)
Jun 10 15:00:51 opencca-rock5b-rk3588 kernel: rtw89_8852be 0002:21:00.0: Firmware version 0.29.29.8 (39dbf50f), cmd version 0, type 5
Jun 10 15:00:51 opencca-rock5b-rk3588 kernel: rtw89_8852be 0002:21:00.0: Firmware version 0.29.29.8 (39dbf50f), cmd version 0, type 3
Jun 10 15:00:51 opencca-rock5b-rk3588 kernel: rtw89_8852be 0002:21:00.0: chip rfe_type is 5
Jun 10 15:00:51 opencca-rock5b-rk3588 kernel: ACPI: <n/a>: failed to evaluate _DSM e8c3a8d2-694b-004f-82bd-fe8607803aa7 rev:0 func:6 (0x1001)
Jun 10 15:00:51 opencca-rock5b-rk3588 kernel: rtw89_8852be 0002:21:00.0: rfkill hardware state changed to enable
Jun 10 15:00:50 opencca-rock5b-rk3588 cron[332]: (CRON) INFO (pidfile fd = 3)
Jun 10 15:00:50 opencca-rock5b-rk3588 systemd[1]: Started cron.service - Regular background program processing daemon.
Jun 10 15:00:50 opencca-rock5b-rk3588 cron[332]: (CRON) INFO (Running @reboot jobs)
Jun 10 15:00:50 opencca-rock5b-rk3588 systemd[1]: Starting dbus.service - D-Bus System Message Bus...
Jun 10 15:00:50 opencca-rock5b-rk3588 systemd[1]: Starting e2scrub_reap.service - Remove Stale Online ext4 Metadata Check Snapshots...
Jun 10 15:00:50 opencca-rock5b-rk3588 systemd[1]: getty-static.service - getty on tty2-tty6 if dbus and logind are not available was skipped because of an unmet condition check (ConditionPathExists=!/usr/bin/dbus-daemon).
Jun 10 15:00:50 opencca-rock5b-rk3588 systemd[1]: Started guest-pull-snapshotter.service - Guest-pull snapshotter.
Jun 10 15:00:50 opencca-rock5b-rk3588 systemd[1]: regen-openssh-keys.service - Regenerate OpenSSH Host Keys was skipped because of an unmet condition check (ConditionPathExistsGlob=!/etc/ssh/ssh_host_*_key).
Jun 10 15:00:50 opencca-rock5b-rk3588 systemd[1]: sshd-keygen.service - Generate sshd host keys on first boot was skipped because of an unmet condition check (ConditionFirstBoot=yes).
Jun 10 15:00:50 opencca-rock5b-rk3588 systemd[1]: Starting ssh.service - OpenBSD Secure Shell server...
Jun 10 15:00:50 opencca-rock5b-rk3588 systemd[1]: Starting systemd-logind.service - User Login Management...
Jun 10 15:00:50 opencca-rock5b-rk3588 systemd[1]: systemd-pcrphase.service - TPM PCR Barrier (User) was skipped because of an unmet condition check (ConditionSecurity=measured-uki).
Jun 10 15:00:50 opencca-rock5b-rk3588 systemd[1]: Starting systemd-user-sessions.service - Permit User Sessions...
Jun 10 15:00:51 opencca-rock5b-rk3588 sshd[349]: Server listening on 0.0.0.0 port 22.
Jun 10 15:00:50 opencca-rock5b-rk3588 systemd[1]: Finished systemd-user-sessions.service - Permit User Sessions.
Jun 10 15:00:50 opencca-rock5b-rk3588 systemd[1]: Started getty@tty1.service - Getty on tty1.
Jun 10 15:00:50 opencca-rock5b-rk3588 systemd[1]: Started serial-getty@ttyS2.service - Serial Getty on ttyS2.
Jun 10 15:00:50 opencca-rock5b-rk3588 systemd[1]: Reached target getty.target - Login Prompts.
Jun 10 15:00:51 opencca-rock5b-rk3588 systemd-logind[337]: New seat seat0.
Jun 10 15:00:51 opencca-rock5b-rk3588 systemd-logind[337]: Watching system buttons on /dev/input/event1 (rk805 pwrkey)
Jun 10 15:00:51 opencca-rock5b-rk3588 systemd[1]: Started systemd-logind.service - User Login Management.
Jun 10 15:00:51 opencca-rock5b-rk3588 systemd[1]: alsa-state.service - Manage Sound Card State (restore and store) was skipped because of an unmet condition check (ConditionPathExists=/etc/alsa/state-daemon.conf).
Jun 10 15:00:51 opencca-rock5b-rk3588 systemd[1]: Starting alsa-restore.service - Save/Restore Sound Card State...
Jun 10 15:00:51 opencca-rock5b-rk3588 systemd-timesyncd[204]: Network configuration changed, trying to establish connection.
Jun 10 15:00:51 opencca-rock5b-rk3588 systemd[1]: Starting systemd-rfkill.service - Load/Save RF Kill Switch Status...
Jun 10 15:00:51 opencca-rock5b-rk3588 systemd[1]: Started ssh.service - OpenBSD Secure Shell server.
Jun 10 15:00:51 opencca-rock5b-rk3588 systemd[1]: Finished alsa-restore.service - Save/Restore Sound Card State.
Jun 10 15:00:51 opencca-rock5b-rk3588 systemd[1]: Reached target sound.target - Sound Card.
Jun 10 15:00:51 opencca-rock5b-rk3588 systemd-timesyncd[204]: Network configuration changed, trying to establish connection.
Jun 10 15:00:51 opencca-rock5b-rk3588 systemd[1]: Started systemd-rfkill.service - Load/Save RF Kill Switch Status.
Jun 10 15:00:51 opencca-rock5b-rk3588 systemd[1]: Started dbus.service - D-Bus System Message Bus.
Jun 10 15:00:51 opencca-rock5b-rk3588 systemd[1]: Starting containerd.service - containerd container runtime...
Jun 10 15:00:51 opencca-rock5b-rk3588 dbus-daemon[333]: [system] Activating systemd to hand-off: service name='org.freedesktop.hostname1' unit='dbus-org.freedesktop.hostname1.service' requested by ':1.2' (uid=998 pid=250 comm="/usr/lib/systemd/systemd-networkd")
Jun 10 15:00:51 opencca-rock5b-rk3588 dbus-daemon[333]: [system] Successfully activated service 'org.freedesktop.systemd1'
Jun 10 15:00:51 opencca-rock5b-rk3588 systemd[1]: Starting systemd-hostnamed.service - Hostname Service...
Jun 10 15:00:51 opencca-rock5b-rk3588 systemd[1]: Started systemd-hostnamed.service - Hostname Service.
Jun 10 15:00:51 opencca-rock5b-rk3588 dbus-daemon[333]: [system] Successfully activated service 'org.freedesktop.hostname1'
Jun 10 15:00:51 opencca-rock5b-rk3588 systemd-networkd[250]: Could not set hostname: Access denied
Jun 10 15:00:52 opencca-rock5b-rk3588 containerd-guest-pull-grpc[335]: {"level":"info","msg":"starting gRPC server on \"/run/containerd-guest-pull-grpc/containerd-guest-pull-grpc.sock\"","time":"2026-06-10T15:00:52.594245133Z"}
Jun 10 15:00:55 opencca-rock5b-rk3588 containerd[373]: time="2026-06-10T15:00:55.447332467Z" level=info msg="starting containerd" revision="1.7.24~ds1-6+deb13u1" version="1.7.24~ds1"
Jun 10 15:00:55 opencca-rock5b-rk3588 containerd[373]: time="2026-06-10T15:00:55.607236384Z" level=info msg="loading plugin \"io.containerd.event.v1.exchange\"..." type=io.containerd.event.v1
Jun 10 15:00:55 opencca-rock5b-rk3588 containerd[373]: time="2026-06-10T15:00:55.607400009Z" level=info msg="loading plugin \"io.containerd.internal.v1.opt\"..." type=io.containerd.internal.v1
Jun 10 15:00:55 opencca-rock5b-rk3588 containerd[373]: time="2026-06-10T15:00:55.607535634Z" level=warning msg="failed to load plugin io.containerd.internal.v1.opt" error="mkdir /usr/bin/containerd: not a directory"
Jun 10 15:00:55 opencca-rock5b-rk3588 containerd[373]: time="2026-06-10T15:00:55.607584342Z" level=info msg="loading plugin \"io.containerd.warning.v1.deprecations\"..." type=io.containerd.warning.v1
Jun 10 15:00:55 opencca-rock5b-rk3588 containerd[373]: time="2026-06-10T15:00:55.607632759Z" level=info msg="loading plugin \"io.containerd.snapshotter.v1.blockfile\"..." type=io.containerd.snapshotter.v1
Jun 10 15:00:55 opencca-rock5b-rk3588 containerd[373]: time="2026-06-10T15:00:55.614472634Z" level=info msg="skip loading plugin \"io.containerd.snapshotter.v1.blockfile\"..." error="no scratch file generator: skip plugin" type=io.containerd.snapshotter.v1
Jun 10 15:00:55 opencca-rock5b-rk3588 containerd[373]: time="2026-06-10T15:00:55.614535926Z" level=info msg="loading plugin \"io.containerd.snapshotter.v1.btrfs\"..." type=io.containerd.snapshotter.v1
Jun 10 15:00:55 opencca-rock5b-rk3588 containerd[373]: time="2026-06-10T15:00:55.614994426Z" level=info msg="skip loading plugin \"io.containerd.snapshotter.v1.btrfs\"..." error="path /var/lib/containerd/io.containerd.snapshotter.v1.btrfs (ext4) must be a btrfs filesystem to be used with the btrfs snapshotter: skip plugin" type=io.containerd.snapshotter.v1
Jun 10 15:00:55 opencca-rock5b-rk3588 containerd[373]: time="2026-06-10T15:00:55.615054509Z" level=info msg="loading plugin \"io.containerd.snapshotter.v1.devmapper\"..." type=io.containerd.snapshotter.v1
Jun 10 15:00:55 opencca-rock5b-rk3588 containerd[373]: time="2026-06-10T15:00:55.615164467Z" level=info msg="skip loading plugin \"io.containerd.snapshotter.v1.devmapper\"..." error="devmapper not configured: skip plugin" type=io.containerd.snapshotter.v1
Jun 10 15:00:55 opencca-rock5b-rk3588 containerd[373]: time="2026-06-10T15:00:55.615207342Z" level=info msg="loading plugin \"io.containerd.snapshotter.v1.native\"..." type=io.containerd.snapshotter.v1
Jun 10 15:00:55 opencca-rock5b-rk3588 containerd[373]: time="2026-06-10T15:00:55.616124634Z" level=info msg="loading plugin \"io.containerd.snapshotter.v1.overlayfs\"..." type=io.containerd.snapshotter.v1
Jun 10 15:00:55 opencca-rock5b-rk3588 containerd[373]: time="2026-06-10T15:00:55.617392801Z" level=info msg="loading plugin \"io.containerd.snapshotter.v1.aufs\"..." type=io.containerd.snapshotter.v1
Jun 10 15:00:55 opencca-rock5b-rk3588 containerd[373]: time="2026-06-10T15:00:55.633347259Z" level=info msg="skip loading plugin \"io.containerd.snapshotter.v1.aufs\"..." error="aufs is not supported (modprobe aufs failed: exit status 1 \"modprobe: FATAL: Module aufs not found in directory /lib/modules/6.12.0-opencca-wip\\n\"): skip plugin" type=io.containerd.snapshotter.v1
Jun 10 15:00:55 opencca-rock5b-rk3588 containerd[373]: time="2026-06-10T15:00:55.633464509Z" level=info msg="loading plugin \"io.containerd.snapshotter.v1.zfs\"..." type=io.containerd.snapshotter.v1
Jun 10 15:00:55 opencca-rock5b-rk3588 containerd[373]: time="2026-06-10T15:00:55.634980592Z" level=info msg="skip loading plugin \"io.containerd.snapshotter.v1.zfs\"..." error="path /var/lib/containerd/io.containerd.snapshotter.v1.zfs must be a zfs filesystem to be used with the zfs snapshotter: skip plugin" type=io.containerd.snapshotter.v1
Jun 10 15:00:55 opencca-rock5b-rk3588 containerd[373]: time="2026-06-10T15:00:55.635236676Z" level=info msg="loading plugin \"io.containerd.content.v1.content\"..." type=io.containerd.content.v1
Jun 10 15:00:55 opencca-rock5b-rk3588 containerd[373]: time="2026-06-10T15:00:55.635564801Z" level=info msg="loading plugin \"io.containerd.snapshotter.v1.guest-pull\"..." type=io.containerd.snapshotter.v1
Jun 10 15:00:55 opencca-rock5b-rk3588 containerd[373]: time="2026-06-10T15:00:55.651823176Z" level=info msg="loading plugin \"io.containerd.metadata.v1.bolt\"..." type=io.containerd.metadata.v1
Jun 10 15:00:55 opencca-rock5b-rk3588 containerd[373]: time="2026-06-10T15:00:55.652141676Z" level=info msg="metadata content store policy set" policy=shared
Jun 10 15:00:55 opencca-rock5b-rk3588 containerd[373]: time="2026-06-10T15:00:55.721488634Z" level=info msg="loading plugin \"io.containerd.gc.v1.scheduler\"..." type=io.containerd.gc.v1
Jun 10 15:00:55 opencca-rock5b-rk3588 containerd[373]: time="2026-06-10T15:00:55.721750551Z" level=info msg="loading plugin \"io.containerd.differ.v1.walking\"..." type=io.containerd.differ.v1
Jun 10 15:00:55 opencca-rock5b-rk3588 containerd[373]: time="2026-06-10T15:00:55.721818801Z" level=info msg="loading plugin \"io.containerd.lease.v1.manager\"..." type=io.containerd.lease.v1
Jun 10 15:00:55 opencca-rock5b-rk3588 containerd[373]: time="2026-06-10T15:00:55.721882967Z" level=info msg="loading plugin \"io.containerd.streaming.v1.manager\"..." type=io.containerd.streaming.v1
Jun 10 15:00:55 opencca-rock5b-rk3588 containerd[373]: time="2026-06-10T15:00:55.721959092Z" level=info msg="loading plugin \"io.containerd.runtime.v1.linux\"..." type=io.containerd.runtime.v1
Jun 10 15:00:55 opencca-rock5b-rk3588 containerd[373]: time="2026-06-10T15:00:55.722246676Z" level=info msg="loading plugin \"io.containerd.monitor.v1.cgroups\"..." type=io.containerd.monitor.v1
Jun 10 15:00:55 opencca-rock5b-rk3588 containerd[373]: time="2026-06-10T15:00:55.722972926Z" level=info msg="loading plugin \"io.containerd.runtime.v2.task\"..." type=io.containerd.runtime.v2
Jun 10 15:00:55 opencca-rock5b-rk3588 containerd[373]: time="2026-06-10T15:00:55.723195467Z" level=info msg="loading plugin \"io.containerd.runtime.v2.shim\"..." type=io.containerd.runtime.v2
Jun 10 15:00:55 opencca-rock5b-rk3588 containerd[373]: time="2026-06-10T15:00:55.723253217Z" level=info msg="loading plugin \"io.containerd.sandbox.store.v1.local\"..." type=io.containerd.sandbox.store.v1
Jun 10 15:00:55 opencca-rock5b-rk3588 containerd[373]: time="2026-06-10T15:00:55.723301634Z" level=info msg="loading plugin \"io.containerd.sandbox.controller.v1.local\"..." type=io.containerd.sandbox.controller.v1
Jun 10 15:00:55 opencca-rock5b-rk3588 containerd[373]: time="2026-06-10T15:00:55.723364051Z" level=info msg="loading plugin \"io.containerd.service.v1.containers-service\"..." type=io.containerd.service.v1
Jun 10 15:00:55 opencca-rock5b-rk3588 containerd[373]: time="2026-06-10T15:00:55.723417426Z" level=info msg="loading plugin \"io.containerd.service.v1.content-service\"..." type=io.containerd.service.v1
Jun 10 15:00:55 opencca-rock5b-rk3588 containerd[373]: time="2026-06-10T15:00:55.723466717Z" level=info msg="loading plugin \"io.containerd.service.v1.diff-service\"..." type=io.containerd.service.v1
Jun 10 15:00:55 opencca-rock5b-rk3588 containerd[373]: time="2026-06-10T15:00:55.723537884Z" level=info msg="loading plugin \"io.containerd.service.v1.images-service\"..." type=io.containerd.service.v1
Jun 10 15:00:55 opencca-rock5b-rk3588 containerd[373]: time="2026-06-10T15:00:55.723593592Z" level=info msg="loading plugin \"io.containerd.service.v1.introspection-service\"..." type=io.containerd.service.v1
Jun 10 15:00:55 opencca-rock5b-rk3588 containerd[373]: time="2026-06-10T15:00:55.723644051Z" level=info msg="loading plugin \"io.containerd.service.v1.namespaces-service\"..." type=io.containerd.service.v1
Jun 10 15:00:55 opencca-rock5b-rk3588 containerd[373]: time="2026-06-10T15:00:55.723691592Z" level=info msg="loading plugin \"io.containerd.service.v1.snapshots-service\"..." type=io.containerd.service.v1
Jun 10 15:00:55 opencca-rock5b-rk3588 containerd[373]: time="2026-06-10T15:00:55.723736801Z" level=info msg="loading plugin \"io.containerd.service.v1.tasks-service\"..." type=io.containerd.service.v1
Jun 10 15:00:55 opencca-rock5b-rk3588 containerd[373]: time="2026-06-10T15:00:55.723813217Z" level=debug msg="No blockio config file specified, blockio not configured"
Jun 10 15:00:55 opencca-rock5b-rk3588 containerd[373]: time="2026-06-10T15:00:55.723837717Z" level=debug msg="No RDT config file specified, RDT not configured"
Jun 10 15:00:55 opencca-rock5b-rk3588 containerd[373]: time="2026-06-10T15:00:55.723880301Z" level=info msg="loading plugin \"io.containerd.grpc.v1.containers\"..." type=io.containerd.grpc.v1
Jun 10 15:00:55 opencca-rock5b-rk3588 containerd[373]: time="2026-06-10T15:00:55.728602967Z" level=info msg="loading plugin \"io.containerd.grpc.v1.content\"..." type=io.containerd.grpc.v1
Jun 10 15:00:55 opencca-rock5b-rk3588 containerd[373]: time="2026-06-10T15:00:55.728671217Z" level=info msg="loading plugin \"io.containerd.grpc.v1.diff\"..." type=io.containerd.grpc.v1
Jun 10 15:00:55 opencca-rock5b-rk3588 containerd[373]: time="2026-06-10T15:00:55.728723134Z" level=info msg="loading plugin \"io.containerd.grpc.v1.events\"..." type=io.containerd.grpc.v1
Jun 10 15:00:55 opencca-rock5b-rk3588 containerd[373]: time="2026-06-10T15:00:55.728769801Z" level=info msg="loading plugin \"io.containerd.grpc.v1.images\"..." type=io.containerd.grpc.v1
Jun 10 15:00:55 opencca-rock5b-rk3588 containerd[373]: time="2026-06-10T15:00:55.728820842Z" level=info msg="loading plugin \"io.containerd.grpc.v1.introspection\"..." type=io.containerd.grpc.v1
Jun 10 15:00:55 opencca-rock5b-rk3588 containerd[373]: time="2026-06-10T15:00:55.728867801Z" level=info msg="loading plugin \"io.containerd.grpc.v1.leases\"..." type=io.containerd.grpc.v1
Jun 10 15:00:55 opencca-rock5b-rk3588 containerd[373]: time="2026-06-10T15:00:55.728927592Z" level=info msg="loading plugin \"io.containerd.grpc.v1.namespaces\"..." type=io.containerd.grpc.v1
Jun 10 15:00:55 opencca-rock5b-rk3588 containerd[373]: time="2026-06-10T15:00:55.728979217Z" level=info msg="loading plugin \"io.containerd.grpc.v1.sandbox-controllers\"..." type=io.containerd.grpc.v1
Jun 10 15:00:55 opencca-rock5b-rk3588 containerd[373]: time="2026-06-10T15:00:55.729042217Z" level=info msg="loading plugin \"io.containerd.grpc.v1.sandboxes\"..." type=io.containerd.grpc.v1
